"Row 3 is invalid: Ip address can't be blank (Value: nil)."
"Row 37 is invalid: Ip address is not a valid IPv4 address (Value: \"not your IP address\")."
"Row 41 is invalid: Country code can't be blank (Value: nil).. Country can't be blank (Value: nil)."
"Row 49 is invalid: Latitude can't be blank (Value: nil).. Longitude can't be blank (Value: nil)."
"Row 45 is invalid: Ip address has already been taken (Value: \"85.68.71.24\")."
"Row 52 is invalid: Country code can't be blank (Value: nil).. Country can't be blank (Value: nil)."
"Row 53 is invalid: Ip address is not a valid IPv4 address (Value: \"not your IP address\")."
"Row 63 is invalid: Latitude can't be blank (Value: nil).. Longitude can't be blank (Value: nil)."
"Row 78 is invalid: Country code can't be blank (Value: nil).. Country can't be blank (Value: nil)."
"Row 74 is invalid: Ip address has already been taken (Value: \"85.68.71.24\")."
"Row 83 is invalid: Ip address is not a valid IPv4 address (Value: \"not your IP address\")."
"Row 103 is invalid: Latitude can't be blank (Value: nil).. Longitude can't be blank (Value: nil)."
"Row 129 is invalid: Ip address can't be blank (Value: nil)."
"Row 130 is invalid: Ip address has already been taken (Value: \"85.68.71.24\")."
"Row 136 is invalid: Latitude can't be blank (Value: nil).. Longitude can't be blank (Value: nil)."
"Row 151 is invalid: Latitude can't be blank (Value: nil).. Longitude can't be blank (Value: nil)."
"Row 155 is invalid: Latitude can't be blank (Value: nil).. Longitude can't be blank (Value: nil)."
"Row 167 is invalid: Country code can't be blank (Value: nil).. Country can't be blank (Value: nil)."
"Row 188 is invalid: Latitude can't be blank (Value: nil).. Longitude can't be blank (Value: nil)."
"Row 212 is invalid: Ip address can't be blank (Value: nil)."
"Row 222 is invalid: Ip address has already been taken (Value: \"85.68.71.24\")."
"Row 230 is invalid: Ip address can't be blank (Value: nil)."
"Row 233 is invalid: Country code can't be blank (Value: nil).. Country can't be blank (Value: nil)."
"Row 234 is invalid: Ip address has already been taken (Value: \"85.68.71.24\")."
"Row 262 is invalid: Latitude is invalid (Value: nil).. Longitude is invalid (Value: nil)."
"Row 279 is invalid: Country code can't be blank (Value: nil).. Country can't be blank (Value: nil)."
"Row 284 is invalid: Ip address has already been taken (Value: \"85.68.71.24\")."
"Row 288 is invalid: Latitude can't be blank (Value: nil).. Longitude can't be blank (Value: nil)."
"Row 292 is invalid: Latitude can't be blank (Value: nil).. Longitude can't be blank (Value: nil)."
"Row 299 is invalid: Ip address can't be blank (Value: nil)."
"Row 306 is invalid: Latitude can't be blank (Value: nil).. Longitude can't be blank (Value: nil)."
"Row 307 is invalid: Latitude can't be blank (Value: nil).. Longitude can't be blank (Value: nil)."
"Row 310 is invalid: Country code can't be blank (Value: nil).. Country can't be blank (Value: nil)."
"Row 314 is invalid: Country code can't be blank (Value: nil).. Country can't be blank (Value: nil)."
"Row 316 is invalid: Latitude can't be blank (Value: nil).. Longitude can't be blank (Value: nil)."
"Row 319 is invalid: Latitude is invalid (Value: nil).. Longitude is invalid (Value: nil)."
"Row 317 is invalid: Ip address has already been taken (Value: \"85.68.71.24\")."
"Row 336 is invalid: Latitude is invalid (Value: nil).. Longitude is invalid (Value: nil)."
"Row 345 is invalid: Country code can't be blank (Value: nil).. Country can't be blank (Value: nil)."
"Row 361 is invalid: Country code can't be blank (Value: nil).. Country can't be blank (Value: nil)."
"Row 362 is invalid: Ip address has already been taken (Value: \"85.68.71.24\")."
"Row 367 is invalid: Ip address has already been taken (Value: \"85.68.71.24\")."
"Row 375 is invalid: Country code can't be blank (Value: nil).. Country can't be blank (Value: nil)."
"Row 369 is invalid: Ip address has already been taken (Value: \"85.68.71.24\")."
"Row 391 is invalid: Ip address has already been taken (Value: \"85.68.71.24\")."
"Row 394 is invalid: Ip address has already been taken (Value: \"85.68.71.24\")."
"Row 411 is invalid: Country code can't be blank (Value: nil).. Country can't be blank (Value: nil)."
"Row 414 is invalid: Latitude can't be blank (Value: nil).. Longitude can't be blank (Value: nil)."
"Row 416 is invalid: Latitude is invalid (Value: nil).. Longitude is invalid (Value: nil)."
"Row 425 is invalid: Latitude can't be blank (Value: nil).. Longitude can't be blank (Value: nil)."
"Row 427 is invalid: Country code can't be blank (Value: nil).. Country can't be blank (Value: nil)."
"Row 453 is invalid: Country code can't be blank (Value: nil).. Country can't be blank (Value: nil)."
"Row 455 is invalid: Ip address is not a valid IPv4 address (Value: \"not your IP address\")."
"Row 460 is invalid: Country code can't be blank (Value: nil).. Country can't be blank (Value: nil)."
"Row 464 is invalid: Country code can't be blank (Value: nil).. Country can't be blank (Value: nil)."
"Row 463 is invalid: Ip address has already been taken (Value: \"85.68.71.24\")."
"Row 481 is invalid: Ip address has already been taken (Value: \"85.68.71.24\")."
"Row 484 is invalid: Latitude is invalid (Value: nil).. Longitude is invalid (Value: nil)."
"Row 494 is invalid: Latitude can't be blank (Value: nil).. Longitude can't be blank (Value: nil)."
"Row 509 is invalid: Latitude is invalid (Value: nil).. Longitude is invalid (Value: nil)."
"Row 523 is invalid: Latitude is invalid (Value: nil).. Longitude is invalid (Value: nil)."
"Row 528 is invalid: Ip address can't be blank (Value: nil)."
"Row 529 is invalid: Ip address can't be blank (Value: nil)."
"Row 536 is invalid: Country code can't be blank (Value: nil).. Country can't be blank (Value: nil)."
"Row 540 is invalid: Ip address is not a valid IPv4 address (Value: \"not your IP address\")."
"Row 539 is invalid: Ip address has already been taken (Value: \"85.68.71.24\")."
"Row 572 is invalid: Ip address can't be blank (Value: nil)."
"Row 589 is invalid: Latitude can't be blank (Value: nil).. Longitude can't be blank (Value: nil)."
"Row 597 is invalid: Ip address has already been taken (Value: \"85.68.71.24\")."
"Row 619 is invalid: Ip address can't be blank (Value: nil)."
"Row 620 is invalid: Ip address has already been taken (Value: \"85.68.71.24\")."
"Row 622 is invalid: Ip address has already been taken (Value: \"85.68.71.24\")."
"Row 643 is invalid: Latitude can't be blank (Value: nil).. Longitude can't be blank (Value: nil)."
"Row 648 is invalid: Ip address has already been taken (Value: \"85.68.71.24\")."
"Row 652 is invalid: Latitude can't be blank (Value: nil).. Longitude can't be blank (Value: nil)."
"Row 653 is invalid: Ip address has already been taken (Value: \"85.68.71.24\")."
"Row 670 is invalid: Latitude can't be blank (Value: nil).. Longitude can't be blank (Value: nil)."
"Row 674 is invalid: Country code can't be blank (Value: nil).. Country can't be blank (Value: nil)."
"Row 688 is invalid: Ip address has already been taken (Value: \"85.68.71.24\")."
"Row 690 is invalid: Ip address can't be blank (Value: nil)."
"Row 699 is invalid: Ip address is not a valid IPv4 address (Value: \"not your IP address\")."
"Row 698 is invalid: Ip address has already been taken (Value: \"85.68.71.24\")."
"Row 708 is invalid: Ip address has already been taken (Value: \"85.68.71.24\")."
"Row 714 is invalid: Ip address is not a valid IPv4 address (Value: \"not your IP address\")."
"Row 715 is invalid: Ip address has already been taken (Value: \"85.68.71.24\")."
"Row 724 is invalid: Ip address has already been taken (Value: \"85.68.71.24\")."
"Row 733 is invalid: Ip address has already been taken (Value: \"85.68.71.24\")."
"Row 753 is invalid: Ip address is not a valid IPv4 address (Value: \"not your IP address\")."
"Row 757 is invalid: Latitude is invalid (Value: nil).. Longitude is invalid (Value: nil)."
"Row 762 is invalid: Ip address can't be blank (Value: nil)."
"Row 761 is invalid: Ip address has already been taken (Value: \"85.68.71.24\")."
"Row 764 is invalid: Country code can't be blank (Value: nil).. Country can't be blank (Value: nil)."
"Row 763 is invalid: Ip address has already been taken (Value: \"85.68.71.24\")."
"Row 767 is invalid: Latitude can't be blank (Value: nil).. Longitude can't be blank (Value: nil)."
"Row 772 is invalid: Country code can't be blank (Value: nil).. Country can't be blank (Value: nil)."
"Row 771 is invalid: Ip address has already been taken (Value: \"85.68.71.24\")."
"Row 774 is invalid: Ip address has already been taken (Value: \"85.68.71.24\")."
"Row 781 is invalid: Ip address has already been taken (Value: \"85.68.71.24\")."
"Row 787 is invalid: Ip address has already been taken (Value: \"85.68.71.24\")."
"Row 796 is invalid: Ip address has already been taken (Value: \"85.68.71.24\")."
"Row 800 is invalid: Country code can't be blank (Value: nil).. Country can't be blank (Value: nil)."
"Row 797 is invalid: Ip address has already been taken (Value: \"85.68.71.24\")."
"Row 819 is invalid: Latitude can't be blank (Value: nil).. Longitude can't be blank (Value: nil)."
"Row 821 is invalid: Ip address is not a valid IPv4 address (Value: \"not your IP address\")."
"Row 826 is invalid: Ip address is not a valid IPv4 address (Value: \"not your IP address\")."
"Row 831 is invalid: Ip address can't be blank (Value: nil)."
"Row 836 is invalid: Latitude is invalid (Value: nil).. Longitude is invalid (Value: nil)."
"Row 837 is invalid: Latitude is invalid (Value: nil).. Longitude is invalid (Value: nil)."
"Row 833 is invalid: Ip address has already been taken (Value: \"85.68.71.24\")."
"Row 835 is invalid: Ip address has already been taken (Value: \"85.68.71.24\")."
"Row 860 is invalid: Latitude can't be blank (Value: nil).. Longitude can't be blank (Value: nil)."
"Row 864 is invalid: Ip address has already been taken (Value: \"85.68.71.24\")."
"Row 874 is invalid: Ip address has already been taken (Value: \"85.68.71.24\")."
"Row 879 is invalid: Ip address has already been taken (Value: \"85.68.71.24\")."
"Row 898 is invalid: Ip address has already been taken (Value: \"85.68.71.24\")."
"Row 912 is invalid: Ip address can't be blank (Value: nil)."
"Row 916 is invalid: Ip address has already been taken (Value: \"85.68.71.24\")."
"Row 924 is invalid: Ip address can't be blank (Value: nil)."
"Row 928 is invalid: Country code can't be blank (Value: nil).. Country can't be blank (Value: nil)."
"Row 929 is invalid: Ip address has already been taken (Value: \"85.68.71.24\")."
"Row 935 is invalid: Ip address can't be blank (Value: nil)."
"Row 946 is invalid: Country code can't be blank (Value: nil).. Country can't be blank (Value: nil)."
"Row 944 is invalid: Ip address has already been taken (Value: \"85.68.71.24\")."
"Row 954 is invalid: Ip address is not a valid IPv4 address (Value: \"not your IP address\")."
"Row 965 is invalid: Ip address is not a valid IPv4 address (Value: \"not your IP address\")."
"Row 963 is invalid: Ip address has already been taken (Value: \"85.68.71.24\")."
"Row 976 is invalid: Ip address can't be blank (Value: nil)."
"Row 978 is invalid: Ip address has already been taken (Value: \"85.68.71.24\")."
"Row 989 is invalid: Ip address has already been taken (Value: \"85.68.71.24\")."
"Row 1031 is invalid: Ip address is not a valid IPv4 address (Value: \"not your IP address\")."
"Row 1028 is invalid: Ip address has already been taken (Value: \"85.68.71.24\")."
"Row 1026 is invalid: Ip address has already been taken (Value: \"85.68.71.24\")."
"Row 1035 is invalid: Country code can't be blank (Value: nil).. Country can't be blank (Value: nil)."
"Row 1041 is invalid: Ip address is not a valid IPv4 address (Value: \"not your IP address\")."
"Row 1043 is invalid: Latitude can't be blank (Value: nil).. Longitude can't be blank (Value: nil)."
"Row 1049 is invalid: Latitude is invalid (Value: nil).. Longitude is invalid (Value: nil)."
"Row 1047 is invalid: Ip address has already been taken (Value: \"85.68.71.24\")."
"Row 1051 is invalid: Latitude is invalid (Value: nil).. Longitude is invalid (Value: nil)."
"Row 1052 is invalid: Latitude can't be blank (Value: nil).. Longitude can't be blank (Value: nil)."
"Row 1057 is invalid: Ip address has already been taken (Value: \"85.68.71.24\")."
"Row 1066 is invalid: Latitude is invalid (Value: nil).. Longitude is invalid (Value: nil)."
"Row 1084 is invalid: Latitude can't be blank (Value: nil).. Longitude can't be blank (Value: nil)."
"Row 1089 is invalid: Latitude is invalid (Value: nil).. Longitude is invalid (Value: nil)."
"Row 1091 is invalid: Country code can't be blank (Value: nil).. Country can't be blank (Value: nil)."
"Row 1095 is invalid: Latitude is invalid (Value: nil).. Longitude is invalid (Value: nil)."
"Row 1100 is invalid: Country code can't be blank (Value: nil).. Country can't be blank (Value: nil)."
"Row 1122 is invalid: Country code can't be blank (Value: nil).. Country can't be blank (Value: nil)."
"Row 1129 is invalid: Ip address is not a valid IPv4 address (Value: \"not your IP address\")."
"Row 1130 is invalid: Ip address is not a valid IPv4 address (Value: \"not your IP address\")."
"Row 1140 is invalid: Latitude can't be blank (Value: nil).. Longitude can't be blank (Value: nil)."
"Row 1149 is invalid: Country code can't be blank (Value: nil).. Country can't be blank (Value: nil)."
"Row 1151 is invalid: Ip address is not a valid IPv4 address (Value: \"not your IP address\")."
"Row 1159 is invalid: Ip address has already been taken (Value: \"85.68.71.24\")."
"Row 1162 is invalid: Ip address has already been taken (Value: \"85.68.71.24\")."
"Row 1170 is invalid: Ip address is not a valid IPv4 address (Value: \"not your IP address\")."
"Row 1173 is invalid: Ip address is not a valid IPv4 address (Value: \"not your IP address\")."
"Row 1172 is invalid: Ip address has already been taken (Value: \"85.68.71.24\")."
"Row 1175 is invalid: Ip address has already been taken (Value: \"85.68.71.24\")."
"Row 1177 is invalid: Ip address has already been taken (Value: \"85.68.71.24\")."
"Row 1195 is invalid: Ip address has already been taken (Value: \"85.68.71.24\")."
"Row 1199 is invalid: Ip address has already been taken (Value: \"85.68.71.24\")."
"Row 1210 is invalid: Ip address is not a valid IPv4 address (Value: \"not your IP address\")."
"Row 1212 is invalid: Latitude is invalid (Value: nil).. Longitude is invalid (Value: nil)."
"Row 1207 is invalid: Ip address has already been taken (Value: \"85.68.71.24\")."
"Row 1211 is invalid: Ip address has already been taken (Value: \"85.68.71.24\")."
"Row 1218 is invalid: Latitude can't be blank (Value: nil).. Longitude can't be blank (Value: nil)."
"Row 1226 is invalid: Latitude is invalid (Value: nil).. Longitude is invalid (Value: nil)."
"Row 1222 is invalid: Ip address has already been taken (Value: \"85.68.71.24\")."
"Row 1227 is invalid: Ip address has already been taken (Value: \"85.68.71.24\")."
"Row 1232 is invalid: Ip address has already been taken (Value: \"85.68.71.24\")."
"Row 1240 is invalid: Ip address has already been taken (Value: \"85.68.71.24\")."
"Row 1248 is invalid: Latitude is invalid (Value: nil).. Longitude is invalid (Value: nil)."
"Row 1244 is invalid: Ip address has already been taken (Value: \"85.68.71.24\")."
"Row 1249 is invalid: Ip address has already been taken (Value: \"85.68.71.24\")."
"Row 1259 is invalid: Ip address is not a valid IPv4 address (Value: \"not your IP address\")."
"Row 1262 is invalid: Latitude is invalid (Value: nil).. Longitude is invalid (Value: nil)."
"Row 1261 is invalid: Ip address has already been taken (Value: \"85.68.71.24\")."
"Row 1270 is invalid: Ip address has already been taken (Value: \"85.68.71.24\")."
"Row 1281 is invalid: Ip address is not a valid IPv4 address (Value: \"not your IP address\")."
"Row 1284 is invalid: Country code can't be blank (Value: nil).. Country can't be blank (Value: nil)."
"Row 1285 is invalid: Latitude is invalid (Value: nil).. Longitude is invalid (Value: nil)."
"Row 1286 is invalid: Ip address can't be blank (Value: nil)."
"Row 1294 is invalid: Ip address is not a valid IPv4 address (Value: \"not your IP address\")."
"Row 1296 is invalid: Ip address can't be blank (Value: nil)."
"Row 1306 is invalid: Ip address has already been taken (Value: \"85.68.71.24\")."
"Row 1316 is invalid: Ip address has already been taken (Value: \"85.68.71.24\")."
"Row 1323 is invalid: Latitude is invalid (Value: nil).. Longitude is invalid (Value: nil)."
"Row 1322 is invalid: Ip address has already been taken (Value: \"85.68.71.24\")."
"Row 1336 is invalid: Ip address has already been taken (Value: \"85.68.71.24\")."
"Row 1344 is invalid: Latitude is invalid (Value: nil).. Longitude is invalid (Value: nil)."
"Row 1353 is invalid: Ip address has already been taken (Value: \"85.68.71.24\")."
"Row 1388 is invalid: Ip address has already been taken (Value: \"85.68.71.24\")."
"Row 1390 is invalid: Ip address has already been taken (Value: \"85.68.71.24\")."
"Row 1396 is invalid: Ip address can't be blank (Value: nil)."
"Row 1411 is invalid: Ip address can't be blank (Value: nil)."
"Row 1415 is invalid: Ip address is not a valid IPv4 address (Value: \"not your IP address\")."
"Row 1419 is invalid: Latitude can't be blank (Value: nil).. Longitude can't be blank (Value: nil)."
"Row 1436 is invalid: Country code can't be blank (Value: nil).. Country can't be blank (Value: nil)."
"Row 1441 is invalid: Ip address can't be blank (Value: nil)."
"Row 1444 is invalid: Country code can't be blank (Value: nil).. Country can't be blank (Value: nil)."
"Row 1465 is invalid: Ip address is not a valid IPv4 address (Value: \"not your IP address\")."
"Row 1472 is invalid: Latitude is invalid (Value: nil).. Longitude is invalid (Value: nil)."
"Row 1471 is invalid: Ip address has already been taken (Value: \"85.68.71.24\")."
"Row 1475 is invalid: Ip address can't be blank (Value: nil)."
"Row 1486 is invalid: Ip address has already been taken (Value: \"85.68.71.24\")."
"Row 1505 is invalid: Latitude is invalid (Value: nil).. Longitude is invalid (Value: nil)."
"Row 1538 is invalid: Country code can't be blank (Value: nil).. Country can't be blank (Value: nil)."
"Row 1541 is invalid: Ip address has already been taken (Value: \"85.68.71.24\")."
"Row 1546 is invalid: Ip address has already been taken (Value: \"85.68.71.24\")."
"Row 1550 is invalid: Latitude is invalid (Value: nil).. Longitude is invalid (Value: nil)."
"Row 1552 is invalid: Ip address has already been taken (Value: \"85.68.71.24\")."
"Row 1553 is invalid: Ip address has already been taken (Value: \"85.68.71.24\")."
"Row 1562 is invalid: Ip address can't be blank (Value: nil)."
"Row 1565 is invalid: Ip address can't be blank (Value: nil)."
"Row 1567 is invalid: Ip address can't be blank (Value: nil)."
"Row 1568 is invalid: Latitude is invalid (Value: nil).. Longitude is invalid (Value: nil)."
"Row 1577 is invalid: Ip address has already been taken (Value: \"85.68.71.24\")."
"Row 1585 is invalid: Latitude is invalid (Value: nil).. Longitude is invalid (Value: nil)."
"Row 1586 is invalid: Ip address is not a valid IPv4 address (Value: \"not your IP address\")."
"Row 1596 is invalid: Ip address can't be blank (Value: nil)."
"Row 1592 is invalid: Ip address has already been taken (Value: \"85.68.71.24\")."
"Row 1615 is invalid: Ip address is not a valid IPv4 address (Value: \"not your IP address\")."
"Row 1616 is invalid: Ip address has already been taken (Value: \"85.68.71.24\")."
"Row 1629 is invalid: Ip address is not a valid IPv4 address (Value: \"not your IP address\")."
"Row 1633 is invalid: Ip address has already been taken (Value: \"85.68.71.24\")."
"Row 1640 is invalid: Ip address has already been taken (Value: \"85.68.71.24\")."
"Row 1651 is invalid: Ip address has already been taken (Value: \"85.68.71.24\")."
"Row 1649 is invalid: Ip address has already been taken (Value: \"85.68.71.24\")."
"Row 1660 is invalid: Ip address can't be blank (Value: nil)."
"Row 1662 is invalid: Ip address can't be blank (Value: nil)."
"Row 1680 is invalid: Ip address has already been taken (Value: \"85.68.71.24\")."
"Row 1704 is invalid: Latitude is invalid (Value: nil).. Longitude is invalid (Value: nil)."
"Row 1708 is invalid: Ip address has already been taken (Value: \"85.68.71.24\")."
"Row 1711 is invalid: Ip address is not a valid IPv4 address (Value: \"not your IP address\")."
"Row 1720 is invalid: Ip address has already been taken (Value: \"85.68.71.24\")."
"Row 1736 is invalid: Ip address can't be blank (Value: nil)."
"Row 1745 is invalid: Latitude is invalid (Value: nil).. Longitude is invalid (Value: nil)."
"Row 1747 is invalid: Ip address can't be blank (Value: nil)."
"Row 1748 is invalid: Country code can't be blank (Value: nil).. Country can't be blank (Value: nil)."
"Row 1761 is invalid: Ip address is not a valid IPv4 address (Value: \"not your IP address\")."
"Row 1771 is invalid: Country code can't be blank (Value: nil).. Country can't be blank (Value: nil)."
"Row 1773 is invalid: Country code can't be blank (Value: nil).. Country can't be blank (Value: nil)."
"Row 1786 is invalid: Ip address can't be blank (Value: nil)."
"Row 1806 is invalid: Latitude is invalid (Value: nil).. Longitude is invalid (Value: nil)."
"Row 1809 is invalid: Ip address has already been taken (Value: \"85.68.71.24\")."
"Row 1810 is invalid: Ip address has already been taken (Value: \"85.68.71.24\")."
"Row 1821 is invalid: Latitude is invalid (Value: nil).. Longitude is invalid (Value: nil)."
"Row 1828 is invalid: Country code can't be blank (Value: nil).. Country can't be blank (Value: nil)."
"Row 1838 is invalid: Ip address has already been taken (Value: \"85.68.71.24\")."
"Row 1850 is invalid: Ip address has already been taken (Value: \"85.68.71.24\")."
"Row 1852 is invalid: Ip address is not a valid IPv4 address (Value: \"not your IP address\")."
"Row 1853 is invalid: Latitude can't be blank (Value: nil).. Longitude can't be blank (Value: nil)."
"Row 1862 is invalid: Ip address has already been taken (Value: \"85.68.71.24\")."
"Row 1867 is invalid: Latitude can't be blank (Value: nil).. Longitude can't be blank (Value: nil)."
"Row 1871 is invalid: Latitude can't be blank (Value: nil).. Longitude can't be blank (Value: nil)."
"Row 1873 is invalid: Ip address has already been taken (Value: \"85.68.71.24\")."
"Row 1870 is invalid: Ip address has already been taken (Value: \"85.68.71.24\")."
"Row 1874 is invalid: Ip address has already been taken (Value: \"85.68.71.24\")."
"Row 1875 is invalid: Latitude is invalid (Value: nil).. Longitude is invalid (Value: nil)."
"Row 1878 is invalid: Ip address has already been taken (Value: \"85.68.71.24\")."
"Row 1881 is invalid: Ip address has already been taken (Value: \"85.68.71.24\")."
"Row 1889 is invalid: Country code can't be blank (Value: nil).. Country can't be blank (Value: nil)."
"Row 1895 is invalid: Latitude can't be blank (Value: nil).. Longitude can't be blank (Value: nil)."
"Row 1888 is invalid: Ip address has already been taken (Value: \"85.68.71.24\")."
"Row 1903 is invalid: Country code can't be blank (Value: nil).. Country can't be blank (Value: nil)."
"Row 1901 is invalid: Ip address has already been taken (Value: \"85.68.71.24\")."
"Row 1913 is invalid: Latitude can't be blank (Value: nil).. Longitude can't be blank (Value: nil)."
"Row 1911 is invalid: Ip address has already been taken (Value: \"85.68.71.24\")."
"Row 1916 is invalid: Country code can't be blank (Value: nil).. Country can't be blank (Value: nil)."
"Row 1927 is invalid: Latitude can't be blank (Value: nil).. Longitude can't be blank (Value: nil)."
"Row 1928 is invalid: Latitude is invalid (Value: nil).. Longitude is invalid (Value: nil)."
"Row 1942 is invalid: Country code can't be blank (Value: nil).. Country can't be blank (Value: nil)."
"Row 1943 is invalid: Ip address has already been taken (Value: \"85.68.71.24\")."
"Row 1946 is invalid: Ip address can't be blank (Value: nil)."
"Row 1960 is invalid: Country code can't be blank (Value: nil).. Country can't be blank (Value: nil)."
"Row 1979 is invalid: Latitude can't be blank (Value: nil).. Longitude can't be blank (Value: nil)."
"Row 1982 is invalid: Latitude is invalid (Value: nil).. Longitude is invalid (Value: nil)."
"Row 1983 is invalid: Country code can't be blank (Value: nil).. Country can't be blank (Value: nil)."
"Row 2004 is invalid: Ip address has already been taken (Value: \"85.68.71.24\")."
"Row 2023 is invalid: Ip address has already been taken (Value: \"85.68.71.24\")."
"Row 2027 is invalid: Ip address is not a valid IPv4 address (Value: \"not your IP address\")."
"Row 2028 is invalid: Country code can't be blank (Value: nil).. Country can't be blank (Value: nil)."
"Row 2025 is invalid: Ip address has already been taken (Value: \"85.68.71.24\")."
"Row 2029 is invalid: Latitude can't be blank (Value: nil).. Longitude can't be blank (Value: nil)."
"Row 2048 is invalid: Latitude is invalid (Value: nil).. Longitude is invalid (Value: nil)."
"Row 2052 is invalid: Ip address has already been taken (Value: \"85.68.71.24\")."
"Row 2061 is invalid: Ip address has already been taken (Value: \"85.68.71.24\")."
"Row 2081 is invalid: Latitude can't be blank (Value: nil).. Longitude can't be blank (Value: nil)."
"Row 2091 is invalid: Latitude can't be blank (Value: nil).. Longitude can't be blank (Value: nil)."
"Row 2090 is invalid: Ip address has already been taken (Value: \"85.68.71.24\")."
"Row 2107 is invalid: Ip address has already been taken (Value: \"85.68.71.24\")."
"Row 2111 is invalid: Ip address can't be blank (Value: nil)."
"Row 2119 is invalid: Latitude can't be blank (Value: nil).. Longitude can't be blank (Value: nil)."
"Row 2125 is invalid: Ip address is not a valid IPv4 address (Value: \"not your IP address\")."
"Row 2132 is invalid: Ip address can't be blank (Value: nil)."
"Row 2136 is invalid: Country code can't be blank (Value: nil).. Country can't be blank (Value: nil)."
"Row 2139 is invalid: Ip address can't be blank (Value: nil)."
"Row 2151 is invalid: Ip address is not a valid IPv4 address (Value: \"not your IP address\")."
"Row 2156 is invalid: Ip address is not a valid IPv4 address (Value: \"not your IP address\")."
"Row 2159 is invalid: Latitude can't be blank (Value: nil).. Longitude can't be blank (Value: nil)."
"Row 2154 is invalid: Ip address has already been taken (Value: \"85.68.71.24\")."
"Row 2162 is invalid: Ip address has already been taken (Value: \"85.68.71.24\")."
"Row 2171 is invalid: Ip address is not a valid IPv4 address (Value: \"not your IP address\")."
"Row 2174 is invalid: Ip address is not a valid IPv4 address (Value: \"not your IP address\")."
"Row 2181 is invalid: Ip address has already been taken (Value: \"85.68.71.24\")."
"Row 2183 is invalid: Ip address is not a valid IPv4 address (Value: \"not your IP address\")."
"Row 2186 is invalid: Country code can't be blank (Value: nil).. Country can't be blank (Value: nil)."
"Row 2190 is invalid: Ip address is not a valid IPv4 address (Value: \"not your IP address\")."
"Row 2213 is invalid: Ip address is not a valid IPv4 address (Value: \"not your IP address\")."
"Row 2234 is invalid: Country code can't be blank (Value: nil).. Country can't be blank (Value: nil)."
"Row 2241 is invalid: Ip address is not a valid IPv4 address (Value: \"not your IP address\")."
"Row 2244 is invalid: Latitude is invalid (Value: nil).. Longitude is invalid (Value: nil)."
"Row 2249 is invalid: Latitude is invalid (Value: nil).. Longitude is invalid (Value: nil)."
"Row 2268 is invalid: Ip address has already been taken (Value: \"85.68.71.24\")."
"Row 2269 is invalid: Ip address is not a valid IPv4 address (Value: \"not your IP address\")."
"Row 2282 is invalid: Ip address has already been taken (Value: \"85.68.71.24\")."
"Row 2284 is invalid: Ip address has already been taken (Value: \"85.68.71.24\")."
"Row 2289 is invalid: Ip address has already been taken (Value: \"85.68.71.24\")."
"Row 2294 is invalid: Latitude can't be blank (Value: nil).. Longitude can't be blank (Value: nil)."
"Row 2303 is invalid: Ip address has already been taken (Value: \"85.68.71.24\")."
"Row 2308 is invalid: Latitude can't be blank (Value: nil).. Longitude can't be blank (Value: nil)."
"Row 2310 is invalid: Country code can't be blank (Value: nil).. Country can't be blank (Value: nil)."
"Row 2315 is invalid: Latitude can't be blank (Value: nil).. Longitude can't be blank (Value: nil)."
"Row 2316 is invalid: Latitude can't be blank (Value: nil).. Longitude can't be blank (Value: nil)."
"Row 2318 is invalid: Latitude is invalid (Value: nil).. Longitude is invalid (Value: nil)."
"Row 2321 is invalid: Ip address has already been taken (Value: \"85.68.71.24\")."
"Row 2330 is invalid: Ip address has already been taken (Value: \"85.68.71.24\")."
"Row 2332 is invalid: Ip address has already been taken (Value: \"85.68.71.24\")."
"Row 2339 is invalid: Ip address can't be blank (Value: nil)."
"Row 2336 is invalid: Ip address has already been taken (Value: \"85.68.71.24\")."
"Row 2343 is invalid: Ip address is not a valid IPv4 address (Value: \"not your IP address\")."
"Row 2344 is invalid: Country code can't be blank (Value: nil).. Country can't be blank (Value: nil)."
"Row 2354 is invalid: Ip address has already been taken (Value: \"85.68.71.24\")."
"Row 2358 is invalid: Ip address can't be blank (Value: nil)."
"Row 2362 is invalid: Ip address is not a valid IPv4 address (Value: \"not your IP address\")."
"Row 2399 is invalid: Ip address can't be blank (Value: nil)."
"Row 2396 is invalid: Ip address has already been taken (Value: \"85.68.71.24\")."
"Row 2400 is invalid: Ip address is not a valid IPv4 address (Value: \"not your IP address\")."
"Row 2409 is invalid: Latitude can't be blank (Value: nil).. Longitude can't be blank (Value: nil)."
"Row 2411 is invalid: Latitude can't be blank (Value: nil).. Longitude can't be blank (Value: nil)."
"Row 2412 is invalid: Country code can't be blank (Value: nil).. Country can't be blank (Value: nil)."
"Row 2421 is invalid: Latitude is invalid (Value: nil).. Longitude is invalid (Value: nil)."
"Row 2438 is invalid: Latitude is invalid (Value: nil).. Longitude is invalid (Value: nil)."
"Row 2444 is invalid: Ip address has already been taken (Value: \"85.68.71.24\")."
"Row 2450 is invalid: Ip address can't be blank (Value: nil)."
"Row 2453 is invalid: Latitude is invalid (Value: nil).. Longitude is invalid (Value: nil)."
"Row 2454 is invalid: Ip address has already been taken (Value: \"85.68.71.24\")."
"Row 2455 is invalid: Ip address has already been taken (Value: \"85.68.71.24\")."
"Row 2466 is invalid: Latitude can't be blank (Value: nil).. Longitude can't be blank (Value: nil)."
"Row 2467 is invalid: Ip address is not a valid IPv4 address (Value: \"not your IP address\")."
"Row 2478 is invalid: Country code can't be blank (Value: nil).. Country can't be blank (Value: nil)."
"Row 2480 is invalid: Ip address has already been taken (Value: \"85.68.71.24\")."
"Row 2483 is invalid: Ip address has already been taken (Value: \"85.68.71.24\")."
"Row 2484 is invalid: Ip address has already been taken (Value: \"85.68.71.24\")."
"Row 2492 is invalid: Ip address is not a valid IPv4 address (Value: \"not your IP address\")."
"Row 2498 is invalid: Country code can't be blank (Value: nil).. Country can't be blank (Value: nil)."
"Row 2497 is invalid: Ip address has already been taken (Value: \"85.68.71.24\")."
"Row 2503 is invalid: Ip address has already been taken (Value: \"85.68.71.24\")."
"Row 2507 is invalid: Ip address has already been taken (Value: \"85.68.71.24\")."
"Row 2511 is invalid: Ip address has already been taken (Value: \"85.68.71.24\")."
"Row 2522 is invalid: Country code can't be blank (Value: nil).. Country can't be blank (Value: nil)."
"Row 2526 is invalid: Ip address can't be blank (Value: nil)."
"Row 2529 is invalid: Latitude can't be blank (Value: nil).. Longitude can't be blank (Value: nil)."
"Row 2530 is invalid: Latitude can't be blank (Value: nil).. Longitude can't be blank (Value: nil)."
"Row 2558 is invalid: Country code can't be blank (Value: nil).. Country can't be blank (Value: nil)."
"Row 2563 is invalid: Country code can't be blank (Value: nil).. Country can't be blank (Value: nil)."
"Row 2564 is invalid: Latitude is invalid (Value: nil).. Longitude is invalid (Value: nil)."
"Row 2565 is invalid: Ip address is not a valid IPv4 address (Value: \"not your IP address\")."
"Row 2567 is invalid: Country code can't be blank (Value: nil).. Country can't be blank (Value: nil)."
"Row 2592 is invalid: Country code can't be blank (Value: nil).. Country can't be blank (Value: nil)."
"Row 2598 is invalid: Ip address can't be blank (Value: nil)."
"Row 2608 is invalid: Ip address has already been taken (Value: \"85.68.71.24\")."
"Row 2632 is invalid: Ip address is not a valid IPv4 address (Value: \"not your IP address\")."
"Row 2644 is invalid: Country code can't be blank (Value: nil).. Country can't be blank (Value: nil)."
"Row 2660 is invalid: Ip address can't be blank (Value: nil)."
"Row 2659 is invalid: Ip address has already been taken (Value: \"85.68.71.24\")."
"Row 2664 is invalid: Ip address can't be blank (Value: nil)."
"Row 2692 is invalid: Latitude can't be blank (Value: nil).. Longitude can't be blank (Value: nil)."
"Row 2696 is invalid: Ip address is not a valid IPv4 address (Value: \"not your IP address\")."
"Row 2706 is invalid: Country code can't be blank (Value: nil).. Country can't be blank (Value: nil)."
"Row 2709 is invalid: Ip address has already been taken (Value: \"85.68.71.24\")."
"Row 2719 is invalid: Ip address has already been taken (Value: \"85.68.71.24\")."
"Row 2739 is invalid: Ip address has already been taken (Value: \"85.68.71.24\")."
"Row 2748 is invalid: Country code can't be blank (Value: nil).. Country can't be blank (Value: nil)."
"Row 2751 is invalid: Ip address is not a valid IPv4 address (Value: \"not your IP address\")."
"Row 2754 is invalid: Ip address has already been taken (Value: \"85.68.71.24\")."
"Row 2756 is invalid: Ip address has already been taken (Value: \"85.68.71.24\")."
"Row 2779 is invalid: Latitude can't be blank (Value: nil).. Longitude can't be blank (Value: nil)."
"Row 2796 is invalid: Country code can't be blank (Value: nil).. Country can't be blank (Value: nil)."
"Row 2792 is invalid: Ip address has already been taken (Value: \"85.68.71.24\")."
"Row 2814 is invalid: Country code can't be blank (Value: nil).. Country can't be blank (Value: nil)."
"Row 2816 is invalid: Latitude is invalid (Value: nil).. Longitude is invalid (Value: nil)."
"Row 2821 is invalid: Ip address has already been taken (Value: \"85.68.71.24\")."
"Row 2836 is invalid: Ip address has already been taken (Value: \"85.68.71.24\")."
"Row 2850 is invalid: Ip address has already been taken (Value: \"85.68.71.24\")."
"Row 2858 is invalid: Ip address has already been taken (Value: \"85.68.71.24\")."
"Row 2871 is invalid: Ip address has already been taken (Value: \"85.68.71.24\")."
"Row 2875 is invalid: Latitude can't be blank (Value: nil).. Longitude can't be blank (Value: nil)."
"Row 2876 is invalid: Latitude can't be blank (Value: nil).. Longitude can't be blank (Value: nil)."
"Row 2895 is invalid: Ip address is not a valid IPv4 address (Value: \"not your IP address\")."
"Row 2898 is invalid: Ip address is not a valid IPv4 address (Value: \"not your IP address\")."
"Row 2909 is invalid: Ip address is not a valid IPv4 address (Value: \"not your IP address\")."
"Row 2920 is invalid: Latitude can't be blank (Value: nil).. Longitude can't be blank (Value: nil)."
"Row 2925 is invalid: Latitude is invalid (Value: nil).. Longitude is invalid (Value: nil)."
"Row 2922 is invalid: Ip address has already been taken (Value: \"85.68.71.24\")."
"Row 2921 is invalid: Ip address has already been taken (Value: \"85.68.71.24\")."
"Row 2930 is invalid: Ip address has already been taken (Value: \"85.68.71.24\")."
"Row 2934 is invalid: Ip address can't be blank (Value: nil)."
"Row 2933 is invalid: Ip address has already been taken (Value: \"85.68.71.24\")."
"Row 2938 is invalid: Ip address has already been taken (Value: \"85.68.71.24\")."
"Row 2942 is invalid: Latitude can't be blank (Value: nil).. Longitude can't be blank (Value: nil)."
"Row 2969 is invalid: Ip address has already been taken (Value: \"85.68.71.24\")."
"Row 2973 is invalid: Latitude can't be blank (Value: nil).. Longitude can't be blank (Value: nil)."
"Row 2978 is invalid: Country code can't be blank (Value: nil).. Country can't be blank (Value: nil)."
"Row 2980 is invalid: Country code can't be blank (Value: nil).. Country can't be blank (Value: nil)."
"Row 2985 is invalid: Country code can't be blank (Value: nil).. Country can't be blank (Value: nil)."
"Row 2989 is invalid: Ip address has already been taken (Value: \"85.68.71.24\")."
"Row 3009 is invalid: Ip address has already been taken (Value: \"85.68.71.24\")."
"Row 3012 is invalid: Ip address has already been taken (Value: \"85.68.71.24\")."
"Row 3007 is invalid: Ip address has already been taken (Value: \"85.68.71.24\")."
"Row 3016 is invalid: Ip address has already been taken (Value: \"85.68.71.24\")."
"Row 3025 is invalid: Ip address has already been taken (Value: \"85.68.71.24\")."
"Row 3035 is invalid: Ip address is not a valid IPv4 address (Value: \"not your IP address\")."
"Row 3037 is invalid: Ip address has already been taken (Value: \"85.68.71.24\")."
"Row 3047 is invalid: Latitude is invalid (Value: nil).. Longitude is invalid (Value: nil)."
"Row 3072 is invalid: Ip address has already been taken (Value: \"85.68.71.24\")."
"Row 3073 is invalid: Ip address has already been taken (Value: \"85.68.71.24\")."
"Row 3078 is invalid: Ip address is not a valid IPv4 address (Value: \"not your IP address\")."
"Row 3105 is invalid: Ip address has already been taken (Value: \"85.68.71.24\")."
"Row 3112 is invalid: Latitude is invalid (Value: nil).. Longitude is invalid (Value: nil)."
"Row 3113 is invalid: Ip address has already been taken (Value: \"85.68.71.24\")."
"Row 3115 is invalid: Ip address has already been taken (Value: \"85.68.71.24\")."
"Row 3135 is invalid: Ip address can't be blank (Value: nil)."
"Row 3130 is invalid: Ip address has already been taken (Value: \"85.68.71.24\")."
"Row 3138 is invalid: Ip address is not a valid IPv4 address (Value: \"not your IP address\")."
"Row 3140 is invalid: Country code can't be blank (Value: nil).. Country can't be blank (Value: nil)."
"Row 3144 is invalid: Ip address is not a valid IPv4 address (Value: \"not your IP address\")."
"Row 3163 is invalid: Ip address can't be blank (Value: nil)."
"Row 3164 is invalid: Country code can't be blank (Value: nil).. Country can't be blank (Value: nil)."
"Row 3161 is invalid: Ip address has already been taken (Value: \"85.68.71.24\")."
"Row 3171 is invalid: Ip address can't be blank (Value: nil)."
"Row 3187 is invalid: Ip address has already been taken (Value: \"85.68.71.24\")."
"Row 3218 is invalid: Ip address has already been taken (Value: \"85.68.71.24\")."
"Row 3223 is invalid: Ip address has already been taken (Value: \"85.68.71.24\")."
"Row 3236 is invalid: Ip address can't be blank (Value: nil)."
"Row 3235 is invalid: Ip address has already been taken (Value: \"85.68.71.24\")."
"Row 3237 is invalid: Ip address has already been taken (Value: \"85.68.71.24\")."
"Row 3244 is invalid: Ip address is not a valid IPv4 address (Value: \"not your IP address\")."
"Row 3252 is invalid: Country code can't be blank (Value: nil).. Country can't be blank (Value: nil)."
"Row 3262 is invalid: Ip address can't be blank (Value: nil)."
"Row 3261 is invalid: Ip address has already been taken (Value: \"85.68.71.24\")."
"Row 3267 is invalid: Ip address has already been taken (Value: \"85.68.71.24\")."
"Row 3273 is invalid: Ip address can't be blank (Value: nil)."
"Row 3274 is invalid: Country code can't be blank (Value: nil).. Country can't be blank (Value: nil)."
"Row 3278 is invalid: Ip address can't be blank (Value: nil)."
"Row 3281 is invalid: Latitude can't be blank (Value: nil).. Longitude can't be blank (Value: nil)."
"Row 3295 is invalid: Latitude is invalid (Value: nil).. Longitude is invalid (Value: nil)."
"Row 3308 is invalid: Latitude is invalid (Value: nil).. Longitude is invalid (Value: nil)."
"Row 3314 is invalid: Ip address can't be blank (Value: nil)."
"Row 3320 is invalid: Country code can't be blank (Value: nil).. Country can't be blank (Value: nil)."
"Row 3338 is invalid: Ip address is not a valid IPv4 address (Value: \"not your IP address\")."
"Row 3336 is invalid: Ip address has already been taken (Value: \"85.68.71.24\")."
"Row 3337 is invalid: Ip address has already been taken (Value: \"85.68.71.24\")."
"Row 3349 is invalid: Latitude is invalid (Value: nil).. Longitude is invalid (Value: nil)."
"Row 3360 is invalid: Latitude is invalid (Value: nil).. Longitude is invalid (Value: nil)."
"Row 3367 is invalid: Ip address has already been taken (Value: \"85.68.71.24\")."
"Row 3379 is invalid: Ip address has already been taken (Value: \"85.68.71.24\")."
"Row 3395 is invalid: Country code can't be blank (Value: nil).. Country can't be blank (Value: nil)."
"Row 3403 is invalid: Ip address is not a valid IPv4 address (Value: \"not your IP address\")."
"Row 3406 is invalid: Ip address is not a valid IPv4 address (Value: \"not your IP address\")."
"Row 3417 is invalid: Country code can't be blank (Value: nil).. Country can't be blank (Value: nil)."
"Row 3440 is invalid: Latitude can't be blank (Value: nil).. Longitude can't be blank (Value: nil)."
"Row 3443 is invalid: Ip address has already been taken (Value: \"85.68.71.24\")."
"Row 3446 is invalid: Latitude can't be blank (Value: nil).. Longitude can't be blank (Value: nil)."
"Row 3448 is invalid: Ip address has already been taken (Value: \"85.68.71.24\")."
"Row 3460 is invalid: Ip address has already been taken (Value: \"85.68.71.24\")."
"Row 3459 is invalid: Ip address has already been taken (Value: \"85.68.71.24\")."
"Row 3466 is invalid: Ip address has already been taken (Value: \"85.68.71.24\")."
"Row 3471 is invalid: Latitude is invalid (Value: nil).. Longitude is invalid (Value: nil)."
"Row 3491 is invalid: Latitude can't be blank (Value: nil).. Longitude can't be blank (Value: nil)."
"Row 3507 is invalid: Ip address is not a valid IPv4 address (Value: \"not your IP address\")."
"Row 3504 is invalid: Ip address has already been taken (Value: \"85.68.71.24\")."
"Row 3513 is invalid: Latitude is invalid (Value: nil).. Longitude is invalid (Value: nil)."
"Row 3527 is invalid: Ip address can't be blank (Value: nil)."
"Row 3530 is invalid: Latitude is invalid (Value: nil).. Longitude is invalid (Value: nil)."
"Row 3524 is invalid: Ip address has already been taken (Value: \"85.68.71.24\")."
"Row 3535 is invalid: Ip address has already been taken (Value: \"85.68.71.24\")."
"Row 3550 is invalid: Ip address is not a valid IPv4 address (Value: \"not your IP address\")."
"Row 3551 is invalid: Ip address is not a valid IPv4 address (Value: \"not your IP address\")."
"Row 3554 is invalid: Ip address can't be blank (Value: nil)."
"Row 3562 is invalid: Latitude is invalid (Value: nil).. Longitude is invalid (Value: nil)."
"Row 3569 is invalid: Ip address has already been taken (Value: \"85.68.71.24\")."
"Row 3573 is invalid: Latitude is invalid (Value: nil).. Longitude is invalid (Value: nil)."
"Row 3574 is invalid: Latitude is invalid (Value: nil).. Longitude is invalid (Value: nil)."
"Row 3575 is invalid: Ip address has already been taken (Value: \"85.68.71.24\")."
"Row 3584 is invalid: Latitude can't be blank (Value: nil).. Longitude can't be blank (Value: nil)."
"Row 3591 is invalid: Ip address is not a valid IPv4 address (Value: \"not your IP address\")."
"Row 3588 is invalid: Ip address has already been taken (Value: \"85.68.71.24\")."
"Row 3593 is invalid: Ip address has already been taken (Value: \"85.68.71.24\")."
"Row 3598 is invalid: Country code can't be blank (Value: nil).. Country can't be blank (Value: nil)."
"Row 3602 is invalid: Ip address has already been taken (Value: \"85.68.71.24\")."
"Row 3607 is invalid: Latitude is invalid (Value: nil).. Longitude is invalid (Value: nil)."
"Row 3631 is invalid: Country code can't be blank (Value: nil).. Country can't be blank (Value: nil)."
"Row 3633 is invalid: Ip address has already been taken (Value: \"85.68.71.24\")."
"Row 3642 is invalid: Ip address is not a valid IPv4 address (Value: \"not your IP address\")."
"Row 3645 is invalid: Country code can't be blank (Value: nil).. Country can't be blank (Value: nil)."
"Row 3646 is invalid: Country code can't be blank (Value: nil).. Country can't be blank (Value: nil)."
"Row 3651 is invalid: Country code can't be blank (Value: nil).. Country can't be blank (Value: nil)."
"Row 3667 is invalid: Latitude is invalid (Value: nil).. Longitude is invalid (Value: nil)."
"Row 3662 is invalid: Ip address has already been taken (Value: \"85.68.71.24\")."
"Row 3698 is invalid: Ip address has already been taken (Value: \"85.68.71.24\")."
"Row 3706 is invalid: Latitude can't be blank (Value: nil).. Longitude can't be blank (Value: nil)."
"Row 3709 is invalid: Ip address is not a valid IPv4 address (Value: \"not your IP address\")."
"Row 3714 is invalid: Latitude is invalid (Value: nil).. Longitude is invalid (Value: nil)."
"Row 3718 is invalid: Ip address is not a valid IPv4 address (Value: \"not your IP address\")."
"Row 3722 is invalid: Country code can't be blank (Value: nil).. Country can't be blank (Value: nil)."
"Row 3726 is invalid: Ip address has already been taken (Value: \"85.68.71.24\")."
"Row 3734 is invalid: Ip address has already been taken (Value: \"85.68.71.24\")."
"Row 3742 is invalid: Country code can't be blank (Value: nil).. Country can't be blank (Value: nil)."
"Row 3743 is invalid: Ip address is not a valid IPv4 address (Value: \"not your IP address\")."
"Row 3753 is invalid: Ip address has already been taken (Value: \"85.68.71.24\")."
"Row 3754 is invalid: Ip address has already been taken (Value: \"85.68.71.24\")."
"Row 3768 is invalid: Ip address is not a valid IPv4 address (Value: \"not your IP address\")."
"Row 3788 is invalid: Latitude can't be blank (Value: nil).. Longitude can't be blank (Value: nil)."
"Row 3791 is invalid: Ip address can't be blank (Value: nil)."
"Row 3795 is invalid: Country code can't be blank (Value: nil).. Country can't be blank (Value: nil)."
"Row 3794 is invalid: Ip address has already been taken (Value: \"85.68.71.24\")."
"Row 3799 is invalid: Ip address has already been taken (Value: \"85.68.71.24\")."
"Row 3816 is invalid: Latitude is invalid (Value: nil).. Longitude is invalid (Value: nil)."
"Row 3823 is invalid: Country code can't be blank (Value: nil).. Country can't be blank (Value: nil)."
"Row 3825 is invalid: Ip address has already been taken (Value: \"85.68.71.24\")."
"Row 3833 is invalid: Latitude is invalid (Value: nil).. Longitude is invalid (Value: nil)."
"Row 3836 is invalid: Ip address is not a valid IPv4 address (Value: \"not your IP address\")."
"Row 3838 is invalid: Ip address has already been taken (Value: \"85.68.71.24\")."
"Row 3842 is invalid: Ip address has already been taken (Value: \"85.68.71.24\")."
"Row 3849 is invalid: Ip address can't be blank (Value: nil)."
"Row 3877 is invalid: Ip address has already been taken (Value: \"85.68.71.24\")."
"Row 3906 is invalid: Ip address can't be blank (Value: nil)."
"Row 3938 is invalid: Country code can't be blank (Value: nil).. Country can't be blank (Value: nil)."
"Row 3950 is invalid: Country code can't be blank (Value: nil).. Country can't be blank (Value: nil)."
"Row 3954 is invalid: Latitude is invalid (Value: nil).. Longitude is invalid (Value: nil)."
"Row 3958 is invalid: Country code can't be blank (Value: nil).. Country can't be blank (Value: nil)."
"Row 3959 is invalid: Ip address can't be blank (Value: nil)."
"Row 3977 is invalid: Latitude is invalid (Value: nil).. Longitude is invalid (Value: nil)."
"Row 3982 is invalid: Latitude can't be blank (Value: nil).. Longitude can't be blank (Value: nil)."
"Row 3994 is invalid: Latitude can't be blank (Value: nil).. Longitude can't be blank (Value: nil)."
"Row 3995 is invalid: Latitude is invalid (Value: nil).. Longitude is invalid (Value: nil)."
"Row 3993 is invalid: Ip address has already been taken (Value: \"85.68.71.24\")."
"Row 4004 is invalid: Ip address has already been taken (Value: \"85.68.71.24\")."
"Row 4010 is invalid: Ip address has already been taken (Value: \"85.68.71.24\")."
"Row 4020 is invalid: Ip address is not a valid IPv4 address (Value: \"not your IP address\")."
"Row 4029 is invalid: Latitude is invalid (Value: nil).. Longitude is invalid (Value: nil)."
"Row 4031 is invalid: Ip address can't be blank (Value: nil)."
"Row 4048 is invalid: Ip address is not a valid IPv4 address (Value: \"not your IP address\")."
"Row 4049 is invalid: Country code can't be blank (Value: nil).. Country can't be blank (Value: nil)."
"Row 4055 is invalid: Ip address has already been taken (Value: \"85.68.71.24\")."
"Row 4063 is invalid: Latitude can't be blank (Value: nil).. Longitude can't be blank (Value: nil)."
"Row 4065 is invalid: Ip address has already been taken (Value: \"85.68.71.24\")."
"Row 4069 is invalid: Ip address has already been taken (Value: \"85.68.71.24\")."
"Row 4072 is invalid: Latitude can't be blank (Value: nil).. Longitude can't be blank (Value: nil)."
"Row 4075 is invalid: Ip address has already been taken (Value: \"85.68.71.24\")."
"Row 4081 is invalid: Ip address has already been taken (Value: \"85.68.71.24\")."
"Row 4091 is invalid: Ip address can't be blank (Value: nil)."
"Row 4095 is invalid: Ip address is not a valid IPv4 address (Value: \"not your IP address\")."
"Row 4100 is invalid: Ip address is not a valid IPv4 address (Value: \"not your IP address\")."
"Row 4103 is invalid: Ip address is not a valid IPv4 address (Value: \"not your IP address\")."
"Row 4108 is invalid: Ip address has already been taken (Value: \"85.68.71.24\")."
"Row 4110 is invalid: Latitude can't be blank (Value: nil).. Longitude can't be blank (Value: nil)."
"Row 4120 is invalid: Ip address is not a valid IPv4 address (Value: \"not your IP address\")."
"Row 4130 is invalid: Ip address has already been taken (Value: \"85.68.71.24\")."
"Row 4138 is invalid: Ip address is not a valid IPv4 address (Value: \"not your IP address\")."
"Row 4139 is invalid: Ip address has already been taken (Value: \"85.68.71.24\")."
"Row 4143 is invalid: Latitude can't be blank (Value: nil).. Longitude can't be blank (Value: nil)."
"Row 4156 is invalid: Ip address has already been taken (Value: \"85.68.71.24\")."
"Row 4169 is invalid: Country code can't be blank (Value: nil).. Country can't be blank (Value: nil)."
"Row 4174 is invalid: Country code can't be blank (Value: nil).. Country can't be blank (Value: nil)."
"Row 4177 is invalid: Latitude can't be blank (Value: nil).. Longitude can't be blank (Value: nil)."
"Row 4182 is invalid: Ip address can't be blank (Value: nil)."
"Row 4184 is invalid: Latitude can't be blank (Value: nil).. Longitude can't be blank (Value: nil)."
"Row 4189 is invalid: Country code can't be blank (Value: nil).. Country can't be blank (Value: nil)."
"Row 4190 is invalid: Latitude is invalid (Value: nil).. Longitude is invalid (Value: nil)."
"Row 4183 is invalid: Ip address has already been taken (Value: \"85.68.71.24\")."
"Row 4185 is invalid: Ip address has already been taken (Value: \"85.68.71.24\")."
"Row 4195 is invalid: Latitude is invalid (Value: nil).. Longitude is invalid (Value: nil)."
"Row 4197 is invalid: Ip address has already been taken (Value: \"85.68.71.24\")."
"Row 4204 is invalid: Country code can't be blank (Value: nil).. Country can't be blank (Value: nil)."
"Row 4214 is invalid: Ip address has already been taken (Value: \"85.68.71.24\")."
"Row 4218 is invalid: Ip address has already been taken (Value: \"85.68.71.24\")."
"Row 4219 is invalid: Ip address has already been taken (Value: \"85.68.71.24\")."
"Row 4225 is invalid: Ip address has already been taken (Value: \"85.68.71.24\")."
"Row 4228 is invalid: Country code can't be blank (Value: nil).. Country can't be blank (Value: nil)."
"Row 4236 is invalid: Latitude is invalid (Value: nil).. Longitude is invalid (Value: nil)."
"Row 4244 is invalid: Ip address can't be blank (Value: nil)."
"Row 4257 is invalid: Latitude is invalid (Value: nil).. Longitude is invalid (Value: nil)."
"Row 4263 is invalid: Ip address can't be blank (Value: nil)."
"Row 4265 is invalid: Country code can't be blank (Value: nil).. Country can't be blank (Value: nil)."
"Row 4271 is invalid: Ip address can't be blank (Value: nil)."
"Row 4279 is invalid: Country code can't be blank (Value: nil).. Country can't be blank (Value: nil)."
"Row 4282 is invalid: Ip address has already been taken (Value: \"85.68.71.24\")."
"Row 4292 is invalid: Latitude can't be blank (Value: nil).. Longitude can't be blank (Value: nil)."
"Row 4296 is invalid: Ip address is not a valid IPv4 address (Value: \"not your IP address\")."
"Row 4305 is invalid: Latitude is invalid (Value: nil).. Longitude is invalid (Value: nil)."
"Row 4321 is invalid: Ip address is not a valid IPv4 address (Value: \"not your IP address\")."
"Row 4339 is invalid: Latitude is invalid (Value: nil).. Longitude is invalid (Value: nil)."
"Row 4349 is invalid: Ip address can't be blank (Value: nil)."
"Row 4348 is invalid: Ip address has already been taken (Value: \"85.68.71.24\")."
"Row 4354 is invalid: Ip address is not a valid IPv4 address (Value: \"not your IP address\")."
"Row 4364 is invalid: Ip address has already been taken (Value: \"85.68.71.24\")."
"Row 4374 is invalid: Country code can't be blank (Value: nil).. Country can't be blank (Value: nil)."
"Row 4402 is invalid: Latitude can't be blank (Value: nil).. Longitude can't be blank (Value: nil)."
"Row 4405 is invalid: Ip address has already been taken (Value: \"85.68.71.24\")."
"Row 4417 is invalid: Ip address is not a valid IPv4 address (Value: \"not your IP address\")."
"Row 4425 is invalid: Ip address can't be blank (Value: nil)."
"Row 4432 is invalid: Ip address has already been taken (Value: \"85.68.71.24\")."
"Row 4435 is invalid: Latitude is invalid (Value: nil).. Longitude is invalid (Value: nil)."
"Row 4454 is invalid: Ip address has already been taken (Value: \"85.68.71.24\")."
"Row 4461 is invalid: Latitude can't be blank (Value: nil).. Longitude can't be blank (Value: nil)."
"Row 4484 is invalid: Ip address can't be blank (Value: nil)."
"Row 4490 is invalid: Ip address has already been taken (Value: \"85.68.71.24\")."
"Row 4501 is invalid: Latitude is invalid (Value: nil).. Longitude is invalid (Value: nil)."
"Row 4518 is invalid: Country code can't be blank (Value: nil).. Country can't be blank (Value: nil)."
"Row 4530 is invalid: Ip address has already been taken (Value: \"85.68.71.24\")."
"Row 4548 is invalid: Ip address can't be blank (Value: nil)."
"Row 4552 is invalid: Country code can't be blank (Value: nil).. Country can't be blank (Value: nil)."
"Row 4563 is invalid: Latitude is invalid (Value: nil).. Longitude is invalid (Value: nil)."
"Row 4571 is invalid: Ip address can't be blank (Value: nil)."
"Row 4576 is invalid: Ip address is not a valid IPv4 address (Value: \"not your IP address\")."
"Row 4577 is invalid: Country code can't be blank (Value: nil).. Country can't be blank (Value: nil)."
"Row 4581 is invalid: Ip address is not a valid IPv4 address (Value: \"not your IP address\")."
"Row 4593 is invalid: Latitude can't be blank (Value: nil).. Longitude can't be blank (Value: nil)."
"Row 4610 is invalid: Ip address is not a valid IPv4 address (Value: \"not your IP address\")."
"Row 4613 is invalid: Ip address can't be blank (Value: nil)."
"Row 4633 is invalid: Ip address can't be blank (Value: nil)."
"Row 4636 is invalid: Latitude can't be blank (Value: nil).. Longitude can't be blank (Value: nil)."
"Row 4641 is invalid: Latitude is invalid (Value: nil).. Longitude is invalid (Value: nil)."
"Row 4642 is invalid: Latitude can't be blank (Value: nil).. Longitude can't be blank (Value: nil)."
"Row 4647 is invalid: Latitude is invalid (Value: nil).. Longitude is invalid (Value: nil)."
"Row 4663 is invalid: Ip address has already been taken (Value: \"85.68.71.24\")."
"Row 4677 is invalid: Latitude can't be blank (Value: nil).. Longitude can't be blank (Value: nil)."
"Row 4680 is invalid: Ip address has already been taken (Value: \"85.68.71.24\")."
"Row 4681 is invalid: Ip address can't be blank (Value: nil)."
"Row 4689 is invalid: Ip address has already been taken (Value: \"85.68.71.24\")."
"Row 4692 is invalid: Latitude can't be blank (Value: nil).. Longitude can't be blank (Value: nil)."
"Row 4705 is invalid: Latitude can't be blank (Value: nil).. Longitude can't be blank (Value: nil)."
"Row 4708 is invalid: Ip address can't be blank (Value: nil)."
"Row 4718 is invalid: Ip address is not a valid IPv4 address (Value: \"not your IP address\")."
"Row 4728 is invalid: Ip address has already been taken (Value: \"85.68.71.24\")."
"Row 4731 is invalid: Latitude is invalid (Value: nil).. Longitude is invalid (Value: nil)."
"Row 4739 is invalid: Latitude can't be blank (Value: nil).. Longitude can't be blank (Value: nil)."
"Row 4762 is invalid: Latitude is invalid (Value: nil).. Longitude is invalid (Value: nil)."
"Row 4767 is invalid: Country code can't be blank (Value: nil).. Country can't be blank (Value: nil)."
"Row 4774 is invalid: Ip address is not a valid IPv4 address (Value: \"not your IP address\")."
"Row 4768 is invalid: Ip address has already been taken (Value: \"85.68.71.24\")."
"Row 4780 is invalid: Latitude is invalid (Value: nil).. Longitude is invalid (Value: nil)."
"Row 4788 is invalid: Ip address has already been taken (Value: \"85.68.71.24\")."
"Row 4799 is invalid: Ip address has already been taken (Value: \"85.68.71.24\")."
"Row 4800 is invalid: Latitude is invalid (Value: nil).. Longitude is invalid (Value: nil)."
"Row 4801 is invalid: Ip address is not a valid IPv4 address (Value: \"not your IP address\")."
"Row 4804 is invalid: Country code can't be blank (Value: nil).. Country can't be blank (Value: nil)."
"Row 4805 is invalid: Latitude is invalid (Value: nil).. Longitude is invalid (Value: nil)."
"Row 4811 is invalid: Latitude can't be blank (Value: nil).. Longitude can't be blank (Value: nil)."
"Row 4812 is invalid: Latitude is invalid (Value: nil).. Longitude is invalid (Value: nil)."
"Row 4808 is invalid: Ip address has already been taken (Value: \"85.68.71.24\")."
"Row 4822 is invalid: Ip address is not a valid IPv4 address (Value: \"not your IP address\")."
"Row 4836 is invalid: Ip address has already been taken (Value: \"85.68.71.24\")."
"Row 4846 is invalid: Ip address is not a valid IPv4 address (Value: \"not your IP address\")."
"Row 4859 is invalid: Ip address has already been taken (Value: \"85.68.71.24\")."
"Row 4864 is invalid: Ip address can't be blank (Value: nil)."
"Row 4871 is invalid: Ip address is not a valid IPv4 address (Value: \"not your IP address\")."
"Row 4882 is invalid: Ip address has already been taken (Value: \"85.68.71.24\")."
"Row 4893 is invalid: Latitude can't be blank (Value: nil).. Longitude can't be blank (Value: nil)."
"Row 4906 is invalid: Ip address has already been taken (Value: \"85.68.71.24\")."
"Row 4914 is invalid: Country code can't be blank (Value: nil).. Country can't be blank (Value: nil)."
"Row 4921 is invalid: Ip address is not a valid IPv4 address (Value: \"not your IP address\")."
"Row 4922 is invalid: Latitude is invalid (Value: nil).. Longitude is invalid (Value: nil)."
"Row 4933 is invalid: Ip address has already been taken (Value: \"85.68.71.24\")."
"Row 4951 is invalid: Latitude is invalid (Value: nil).. Longitude is invalid (Value: nil)."
"Row 4948 is invalid: Ip address has already been taken (Value: \"85.68.71.24\")."
"Row 4961 is invalid: Ip address has already been taken (Value: \"85.68.71.24\")."
"Row 4992 is invalid: Latitude is invalid (Value: nil).. Longitude is invalid (Value: nil)."
"Row 4998 is invalid: Latitude can't be blank (Value: nil).. Longitude can't be blank (Value: nil)."
"Row 4996 is invalid: Ip address has already been taken (Value: \"85.68.71.24\")."
"Row 5004 is invalid: Ip address has already been taken (Value: \"85.68.71.24\")."
"Row 5005 is invalid: Country code can't be blank (Value: nil).. Country can't be blank (Value: nil)."
"Row 5016 is invalid: Latitude is invalid (Value: nil).. Longitude is invalid (Value: nil)."
"Row 5029 is invalid: Latitude is invalid (Value: nil).. Longitude is invalid (Value: nil)."
"Row 5025 is invalid: Ip address has already been taken (Value: \"85.68.71.24\")."
"Row 5034 is invalid: Ip address can't be blank (Value: nil)."
"Row 5040 is invalid: Country code can't be blank (Value: nil).. Country can't be blank (Value: nil)."
"Row 5046 is invalid: Country code can't be blank (Value: nil).. Country can't be blank (Value: nil)."
"Row 5045 is invalid: Ip address has already been taken (Value: \"85.68.71.24\")."
"Row 5061 is invalid: Ip address has already been taken (Value: \"85.68.71.24\")."
"Row 5065 is invalid: Latitude can't be blank (Value: nil).. Longitude can't be blank (Value: nil)."
"Row 5067 is invalid: Latitude is invalid (Value: nil).. Longitude is invalid (Value: nil)."
"Row 5086 is invalid: Ip address can't be blank (Value: nil)."
"Row 5092 is invalid: Country code can't be blank (Value: nil).. Country can't be blank (Value: nil)."
"Row 5093 is invalid: Ip address has already been taken (Value: \"85.68.71.24\")."
"Row 5110 is invalid: Latitude is invalid (Value: nil).. Longitude is invalid (Value: nil)."
"Row 5126 is invalid: Ip address can't be blank (Value: nil)."
"Row 5140 is invalid: Country code can't be blank (Value: nil).. Country can't be blank (Value: nil)."
"Row 5137 is invalid: Ip address has already been taken (Value: \"85.68.71.24\")."
"Row 5142 is invalid: Latitude is invalid (Value: nil).. Longitude is invalid (Value: nil)."
"Row 5170 is invalid: Ip address is not a valid IPv4 address (Value: \"not your IP address\")."
"Row 5178 is invalid: Latitude is invalid (Value: nil).. Longitude is invalid (Value: nil)."
"Row 5195 is invalid: Ip address has already been taken (Value: \"85.68.71.24\")."
"Row 5215 is invalid: Latitude is invalid (Value: nil).. Longitude is invalid (Value: nil)."
"Row 5227 is invalid: Ip address has already been taken (Value: \"85.68.71.24\")."
"Row 5231 is invalid: Ip address has already been taken (Value: \"85.68.71.24\")."
"Row 5237 is invalid: Country code can't be blank (Value: nil).. Country can't be blank (Value: nil)."
"Row 5249 is invalid: Latitude can't be blank (Value: nil).. Longitude can't be blank (Value: nil)."
"Row 5253 is invalid: Ip address can't be blank (Value: nil)."
"Row 5256 is invalid: Latitude is invalid (Value: nil).. Longitude is invalid (Value: nil)."
"Row 5254 is invalid: Ip address has already been taken (Value: \"85.68.71.24\")."
"Row 5265 is invalid: Country code can't be blank (Value: nil).. Country can't be blank (Value: nil)."
"Row 5260 is invalid: Ip address has already been taken (Value: \"85.68.71.24\")."
"Row 5267 is invalid: Latitude can't be blank (Value: nil).. Longitude can't be blank (Value: nil)."
"Row 5270 is invalid: Latitude is invalid (Value: nil).. Longitude is invalid (Value: nil)."
"Row 5281 is invalid: Latitude is invalid (Value: nil).. Longitude is invalid (Value: nil)."
"Row 5288 is invalid: Ip address has already been taken (Value: \"85.68.71.24\")."
"Row 5295 is invalid: Country code can't be blank (Value: nil).. Country can't be blank (Value: nil)."
"Row 5296 is invalid: Ip address can't be blank (Value: nil)."
"Row 5302 is invalid: Latitude can't be blank (Value: nil).. Longitude can't be blank (Value: nil)."
"Row 5307 is invalid: Ip address has already been taken (Value: \"85.68.71.24\")."
"Row 5313 is invalid: Ip address has already been taken (Value: \"85.68.71.24\")."
"Row 5323 is invalid: Ip address has already been taken (Value: \"85.68.71.24\")."
"Row 5367 is invalid: Latitude can't be blank (Value: nil).. Longitude can't be blank (Value: nil)."
"Row 5371 is invalid: Latitude can't be blank (Value: nil).. Longitude can't be blank (Value: nil)."
"Row 5377 is invalid: Ip address is not a valid IPv4 address (Value: \"not your IP address\")."
"Row 5415 is invalid: Ip address is not a valid IPv4 address (Value: \"not your IP address\")."
"Row 5421 is invalid: Ip address is not a valid IPv4 address (Value: \"not your IP address\")."
"Row 5422 is invalid: Ip address is not a valid IPv4 address (Value: \"not your IP address\")."
"Row 5435 is invalid: Ip address has already been taken (Value: \"85.68.71.24\")."
"Row 5450 is invalid: Ip address can't be blank (Value: nil)."
"Row 5447 is invalid: Ip address has already been taken (Value: \"85.68.71.24\")."
"Row 5457 is invalid: Ip address is not a valid IPv4 address (Value: \"not your IP address\")."
"Row 5458 is invalid: Ip address can't be blank (Value: nil)."
"Row 5459 is invalid: Ip address has already been taken (Value: \"85.68.71.24\")."
"Row 5464 is invalid: Ip address has already been taken (Value: \"85.68.71.24\")."
"Row 5477 is invalid: Ip address has already been taken (Value: \"85.68.71.24\")."
"Row 5484 is invalid: Ip address has already been taken (Value: \"85.68.71.24\")."
"Row 5527 is invalid: Latitude can't be blank (Value: nil).. Longitude can't be blank (Value: nil)."
"Row 5533 is invalid: Latitude can't be blank (Value: nil).. Longitude can't be blank (Value: nil)."
"Row 5543 is invalid: Ip address has already been taken (Value: \"85.68.71.24\")."
"Row 5554 is invalid: Country code can't be blank (Value: nil).. Country can't be blank (Value: nil)."
"Row 5555 is invalid: Latitude is invalid (Value: nil).. Longitude is invalid (Value: nil)."
"Row 5560 is invalid: Latitude can't be blank (Value: nil).. Longitude can't be blank (Value: nil)."
"Row 5557 is invalid: Ip address has already been taken (Value: \"85.68.71.24\")."
"Row 5584 is invalid: Latitude is invalid (Value: nil).. Longitude is invalid (Value: nil)."
"Row 5599 is invalid: Latitude is invalid (Value: nil).. Longitude is invalid (Value: nil)."
"Row 5595 is invalid: Ip address has already been taken (Value: \"85.68.71.24\")."
"Row 5603 is invalid: Ip address has already been taken (Value: \"85.68.71.24\")."
"Row 5609 is invalid: Ip address is not a valid IPv4 address (Value: \"not your IP address\")."
"Row 5614 is invalid: Ip address has already been taken (Value: \"85.68.71.24\")."
"Row 5621 is invalid: Ip address can't be blank (Value: nil)."
"Row 5619 is invalid: Ip address has already been taken (Value: \"85.68.71.24\")."
"Row 5623 is invalid: Ip address has already been taken (Value: \"85.68.71.24\")."
"Row 5634 is invalid: Country code can't be blank (Value: nil).. Country can't be blank (Value: nil)."
"Row 5651 is invalid: Ip address can't be blank (Value: nil)."
"Row 5655 is invalid: Ip address is not a valid IPv4 address (Value: \"not your IP address\")."
"Row 5654 is invalid: Ip address has already been taken (Value: \"85.68.71.24\")."
"Row 5669 is invalid: Latitude is invalid (Value: nil).. Longitude is invalid (Value: nil)."
"Row 5672 is invalid: Country code can't be blank (Value: nil).. Country can't be blank (Value: nil)."
"Row 5671 is invalid: Ip address has already been taken (Value: \"85.68.71.24\")."
"Row 5681 is invalid: Ip address has already been taken (Value: \"85.68.71.24\")."
"Row 5683 is invalid: Ip address has already been taken (Value: \"85.68.71.24\")."
"Row 5685 is invalid: Ip address has already been taken (Value: \"85.68.71.24\")."
"Row 5686 is invalid: Ip address has already been taken (Value: \"85.68.71.24\")."
"Row 5703 is invalid: Country code can't be blank (Value: nil).. Country can't be blank (Value: nil)."
"Row 5706 is invalid: Latitude can't be blank (Value: nil).. Longitude can't be blank (Value: nil)."
"Row 5718 is invalid: Ip address is not a valid IPv4 address (Value: \"not your IP address\")."
"Row 5716 is invalid: Ip address has already been taken (Value: \"85.68.71.24\")."
"Row 5734 is invalid: Latitude is invalid (Value: nil).. Longitude is invalid (Value: nil)."
"Row 5740 is invalid: Latitude is invalid (Value: nil).. Longitude is invalid (Value: nil)."
"Row 5745 is invalid: Latitude can't be blank (Value: nil).. Longitude can't be blank (Value: nil)."
"Row 5756 is invalid: Ip address has already been taken (Value: \"85.68.71.24\")."
"Row 5771 is invalid: Ip address has already been taken (Value: \"85.68.71.24\")."
"Row 5778 is invalid: Ip address has already been taken (Value: \"85.68.71.24\")."
"Row 5806 is invalid: Ip address can't be blank (Value: nil)."
"Row 5808 is invalid: Latitude can't be blank (Value: nil).. Longitude can't be blank (Value: nil)."
"Row 5810 is invalid: Country code can't be blank (Value: nil).. Country can't be blank (Value: nil)."
"Row 5807 is invalid: Ip address has already been taken (Value: \"85.68.71.24\")."
"Row 5817 is invalid: Ip address can't be blank (Value: nil)."
"Row 5819 is invalid: Latitude is invalid (Value: nil).. Longitude is invalid (Value: nil)."
"Row 5836 is invalid: Ip address is not a valid IPv4 address (Value: \"not your IP address\")."
"Row 5837 is invalid: Latitude is invalid (Value: nil).. Longitude is invalid (Value: nil)."
"Row 5838 is invalid: Latitude can't be blank (Value: nil).. Longitude can't be blank (Value: nil)."
"Row 5840 is invalid: Latitude is invalid (Value: nil).. Longitude is invalid (Value: nil)."
"Row 5844 is invalid: Latitude can't be blank (Value: nil).. Longitude can't be blank (Value: nil)."
"Row 5842 is invalid: Ip address has already been taken (Value: \"85.68.71.24\")."
"Row 5854 is invalid: Country code can't be blank (Value: nil).. Country can't be blank (Value: nil)."
"Row 5858 is invalid: Latitude is invalid (Value: nil).. Longitude is invalid (Value: nil)."
"Row 5862 is invalid: Country code can't be blank (Value: nil).. Country can't be blank (Value: nil)."
"Row 5864 is invalid: Ip address has already been taken (Value: \"85.68.71.24\")."
"Row 5868 is invalid: Ip address has already been taken (Value: \"85.68.71.24\")."
"Row 5874 is invalid: Country code can't be blank (Value: nil).. Country can't be blank (Value: nil)."
"Row 5884 is invalid: Ip address is not a valid IPv4 address (Value: \"not your IP address\")."
"Row 5893 is invalid: Ip address has already been taken (Value: \"85.68.71.24\")."
"Row 5910 is invalid: Country code can't be blank (Value: nil).. Country can't be blank (Value: nil)."
"Row 5922 is invalid: Ip address can't be blank (Value: nil)."
"Row 5924 is invalid: Latitude can't be blank (Value: nil).. Longitude can't be blank (Value: nil)."
"Row 5949 is invalid: Ip address has already been taken (Value: \"85.68.71.24\")."
"Row 5993 is invalid: Ip address can't be blank (Value: nil)."
"Row 5990 is invalid: Ip address has already been taken (Value: \"85.68.71.24\")."
"Row 5999 is invalid: Country code can't be blank (Value: nil).. Country can't be blank (Value: nil)."
"Row 6003 is invalid: Country code can't be blank (Value: nil).. Country can't be blank (Value: nil)."
"Row 6018 is invalid: Ip address has already been taken (Value: \"85.68.71.24\")."
"Row 6017 is invalid: Ip address has already been taken (Value: \"85.68.71.24\")."
"Row 6040 is invalid: Ip address has already been taken (Value: \"85.68.71.24\")."
"Row 6046 is invalid: Country code can't be blank (Value: nil).. Country can't be blank (Value: nil)."
"Row 6047 is invalid: Ip address has already been taken (Value: \"85.68.71.24\")."
"Row 6057 is invalid: Ip address is not a valid IPv4 address (Value: \"not your IP address\")."
"Row 6065 is invalid: Latitude can't be blank (Value: nil).. Longitude can't be blank (Value: nil)."
"Row 6067 is invalid: Ip address can't be blank (Value: nil)."
"Row 6080 is invalid: Latitude can't be blank (Value: nil).. Longitude can't be blank (Value: nil)."
"Row 6082 is invalid: Ip address can't be blank (Value: nil)."
"Row 6087 is invalid: Ip address has already been taken (Value: \"85.68.71.24\")."
"Row 6091 is invalid: Ip address has already been taken (Value: \"85.68.71.24\")."
"Row 6105 is invalid: Country code can't be blank (Value: nil).. Country can't be blank (Value: nil)."
"Row 6103 is invalid: Ip address has already been taken (Value: \"85.68.71.24\")."
"Row 6102 is invalid: Ip address has already been taken (Value: \"85.68.71.24\")."
"Row 6113 is invalid: Ip address can't be blank (Value: nil)."
"Row 6121 is invalid: Latitude is invalid (Value: nil).. Longitude is invalid (Value: nil)."
"Row 6122 is invalid: Latitude can't be blank (Value: nil).. Longitude can't be blank (Value: nil)."
"Row 6130 is invalid: Latitude is invalid (Value: nil).. Longitude is invalid (Value: nil)."
"Row 6149 is invalid: Latitude can't be blank (Value: nil).. Longitude can't be blank (Value: nil)."
"Row 6150 is invalid: Ip address can't be blank (Value: nil)."
"Row 6151 is invalid: Latitude can't be blank (Value: nil).. Longitude can't be blank (Value: nil)."
"Row 6164 is invalid: Ip address can't be blank (Value: nil)."
"Row 6167 is invalid: Ip address has already been taken (Value: \"85.68.71.24\")."
"Row 6175 is invalid: Latitude is invalid (Value: nil).. Longitude is invalid (Value: nil)."
"Row 6184 is invalid: Latitude is invalid (Value: nil).. Longitude is invalid (Value: nil)."
"Row 6185 is invalid: Ip address has already been taken (Value: \"85.68.71.24\")."
"Row 6191 is invalid: Latitude can't be blank (Value: nil).. Longitude can't be blank (Value: nil)."
"Row 6204 is invalid: Ip address can't be blank (Value: nil)."
"Row 6206 is invalid: Ip address has already been taken (Value: \"85.68.71.24\")."
"Row 6219 is invalid: Country code can't be blank (Value: nil).. Country can't be blank (Value: nil)."
"Row 6222 is invalid: Latitude can't be blank (Value: nil).. Longitude can't be blank (Value: nil)."
"Row 6226 is invalid: Country code can't be blank (Value: nil).. Country can't be blank (Value: nil)."
"Row 6235 is invalid: Ip address can't be blank (Value: nil)."
"Row 6251 is invalid: Ip address is not a valid IPv4 address (Value: \"not your IP address\")."
"Row 6252 is invalid: Country code can't be blank (Value: nil).. Country can't be blank (Value: nil)."
"Row 6254 is invalid: Ip address is not a valid IPv4 address (Value: \"not your IP address\")."
"Row 6257 is invalid: Ip address has already been taken (Value: \"85.68.71.24\")."
"Row 6268 is invalid: Ip address is not a valid IPv4 address (Value: \"not your IP address\")."
"Row 6267 is invalid: Ip address has already been taken (Value: \"85.68.71.24\")."
"Row 6275 is invalid: Latitude can't be blank (Value: nil).. Longitude can't be blank (Value: nil)."
"Row 6270 is invalid: Ip address has already been taken (Value: \"85.68.71.24\")."
"Row 6276 is invalid: Latitude can't be blank (Value: nil).. Longitude can't be blank (Value: nil)."
"Row 6277 is invalid: Ip address is not a valid IPv4 address (Value: \"not your IP address\")."
"Row 6278 is invalid: Ip address has already been taken (Value: \"85.68.71.24\")."
"Row 6286 is invalid: Latitude is invalid (Value: nil).. Longitude is invalid (Value: nil)."
"Row 6289 is invalid: Country code can't be blank (Value: nil).. Country can't be blank (Value: nil)."
"Row 6299 is invalid: Ip address has already been taken (Value: \"85.68.71.24\")."
"Row 6310 is invalid: Ip address has already been taken (Value: \"85.68.71.24\")."
"Row 6323 is invalid: Ip address can't be blank (Value: nil)."
"Row 6363 is invalid: Latitude can't be blank (Value: nil).. Longitude can't be blank (Value: nil)."
"Row 6362 is invalid: Ip address has already been taken (Value: \"85.68.71.24\")."
"Row 6396 is invalid: Latitude is invalid (Value: nil).. Longitude is invalid (Value: nil)."
"Row 6399 is invalid: Ip address is not a valid IPv4 address (Value: \"not your IP address\")."
"Row 6392 is invalid: Ip address has already been taken (Value: \"85.68.71.24\")."
"Row 6404 is invalid: Latitude is invalid (Value: nil).. Longitude is invalid (Value: nil)."
"Row 6407 is invalid: Ip address has already been taken (Value: \"85.68.71.24\")."
"Row 6417 is invalid: Ip address has already been taken (Value: \"85.68.71.24\")."
"Row 6420 is invalid: Ip address has already been taken (Value: \"85.68.71.24\")."
"Row 6424 is invalid: Ip address has already been taken (Value: \"85.68.71.24\")."
"Row 6426 is invalid: Ip address has already been taken (Value: \"85.68.71.24\")."
"Row 6435 is invalid: Ip address can't be blank (Value: nil)."
"Row 6437 is invalid: Ip address has already been taken (Value: \"85.68.71.24\")."
"Row 6445 is invalid: Ip address has already been taken (Value: \"85.68.71.24\")."
"Row 6452 is invalid: Ip address can't be blank (Value: nil)."
"Row 6454 is invalid: Ip address can't be blank (Value: nil)."
"Row 6458 is invalid: Latitude is invalid (Value: nil).. Longitude is invalid (Value: nil)."
"Row 6460 is invalid: Latitude can't be blank (Value: nil).. Longitude can't be blank (Value: nil)."
"Row 6464 is invalid: Ip address is not a valid IPv4 address (Value: \"not your IP address\")."
"Row 6467 is invalid: Ip address has already been taken (Value: \"85.68.71.24\")."
"Row 6485 is invalid: Latitude is invalid (Value: nil).. Longitude is invalid (Value: nil)."
"Row 6489 is invalid: Ip address is not a valid IPv4 address (Value: \"not your IP address\")."
"Row 6493 is invalid: Ip address can't be blank (Value: nil)."
"Row 6492 is invalid: Latitude can't be blank (Value: nil).. Longitude can't be blank (Value: nil)."
"Row 6500 is invalid: Ip address has already been taken (Value: \"85.68.71.24\")."
"Row 6504 is invalid: Ip address has already been taken (Value: \"85.68.71.24\")."
"Row 6513 is invalid: Latitude is invalid (Value: nil).. Longitude is invalid (Value: nil)."
"Row 6517 is invalid: Ip address can't be blank (Value: nil)."
"Row 6554 is invalid: Country code can't be blank (Value: nil).. Country can't be blank (Value: nil)."
"Row 6564 is invalid: Ip address has already been taken (Value: \"85.68.71.24\")."
"Row 6568 is invalid: Ip address is not a valid IPv4 address (Value: \"not your IP address\")."
"Row 6580 is invalid: Ip address has already been taken (Value: \"85.68.71.24\")."
"Row 6590 is invalid: Latitude is invalid (Value: nil).. Longitude is invalid (Value: nil)."
"Row 6606 is invalid: Latitude can't be blank (Value: nil).. Longitude can't be blank (Value: nil)."
"Row 6618 is invalid: Ip address can't be blank (Value: nil)."
"Row 6619 is invalid: Ip address has already been taken (Value: \"85.68.71.24\")."
"Row 6630 is invalid: Country code can't be blank (Value: nil).. Country can't be blank (Value: nil)."
"Row 6634 is invalid: Latitude can't be blank (Value: nil).. Longitude can't be blank (Value: nil)."
"Row 6627 is invalid: Ip address has already been taken (Value: \"85.68.71.24\")."
"Row 6647 is invalid: Ip address is not a valid IPv4 address (Value: \"not your IP address\")."
"Row 6650 is invalid: Ip address is not a valid IPv4 address (Value: \"not your IP address\")."
"Row 6651 is invalid: Latitude is invalid (Value: nil).. Longitude is invalid (Value: nil)."
"Row 6653 is invalid: Ip address has already been taken (Value: \"85.68.71.24\")."
"Row 6660 is invalid: Latitude can't be blank (Value: nil).. Longitude can't be blank (Value: nil)."
"Row 6661 is invalid: Ip address is not a valid IPv4 address (Value: \"not your IP address\")."
"Row 6671 is invalid: Latitude is invalid (Value: nil).. Longitude is invalid (Value: nil)."
"Row 6669 is invalid: Ip address has already been taken (Value: \"85.68.71.24\")."
"Row 6681 is invalid: Ip address has already been taken (Value: \"85.68.71.24\")."
"Row 6682 is invalid: Ip address has already been taken (Value: \"85.68.71.24\")."
"Row 6693 is invalid: Latitude can't be blank (Value: nil).. Longitude can't be blank (Value: nil)."
"Row 6694 is invalid: Ip address has already been taken (Value: \"85.68.71.24\")."
"Row 6709 is invalid: Latitude is invalid (Value: nil).. Longitude is invalid (Value: nil)."
"Row 6711 is invalid: Country code can't be blank (Value: nil).. Country can't be blank (Value: nil)."
"Row 6715 is invalid: Ip address has already been taken (Value: \"85.68.71.24\")."
"Row 6719 is invalid: Ip address has already been taken (Value: \"85.68.71.24\")."
"Row 6734 is invalid: Ip address has already been taken (Value: \"85.68.71.24\")."
"Row 6750 is invalid: Ip address has already been taken (Value: \"85.68.71.24\")."
"Row 6758 is invalid: Latitude is invalid (Value: nil).. Longitude is invalid (Value: nil)."
"Row 6759 is invalid: Country code can't be blank (Value: nil).. Country can't be blank (Value: nil)."
"Row 6782 is invalid: Ip address has already been taken (Value: \"85.68.71.24\")."
"Row 6796 is invalid: Ip address has already been taken (Value: \"85.68.71.24\")."
"Row 6795 is invalid: Ip address has already been taken (Value: \"85.68.71.24\")."
"Row 6804 is invalid: Ip address is not a valid IPv4 address (Value: \"not your IP address\")."
"Row 6829 is invalid: Ip address has already been taken (Value: \"85.68.71.24\")."
"Row 6836 is invalid: Ip address has already been taken (Value: \"85.68.71.24\")."
"Row 6846 is invalid: Ip address has already been taken (Value: \"85.68.71.24\")."
"Row 6875 is invalid: Latitude can't be blank (Value: nil).. Longitude can't be blank (Value: nil)."
"Row 6879 is invalid: Country code can't be blank (Value: nil).. Country can't be blank (Value: nil)."
"Row 6893 is invalid: Ip address can't be blank (Value: nil)."
"Row 6896 is invalid: Ip address can't be blank (Value: nil)."
"Row 6895 is invalid: Ip address has already been taken (Value: \"85.68.71.24\")."
"Row 6904 is invalid: Ip address can't be blank (Value: nil)."
"Row 6910 is invalid: Country code can't be blank (Value: nil).. Country can't be blank (Value: nil)."
"Row 6925 is invalid: Ip address has already been taken (Value: \"85.68.71.24\")."
"Row 6942 is invalid: Ip address has already been taken (Value: \"85.68.71.24\")."
"Row 6951 is invalid: Ip address is not a valid IPv4 address (Value: \"not your IP address\")."
"Row 6956 is invalid: Country code can't be blank (Value: nil).. Country can't be blank (Value: nil)."
"Row 6955 is invalid: Ip address has already been taken (Value: \"85.68.71.24\")."
"Row 6959 is invalid: Ip address has already been taken (Value: \"85.68.71.24\")."
"Row 6960 is invalid: Ip address has already been taken (Value: \"85.68.71.24\")."
"Row 6964 is invalid: Ip address has already been taken (Value: \"85.68.71.24\")."
"Row 6981 is invalid: Ip address can't be blank (Value: nil)."
"Row 6979 is invalid: Ip address has already been taken (Value: \"85.68.71.24\")."
"Row 6990 is invalid: Ip address is not a valid IPv4 address (Value: \"not your IP address\")."
"Row 7000 is invalid: Latitude can't be blank (Value: nil).. Longitude can't be blank (Value: nil)."
"Row 7002 is invalid: Latitude can't be blank (Value: nil).. Longitude can't be blank (Value: nil)."
"Row 7003 is invalid: Ip address has already been taken (Value: \"85.68.71.24\")."
"Row 7010 is invalid: Ip address has already been taken (Value: \"85.68.71.24\")."
"Row 7019 is invalid: Latitude is invalid (Value: nil).. Longitude is invalid (Value: nil)."
"Row 7026 is invalid: Ip address has already been taken (Value: \"85.68.71.24\")."
"Row 7038 is invalid: Ip address has already been taken (Value: \"85.68.71.24\")."
"Row 7062 is invalid: Ip address can't be blank (Value: nil)."
"Row 7101 is invalid: Latitude is invalid (Value: nil).. Longitude is invalid (Value: nil)."
"Row 7104 is invalid: Ip address is not a valid IPv4 address (Value: \"not your IP address\")."
"Row 7102 is invalid: Ip address has already been taken (Value: \"85.68.71.24\")."
"Row 7124 is invalid: Latitude is invalid (Value: nil).. Longitude is invalid (Value: nil)."
"Row 7136 is invalid: Ip address has already been taken (Value: \"85.68.71.24\")."
"Row 7146 is invalid: Latitude is invalid (Value: nil).. Longitude is invalid (Value: nil)."
"Row 7147 is invalid: Ip address has already been taken (Value: \"85.68.71.24\")."
"Row 7150 is invalid: Latitude can't be blank (Value: nil).. Longitude can't be blank (Value: nil)."
"Row 7151 is invalid: Latitude can't be blank (Value: nil).. Longitude can't be blank (Value: nil)."
"Row 7178 is invalid: Ip address can't be blank (Value: nil)."
"Row 7189 is invalid: Country code can't be blank (Value: nil).. Country can't be blank (Value: nil)."
"Row 7191 is invalid: Latitude can't be blank (Value: nil).. Longitude can't be blank (Value: nil)."
"Row 7195 is invalid: Latitude can't be blank (Value: nil).. Longitude can't be blank (Value: nil)."
"Row 7196 is invalid: Latitude can't be blank (Value: nil).. Longitude can't be blank (Value: nil)."
"Row 7204 is invalid: Latitude is invalid (Value: nil).. Longitude is invalid (Value: nil)."
"Row 7230 is invalid: Country code can't be blank (Value: nil).. Country can't be blank (Value: nil)."
"Row 7235 is invalid: Latitude is invalid (Value: nil).. Longitude is invalid (Value: nil)."
"Row 7246 is invalid: Ip address is not a valid IPv4 address (Value: \"not your IP address\")."
"Row 7260 is invalid: Ip address is not a valid IPv4 address (Value: \"not your IP address\")."
"Row 7262 is invalid: Ip address has already been taken (Value: \"85.68.71.24\")."
"Row 7275 is invalid: Country code can't be blank (Value: nil).. Country can't be blank (Value: nil)."
"Row 7281 is invalid: Ip address can't be blank (Value: nil)."
"Row 7287 is invalid: Ip address has already been taken (Value: \"85.68.71.24\")."
"Row 7315 is invalid: Ip address can't be blank (Value: nil)."
"Row 7311 is invalid: Ip address has already been taken (Value: \"85.68.71.24\")."
"Row 7318 is invalid: Latitude can't be blank (Value: nil).. Longitude can't be blank (Value: nil)."
"Row 7319 is invalid: Country code can't be blank (Value: nil).. Country can't be blank (Value: nil)."
"Row 7317 is invalid: Ip address has already been taken (Value: \"85.68.71.24\")."
"Row 7323 is invalid: Country code can't be blank (Value: nil).. Country can't be blank (Value: nil)."
"Row 7325 is invalid: Latitude can't be blank (Value: nil).. Longitude can't be blank (Value: nil)."
"Row 7332 is invalid: Ip address is not a valid IPv4 address (Value: \"not your IP address\")."
"Row 7342 is invalid: Latitude is invalid (Value: nil).. Longitude is invalid (Value: nil)."
"Row 7339 is invalid: Ip address has already been taken (Value: \"85.68.71.24\")."
"Row 7365 is invalid: Ip address has already been taken (Value: \"85.68.71.24\")."
"Row 7369 is invalid: Ip address can't be blank (Value: nil)."
"Row 7371 is invalid: Ip address has already been taken (Value: \"85.68.71.24\")."
"Row 7379 is invalid: Ip address has already been taken (Value: \"85.68.71.24\")."
"Row 7392 is invalid: Latitude is invalid (Value: nil).. Longitude is invalid (Value: nil)."
"Row 7387 is invalid: Ip address has already been taken (Value: \"85.68.71.24\")."
"Row 7410 is invalid: Country code can't be blank (Value: nil).. Country can't be blank (Value: nil)."
"Row 7405 is invalid: Ip address has already been taken (Value: \"85.68.71.24\")."
"Row 7420 is invalid: Ip address has already been taken (Value: \"85.68.71.24\")."
"Row 7441 is invalid: Ip address can't be blank (Value: nil)."
"Row 7448 is invalid: Ip address can't be blank (Value: nil)."
"Row 7449 is invalid: Latitude is invalid (Value: nil).. Longitude is invalid (Value: nil)."
"Row 7447 is invalid: Ip address has already been taken (Value: \"85.68.71.24\")."
"Row 7453 is invalid: Ip address has already been taken (Value: \"85.68.71.24\")."
"Row 7463 is invalid: Latitude is invalid (Value: nil).. Longitude is invalid (Value: nil)."
"Row 7476 is invalid: Latitude is invalid (Value: nil).. Longitude is invalid (Value: nil)."
"Row 7477 is invalid: Latitude can't be blank (Value: nil).. Longitude can't be blank (Value: nil)."
"Row 7481 is invalid: Ip address has already been taken (Value: \"85.68.71.24\")."
"Row 7479 is invalid: Ip address has already been taken (Value: \"85.68.71.24\")."
"Row 7489 is invalid: Latitude is invalid (Value: nil).. Longitude is invalid (Value: nil)."
"Row 7491 is invalid: Ip address can't be blank (Value: nil)."
"Row 7493 is invalid: Ip address is not a valid IPv4 address (Value: \"not your IP address\")."
"Row 7514 is invalid: Latitude can't be blank (Value: nil).. Longitude can't be blank (Value: nil)."
"Row 7522 is invalid: Ip address can't be blank (Value: nil)."
"Row 7550 is invalid: Ip address has already been taken (Value: \"85.68.71.24\")."
"Row 7571 is invalid: Latitude can't be blank (Value: nil).. Longitude can't be blank (Value: nil)."
"Row 7575 is invalid: Ip address has already been taken (Value: \"85.68.71.24\")."
"Row 7582 is invalid: Latitude is invalid (Value: nil).. Longitude is invalid (Value: nil)."
"Row 7583 is invalid: Latitude can't be blank (Value: nil).. Longitude can't be blank (Value: nil)."
"Row 7589 is invalid: Latitude is invalid (Value: nil).. Longitude is invalid (Value: nil)."
"Row 7593 is invalid: Country code can't be blank (Value: nil).. Country can't be blank (Value: nil)."
"Row 7600 is invalid: Ip address has already been taken (Value: \"85.68.71.24\")."
"Row 7622 is invalid: Ip address has already been taken (Value: \"85.68.71.24\")."
"Row 7639 is invalid: Ip address has already been taken (Value: \"85.68.71.24\")."
"Row 7637 is invalid: Ip address has already been taken (Value: \"85.68.71.24\")."
"Row 7635 is invalid: Ip address has already been taken (Value: \"85.68.71.24\")."
"Row 7646 is invalid: Latitude can't be blank (Value: nil).. Longitude can't be blank (Value: nil)."
"Row 7643 is invalid: Ip address has already been taken (Value: \"85.68.71.24\")."
"Row 7656 is invalid: Ip address has already been taken (Value: \"85.68.71.24\")."
"Row 7664 is invalid: Ip address is not a valid IPv4 address (Value: \"not your IP address\")."
"Row 7670 is invalid: Ip address has already been taken (Value: \"85.68.71.24\")."
"Row 7672 is invalid: Ip address has already been taken (Value: \"85.68.71.24\")."
"Row 7673 is invalid: Ip address can't be blank (Value: nil)."
"Row 7676 is invalid: Country code can't be blank (Value: nil).. Country can't be blank (Value: nil)."
"Row 7692 is invalid: Ip address is not a valid IPv4 address (Value: \"not your IP address\")."
"Row 7700 is invalid: Ip address has already been taken (Value: \"85.68.71.24\")."
"Row 7708 is invalid: Ip address has already been taken (Value: \"85.68.71.24\")."
"Row 7710 is invalid: Ip address has already been taken (Value: \"85.68.71.24\")."
"Row 7733 is invalid: Ip address has already been taken (Value: \"85.68.71.24\")."
"Row 7742 is invalid: Latitude is invalid (Value: nil).. Longitude is invalid (Value: nil)."
"Row 7745 is invalid: Country code can't be blank (Value: nil).. Country can't be blank (Value: nil)."
"Row 7747 is invalid: Country code can't be blank (Value: nil).. Country can't be blank (Value: nil)."
"Row 7779 is invalid: Ip address has already been taken (Value: \"85.68.71.24\")."
"Row 7808 is invalid: Latitude is invalid (Value: nil).. Longitude is invalid (Value: nil)."
"Row 7810 is invalid: Ip address has already been taken (Value: \"85.68.71.24\")."
"Row 7813 is invalid: Latitude can't be blank (Value: nil).. Longitude can't be blank (Value: nil)."
"Row 7822 is invalid: Latitude is invalid (Value: nil).. Longitude is invalid (Value: nil)."
"Row 7831 is invalid: Ip address is not a valid IPv4 address (Value: \"not your IP address\")."
"Row 7837 is invalid: Ip address is not a valid IPv4 address (Value: \"not your IP address\")."
"Row 7836 is invalid: Ip address has already been taken (Value: \"85.68.71.24\")."
"Row 7844 is invalid: Ip address has already been taken (Value: \"85.68.71.24\")."
"Row 7851 is invalid: Country code can't be blank (Value: nil).. Country can't be blank (Value: nil)."
"Row 7854 is invalid: Ip address can't be blank (Value: nil)."
"Row 7871 is invalid: Latitude is invalid (Value: nil).. Longitude is invalid (Value: nil)."
"Row 7880 is invalid: Ip address is not a valid IPv4 address (Value: \"not your IP address\")."
"Row 7885 is invalid: Ip address is not a valid IPv4 address (Value: \"not your IP address\")."
"Row 7897 is invalid: Ip address has already been taken (Value: \"85.68.71.24\")."
"Row 7931 is invalid: Ip address can't be blank (Value: nil)."
"Row 7934 is invalid: Latitude is invalid (Value: nil).. Longitude is invalid (Value: nil)."
"Row 7941 is invalid: Ip address has already been taken (Value: \"85.68.71.24\")."
"Row 7943 is invalid: Ip address has already been taken (Value: \"85.68.71.24\")."
"Row 7954 is invalid: Ip address has already been taken (Value: \"85.68.71.24\")."
"Row 7970 is invalid: Ip address can't be blank (Value: nil)."
"Row 7976 is invalid: Country code can't be blank (Value: nil).. Country can't be blank (Value: nil)."
"Row 7975 is invalid: Ip address has already been taken (Value: \"85.68.71.24\")."
"Row 7983 is invalid: Latitude can't be blank (Value: nil).. Longitude can't be blank (Value: nil)."
"Row 7981 is invalid: Ip address has already been taken (Value: \"85.68.71.24\")."
"Row 7986 is invalid: Ip address has already been taken (Value: \"85.68.71.24\")."
"Row 7993 is invalid: Ip address has already been taken (Value: \"85.68.71.24\")."
"Row 8016 is invalid: Ip address can't be blank (Value: nil)."
"Row 8024 is invalid: Country code can't be blank (Value: nil).. Country can't be blank (Value: nil)."
"Row 8027 is invalid: Ip address is not a valid IPv4 address (Value: \"not your IP address\")."
"Row 8035 is invalid: Ip address is not a valid IPv4 address (Value: \"not your IP address\")."
"Row 8050 is invalid: Latitude can't be blank (Value: nil).. Longitude can't be blank (Value: nil)."
"Row 8051 is invalid: Latitude is invalid (Value: nil).. Longitude is invalid (Value: nil)."
"Row 8059 is invalid: Latitude is invalid (Value: nil).. Longitude is invalid (Value: nil)."
"Row 8058 is invalid: Ip address has already been taken (Value: \"85.68.71.24\")."
"Row 8066 is invalid: Ip address is not a valid IPv4 address (Value: \"not your IP address\")."
"Row 8079 is invalid: Country code can't be blank (Value: nil).. Country can't be blank (Value: nil)."
"Row 8075 is invalid: Ip address has already been taken (Value: \"85.68.71.24\")."
"Row 8083 is invalid: Latitude can't be blank (Value: nil).. Longitude can't be blank (Value: nil)."
"Row 8100 is invalid: Ip address has already been taken (Value: \"85.68.71.24\")."
"Row 8102 is invalid: Ip address is not a valid IPv4 address (Value: \"not your IP address\")."
"Row 8107 is invalid: Country code can't be blank (Value: nil).. Country can't be blank (Value: nil)."
"Row 8115 is invalid: Ip address is not a valid IPv4 address (Value: \"not your IP address\")."
"Row 8117 is invalid: Ip address is not a valid IPv4 address (Value: \"not your IP address\")."
"Row 8118 is invalid: Ip address has already been taken (Value: \"85.68.71.24\")."
"Row 8133 is invalid: Ip address has already been taken (Value: \"85.68.71.24\")."
"Row 8141 is invalid: Ip address is not a valid IPv4 address (Value: \"not your IP address\")."
"Row 8142 is invalid: Country code can't be blank (Value: nil).. Country can't be blank (Value: nil)."
"Row 8144 is invalid: Latitude is invalid (Value: nil).. Longitude is invalid (Value: nil)."
"Row 8147 is invalid: Latitude is invalid (Value: nil).. Longitude is invalid (Value: nil)."
"Row 8145 is invalid: Ip address has already been taken (Value: \"85.68.71.24\")."
"Row 8150 is invalid: Country code can't be blank (Value: nil).. Country can't be blank (Value: nil)."
"Row 8158 is invalid: Ip address has already been taken (Value: \"85.68.71.24\")."
"Row 8163 is invalid: Ip address has already been taken (Value: \"85.68.71.24\")."
"Row 8167 is invalid: Latitude is invalid (Value: nil).. Longitude is invalid (Value: nil)."
"Row 8168 is invalid: Country code can't be blank (Value: nil).. Country can't be blank (Value: nil)."
"Row 8181 is invalid: Ip address has already been taken (Value: \"85.68.71.24\")."
"Row 8183 is invalid: Ip address has already been taken (Value: \"85.68.71.24\")."
"Row 8196 is invalid: Latitude is invalid (Value: nil).. Longitude is invalid (Value: nil)."
"Row 8209 is invalid: Ip address has already been taken (Value: \"85.68.71.24\")."
"Row 8215 is invalid: Ip address has already been taken (Value: \"85.68.71.24\")."
"Row 8219 is invalid: Ip address is not a valid IPv4 address (Value: \"not your IP address\")."
"Row 8216 is invalid: Ip address has already been taken (Value: \"85.68.71.24\")."
"Row 8220 is invalid: Ip address is not a valid IPv4 address (Value: \"not your IP address\")."
"Row 8224 is invalid: Country code can't be blank (Value: nil).. Country can't be blank (Value: nil)."
"Row 8234 is invalid: Ip address is not a valid IPv4 address (Value: \"not your IP address\")."
"Row 8236 is invalid: Ip address has already been taken (Value: \"85.68.71.24\")."
"Row 8233 is invalid: Ip address has already been taken (Value: \"85.68.71.24\")."
"Row 8259 is invalid: Latitude is invalid (Value: nil).. Longitude is invalid (Value: nil)."
"Row 8263 is invalid: Country code can't be blank (Value: nil).. Country can't be blank (Value: nil)."
"Row 8268 is invalid: Latitude is invalid (Value: nil).. Longitude is invalid (Value: nil)."
"Row 8272 is invalid: Country code can't be blank (Value: nil).. Country can't be blank (Value: nil)."
"Row 8279 is invalid: Country code can't be blank (Value: nil).. Country can't be blank (Value: nil)."
"Row 8286 is invalid: Latitude can't be blank (Value: nil).. Longitude can't be blank (Value: nil)."
"Row 8296 is invalid: Ip address has already been taken (Value: \"85.68.71.24\")."
"Row 8304 is invalid: Ip address can't be blank (Value: nil)."
"Row 8311 is invalid: Ip address has already been taken (Value: \"85.68.71.24\")."
"Row 8318 is invalid: Country code can't be blank (Value: nil).. Country can't be blank (Value: nil)."
"Row 8330 is invalid: Ip address has already been taken (Value: \"85.68.71.24\")."
"Row 8339 is invalid: Ip address has already been taken (Value: \"85.68.71.24\")."
"Row 8347 is invalid: Latitude can't be blank (Value: nil).. Longitude can't be blank (Value: nil)."
"Row 8348 is invalid: Ip address has already been taken (Value: \"85.68.71.24\")."
"Row 8360 is invalid: Country code can't be blank (Value: nil).. Country can't be blank (Value: nil)."
"Row 8358 is invalid: Ip address has already been taken (Value: \"85.68.71.24\")."
"Row 8372 is invalid: Latitude can't be blank (Value: nil).. Longitude can't be blank (Value: nil)."
"Row 8389 is invalid: Country code can't be blank (Value: nil).. Country can't be blank (Value: nil)."
"Row 8390 is invalid: Ip address can't be blank (Value: nil)."
"Row 8410 is invalid: Ip address is not a valid IPv4 address (Value: \"not your IP address\")."
"Row 8421 is invalid: Ip address is not a valid IPv4 address (Value: \"not your IP address\")."
"Row 8437 is invalid: Latitude is invalid (Value: nil).. Longitude is invalid (Value: nil)."
"Row 8443 is invalid: Latitude can't be blank (Value: nil).. Longitude can't be blank (Value: nil)."
"Row 8446 is invalid: Latitude is invalid (Value: nil).. Longitude is invalid (Value: nil)."
"Row 8448 is invalid: Ip address can't be blank (Value: nil)."
"Row 8465 is invalid: Latitude is invalid (Value: nil).. Longitude is invalid (Value: nil)."
"Row 8475 is invalid: Latitude can't be blank (Value: nil).. Longitude can't be blank (Value: nil)."
"Row 8482 is invalid: Ip address has already been taken (Value: \"85.68.71.24\")."
"Row 8486 is invalid: Latitude is invalid (Value: nil).. Longitude is invalid (Value: nil)."
"Row 8493 is invalid: Ip address can't be blank (Value: nil)."
"Row 8495 is invalid: Country code can't be blank (Value: nil).. Country can't be blank (Value: nil)."
"Row 8496 is invalid: Ip address is not a valid IPv4 address (Value: \"not your IP address\")."
"Row 8500 is invalid: Ip address can't be blank (Value: nil)."
"Row 8502 is invalid: Ip address has already been taken (Value: \"85.68.71.24\")."
"Row 8515 is invalid: Ip address has already been taken (Value: \"85.68.71.24\")."
"Row 8519 is invalid: Ip address is not a valid IPv4 address (Value: \"not your IP address\")."
"Row 8521 is invalid: Country code can't be blank (Value: nil).. Country can't be blank (Value: nil)."
"Row 8528 is invalid: Country code can't be blank (Value: nil).. Country can't be blank (Value: nil)."
"Row 8541 is invalid: Latitude is invalid (Value: nil).. Longitude is invalid (Value: nil)."
"Row 8550 is invalid: Ip address is not a valid IPv4 address (Value: \"not your IP address\")."
"Row 8555 is invalid: Ip address is not a valid IPv4 address (Value: \"not your IP address\")."
"Row 8568 is invalid: Latitude is invalid (Value: nil).. Longitude is invalid (Value: nil)."
"Row 8601 is invalid: Latitude can't be blank (Value: nil).. Longitude can't be blank (Value: nil)."
"Row 8606 is invalid: Latitude can't be blank (Value: nil).. Longitude can't be blank (Value: nil)."
"Row 8620 is invalid: Ip address has already been taken (Value: \"85.68.71.24\")."
"Row 8628 is invalid: Ip address has already been taken (Value: \"85.68.71.24\")."
"Row 8632 is invalid: Ip address is not a valid IPv4 address (Value: \"not your IP address\")."
"Row 8634 is invalid: Latitude is invalid (Value: nil).. Longitude is invalid (Value: nil)."
"Row 8640 is invalid: Latitude can't be blank (Value: nil).. Longitude can't be blank (Value: nil)."
"Row 8644 is invalid: Country code can't be blank (Value: nil).. Country can't be blank (Value: nil)."
"Row 8639 is invalid: Ip address has already been taken (Value: \"85.68.71.24\")."
"Row 8657 is invalid: Ip address can't be blank (Value: nil)."
"Row 8684 is invalid: Latitude can't be blank (Value: nil).. Longitude can't be blank (Value: nil)."
"Row 8687 is invalid: Ip address can't be blank (Value: nil)."
"Row 8690 is invalid: Ip address has already been taken (Value: \"85.68.71.24\")."
"Row 8694 is invalid: Ip address can't be blank (Value: nil)."
"Row 8698 is invalid: Ip address is not a valid IPv4 address (Value: \"not your IP address\")."
"Row 8697 is invalid: Ip address has already been taken (Value: \"85.68.71.24\")."
"Row 8725 is invalid: Ip address has already been taken (Value: \"85.68.71.24\")."
"Row 8735 is invalid: Country code can't be blank (Value: nil).. Country can't be blank (Value: nil)."
"Row 8742 is invalid: Country code can't be blank (Value: nil).. Country can't be blank (Value: nil)."
"Row 8756 is invalid: Ip address can't be blank (Value: nil)."
"Row 8752 is invalid: Ip address has already been taken (Value: \"85.68.71.24\")."
"Row 8767 is invalid: Latitude can't be blank (Value: nil).. Longitude can't be blank (Value: nil)."
"Row 8787 is invalid: Latitude can't be blank (Value: nil).. Longitude can't be blank (Value: nil)."
"Row 8788 is invalid: Ip address is not a valid IPv4 address (Value: \"not your IP address\")."
"Row 8789 is invalid: Latitude is invalid (Value: nil).. Longitude is invalid (Value: nil)."
"Row 8782 is invalid: Ip address has already been taken (Value: \"85.68.71.24\")."
"Row 8800 is invalid: Latitude can't be blank (Value: nil).. Longitude can't be blank (Value: nil)."
"Row 8806 is invalid: Ip address is not a valid IPv4 address (Value: \"not your IP address\")."
"Row 8832 is invalid: Country code can't be blank (Value: nil).. Country can't be blank (Value: nil)."
"Row 8837 is invalid: Country code can't be blank (Value: nil).. Country can't be blank (Value: nil)."
"Row 8840 is invalid: Latitude can't be blank (Value: nil).. Longitude can't be blank (Value: nil)."
"Row 8846 is invalid: Ip address is not a valid IPv4 address (Value: \"not your IP address\")."
"Row 8852 is invalid: Ip address has already been taken (Value: \"85.68.71.24\")."
"Row 8860 is invalid: Latitude can't be blank (Value: nil).. Longitude can't be blank (Value: nil)."
"Row 8875 is invalid: Ip address is not a valid IPv4 address (Value: \"not your IP address\")."
"Row 8885 is invalid: Latitude is invalid (Value: nil).. Longitude is invalid (Value: nil)."
"Row 8894 is invalid: Ip address is not a valid IPv4 address (Value: \"not your IP address\")."
"Row 8907 is invalid: Latitude is invalid (Value: nil).. Longitude is invalid (Value: nil)."
"Row 8926 is invalid: Ip address can't be blank (Value: nil)."
"Row 8956 is invalid: Ip address has already been taken (Value: \"85.68.71.24\")."
"Row 8957 is invalid: Ip address has already been taken (Value: \"85.68.71.24\")."
"Row 8961 is invalid: Ip address has already been taken (Value: \"85.68.71.24\")."
"Row 8962 is invalid: Ip address has already been taken (Value: \"85.68.71.24\")."
"Row 8967 is invalid: Ip address can't be blank (Value: nil)."
"Row 8971 is invalid: Latitude is invalid (Value: nil).. Longitude is invalid (Value: nil)."
"Row 8972 is invalid: Ip address is not a valid IPv4 address (Value: \"not your IP address\")."
"Row 8973 is invalid: Latitude is invalid (Value: nil).. Longitude is invalid (Value: nil)."
"Row 8979 is invalid: Ip address has already been taken (Value: \"85.68.71.24\")."
"Row 8988 is invalid: Ip address can't be blank (Value: nil)."
"Row 8991 is invalid: Latitude can't be blank (Value: nil).. Longitude can't be blank (Value: nil)."
"Row 8995 is invalid: Ip address is not a valid IPv4 address (Value: \"not your IP address\")."
"Row 9020 is invalid: Ip address can't be blank (Value: nil)."
"Row 9017 is invalid: Ip address has already been taken (Value: \"85.68.71.24\")."
"Row 9034 is invalid: Ip address can't be blank (Value: nil)."
"Row 9038 is invalid: Latitude can't be blank (Value: nil).. Longitude can't be blank (Value: nil)."
"Row 9041 is invalid: Latitude can't be blank (Value: nil).. Longitude can't be blank (Value: nil)."
"Row 9044 is invalid: Country code can't be blank (Value: nil).. Country can't be blank (Value: nil)."
"Row 9045 is invalid: Latitude is invalid (Value: nil).. Longitude is invalid (Value: nil)."
"Row 9047 is invalid: Latitude can't be blank (Value: nil).. Longitude can't be blank (Value: nil)."
"Row 9060 is invalid: Latitude can't be blank (Value: nil).. Longitude can't be blank (Value: nil)."
"Row 9073 is invalid: Latitude is invalid (Value: nil).. Longitude is invalid (Value: nil)."
"Row 9074 is invalid: Ip address can't be blank (Value: nil)."
"Row 9089 is invalid: Latitude can't be blank (Value: nil).. Longitude can't be blank (Value: nil)."
"Row 9088 is invalid: Ip address has already been taken (Value: \"85.68.71.24\")."
"Row 9099 is invalid: Ip address can't be blank (Value: nil)."
"Row 9102 is invalid: Ip address has already been taken (Value: \"85.68.71.24\")."
"Row 9106 is invalid: Country code can't be blank (Value: nil).. Country can't be blank (Value: nil)."
"Row 9111 is invalid: Ip address is not a valid IPv4 address (Value: \"not your IP address\")."
"Row 9135 is invalid: Ip address has already been taken (Value: \"85.68.71.24\")."
"Row 9139 is invalid: Ip address has already been taken (Value: \"85.68.71.24\")."
"Row 9153 is invalid: Country code can't be blank (Value: nil).. Country can't be blank (Value: nil)."
"Row 9154 is invalid: Latitude is invalid (Value: nil).. Longitude is invalid (Value: nil)."
"Row 9155 is invalid: Latitude is invalid (Value: nil).. Longitude is invalid (Value: nil)."
"Row 9165 is invalid: Country code can't be blank (Value: nil).. Country can't be blank (Value: nil)."
"Row 9163 is invalid: Ip address has already been taken (Value: \"85.68.71.24\")."
"Row 9166 is invalid: Ip address has already been taken (Value: \"85.68.71.24\")."
"Row 9169 is invalid: Country code can't be blank (Value: nil).. Country can't be blank (Value: nil)."
"Row 9186 is invalid: Ip address has already been taken (Value: \"85.68.71.24\")."
"Row 9198 is invalid: Ip address has already been taken (Value: \"85.68.71.24\")."
"Row 9210 is invalid: Country code can't be blank (Value: nil).. Country can't be blank (Value: nil)."
"Row 9213 is invalid: Latitude can't be blank (Value: nil).. Longitude can't be blank (Value: nil)."
"Row 9218 is invalid: Ip address has already been taken (Value: \"85.68.71.24\")."
"Row 9229 is invalid: Ip address has already been taken (Value: \"85.68.71.24\")."
"Row 9245 is invalid: Ip address has already been taken (Value: \"85.68.71.24\")."
"Row 9248 is invalid: Ip address can't be blank (Value: nil)."
"Row 9253 is invalid: Latitude can't be blank (Value: nil).. Longitude can't be blank (Value: nil)."
"Row 9256 is invalid: Latitude is invalid (Value: nil).. Longitude is invalid (Value: nil)."
"Row 9265 is invalid: Country code can't be blank (Value: nil).. Country can't be blank (Value: nil)."
"Row 9268 is invalid: Ip address has already been taken (Value: \"85.68.71.24\")."
"Row 9272 is invalid: Ip address can't be blank (Value: nil)."
"Row 9283 is invalid: Latitude can't be blank (Value: nil).. Longitude can't be blank (Value: nil)."
"Row 9305 is invalid: Country code can't be blank (Value: nil).. Country can't be blank (Value: nil)."
"Row 9306 is invalid: Ip address has already been taken (Value: \"85.68.71.24\")."
"Row 9316 is invalid: Ip address is not a valid IPv4 address (Value: \"not your IP address\")."
"Row 9317 is invalid: Ip address can't be blank (Value: nil)."
"Row 9326 is invalid: Ip address has already been taken (Value: \"85.68.71.24\")."
"Row 9333 is invalid: Ip address has already been taken (Value: \"85.68.71.24\")."
"Row 9341 is invalid: Latitude is invalid (Value: nil).. Longitude is invalid (Value: nil)."
"Row 9337 is invalid: Ip address has already been taken (Value: \"85.68.71.24\")."
"Row 9356 is invalid: Latitude can't be blank (Value: nil).. Longitude can't be blank (Value: nil)."
"Row 9366 is invalid: Ip address has already been taken (Value: \"85.68.71.24\")."
"Row 9374 is invalid: Latitude is invalid (Value: nil).. Longitude is invalid (Value: nil)."
"Row 9379 is invalid: Latitude can't be blank (Value: nil).. Longitude can't be blank (Value: nil)."
"Row 9380 is invalid: Ip address can't be blank (Value: nil)."
"Row 9384 is invalid: Ip address can't be blank (Value: nil)."
"Row 9388 is invalid: Ip address can't be blank (Value: nil)."
"Row 9396 is invalid: Ip address can't be blank (Value: nil)."
"Row 9404 is invalid: Ip address can't be blank (Value: nil)."
"Row 9411 is invalid: Country code can't be blank (Value: nil).. Country can't be blank (Value: nil)."
"Row 9455 is invalid: Country code can't be blank (Value: nil).. Country can't be blank (Value: nil)."
"Row 9476 is invalid: Latitude can't be blank (Value: nil).. Longitude can't be blank (Value: nil)."
"Row 9480 is invalid: Ip address has already been taken (Value: \"85.68.71.24\")."
"Row 9483 is invalid: Country code can't be blank (Value: nil).. Country can't be blank (Value: nil)."
"Row 9489 is invalid: Ip address has already been taken (Value: \"85.68.71.24\")."
"Row 9494 is invalid: Ip address can't be blank (Value: nil)."
"Row 9499 is invalid: Latitude can't be blank (Value: nil).. Longitude can't be blank (Value: nil)."
"Row 9500 is invalid: Ip address has already been taken (Value: \"85.68.71.24\")."
"Row 9512 is invalid: Latitude is invalid (Value: nil).. Longitude is invalid (Value: nil)."
"Row 9516 is invalid: Ip address has already been taken (Value: \"85.68.71.24\")."
"Row 9519 is invalid: Ip address has already been taken (Value: \"85.68.71.24\")."
"Row 9527 is invalid: Latitude can't be blank (Value: nil).. Longitude can't be blank (Value: nil)."
"Row 9532 is invalid: Ip address can't be blank (Value: nil)."
"Row 9537 is invalid: Ip address has already been taken (Value: \"85.68.71.24\")."
"Row 9538 is invalid: Ip address has already been taken (Value: \"85.68.71.24\")."
"Row 9540 is invalid: Ip address is not a valid IPv4 address (Value: \"not your IP address\")."
"Row 9545 is invalid: Latitude is invalid (Value: nil).. Longitude is invalid (Value: nil)."
"Row 9552 is invalid: Country code can't be blank (Value: nil).. Country can't be blank (Value: nil)."
"Row 9559 is invalid: Ip address has already been taken (Value: \"85.68.71.24\")."
"Row 9562 is invalid: Country code can't be blank (Value: nil).. Country can't be blank (Value: nil)."
"Row 9586 is invalid: Ip address can't be blank (Value: nil)."
"Row 9594 is invalid: Latitude is invalid (Value: nil).. Longitude is invalid (Value: nil)."
"Row 9597 is invalid: Ip address can't be blank (Value: nil)."
"Row 9596 is invalid: Ip address has already been taken (Value: \"85.68.71.24\")."
"Row 9604 is invalid: Country code can't be blank (Value: nil).. Country can't be blank (Value: nil)."
"Row 9610 is invalid: Ip address has already been taken (Value: \"85.68.71.24\")."
"Row 9614 is invalid: Ip address has already been taken (Value: \"85.68.71.24\")."
"Row 9617 is invalid: Ip address has already been taken (Value: \"85.68.71.24\")."
"Row 9628 is invalid: Ip address has already been taken (Value: \"85.68.71.24\")."
"Row 9639 is invalid: Latitude is invalid (Value: nil).. Longitude is invalid (Value: nil)."
"Row 9635 is invalid: Ip address has already been taken (Value: \"85.68.71.24\")."
"Row 9642 is invalid: Latitude is invalid (Value: nil).. Longitude is invalid (Value: nil)."
"Row 9664 is invalid: Ip address has already been taken (Value: \"85.68.71.24\")."
"Row 9666 is invalid: Ip address can't be blank (Value: nil)."
"Row 9679 is invalid: Ip address can't be blank (Value: nil)."
"Row 9680 is invalid: Ip address has already been taken (Value: \"85.68.71.24\")."
"Row 9683 is invalid: Ip address has already been taken (Value: \"85.68.71.24\")."
"Row 9694 is invalid: Ip address has already been taken (Value: \"85.68.71.24\")."
"Row 9703 is invalid: Latitude is invalid (Value: nil).. Longitude is invalid (Value: nil)."
"Row 9704 is invalid: Ip address can't be blank (Value: nil)."
"Row 9718 is invalid: Country code can't be blank (Value: nil).. Country can't be blank (Value: nil)."
"Row 9721 is invalid: Latitude is invalid (Value: nil).. Longitude is invalid (Value: nil)."
"Row 9723 is invalid: Ip address is not a valid IPv4 address (Value: \"not your IP address\")."
"Row 9724 is invalid: Ip address can't be blank (Value: nil)."
"Row 9750 is invalid: Ip address can't be blank (Value: nil)."
"Row 9752 is invalid: Latitude is invalid (Value: nil).. Longitude is invalid (Value: nil)."
"Row 9753 is invalid: Country code can't be blank (Value: nil).. Country can't be blank (Value: nil)."
"Row 9764 is invalid: Ip address has already been taken (Value: \"85.68.71.24\")."
"Row 9769 is invalid: Ip address has already been taken (Value: \"85.68.71.24\")."
"Row 9771 is invalid: Ip address has already been taken (Value: \"85.68.71.24\")."
"Row 9791 is invalid: Country code can't be blank (Value: nil).. Country can't be blank (Value: nil)."
"Row 9810 is invalid: Ip address has already been taken (Value: \"85.68.71.24\")."
"Row 9844 is invalid: Latitude is invalid (Value: nil).. Longitude is invalid (Value: nil)."
"Row 9853 is invalid: Latitude is invalid (Value: nil).. Longitude is invalid (Value: nil)."
"Row 9854 is invalid: Ip address is not a valid IPv4 address (Value: \"not your IP address\")."
"Row 9864 is invalid: Latitude can't be blank (Value: nil).. Longitude can't be blank (Value: nil)."
"Row 9867 is invalid: Latitude is invalid (Value: nil).. Longitude is invalid (Value: nil)."
"Row 9873 is invalid: Ip address is not a valid IPv4 address (Value: \"not your IP address\")."
"Row 9874 is invalid: Ip address has already been taken (Value: \"85.68.71.24\")."
"Row 9880 is invalid: Ip address can't be blank (Value: nil)."
"Row 9876 is invalid: Ip address has already been taken (Value: \"85.68.71.24\")."
"Row 9903 is invalid: Ip address can't be blank (Value: nil)."
"Row 9897 is invalid: Ip address has already been taken (Value: \"85.68.71.24\")."
"Row 9914 is invalid: Latitude is invalid (Value: nil).. Longitude is invalid (Value: nil)."
"Row 9934 is invalid: Latitude is invalid (Value: nil).. Longitude is invalid (Value: nil)."
"Row 9935 is invalid: Latitude can't be blank (Value: nil).. Longitude can't be blank (Value: nil)."
"Row 9936 is invalid: Ip address has already been taken (Value: \"85.68.71.24\")."
"Row 9938 is invalid: Ip address has already been taken (Value: \"85.68.71.24\")."
"Row 9985 is invalid: Ip address has already been taken (Value: \"85.68.71.24\")."
"Row 9995 is invalid: Ip address is not a valid IPv4 address (Value: \"not your IP address\")."
"Row 9998 is invalid: Ip address has already been taken (Value: \"85.68.71.24\")."
"Row 10001 is invalid: Ip address has already been taken (Value: \"85.68.71.24\")."
"Row 10003 is invalid: Latitude is invalid (Value: nil).. Longitude is invalid (Value: nil)."
"Row 10012 is invalid: Latitude can't be blank (Value: nil).. Longitude can't be blank (Value: nil)."
"Row 10014 is invalid: Country code can't be blank (Value: nil).. Country can't be blank (Value: nil)."
"Row 10015 is invalid: Country code can't be blank (Value: nil).. Country can't be blank (Value: nil)."
"Row 10023 is invalid: Ip address has already been taken (Value: \"85.68.71.24\")."
"Row 10024 is invalid: Ip address can't be blank (Value: nil)."
"Row 10053 is invalid: Ip address has already been taken (Value: \"85.68.71.24\")."
"Row 10060 is invalid: Ip address has already been taken (Value: \"85.68.71.24\")."
"Row 10075 is invalid: Ip address has already been taken (Value: \"85.68.71.24\")."
"Row 10080 is invalid: Ip address can't be blank (Value: nil)."
"Row 10095 is invalid: Ip address has already been taken (Value: \"85.68.71.24\")."
"Row 10097 is invalid: Ip address has already been taken (Value: \"85.68.71.24\")."
"Row 10124 is invalid: Ip address is not a valid IPv4 address (Value: \"not your IP address\")."
"Row 10137 is invalid: Ip address is not a valid IPv4 address (Value: \"not your IP address\")."
"Row 10138 is invalid: Country code can't be blank (Value: nil).. Country can't be blank (Value: nil)."
"Row 10141 is invalid: Ip address can't be blank (Value: nil)."
"Row 10143 is invalid: Latitude is invalid (Value: nil).. Longitude is invalid (Value: nil)."
"Row 10145 is invalid: Ip address has already been taken (Value: \"85.68.71.24\")."
"Row 10150 is invalid: Latitude is invalid (Value: nil).. Longitude is invalid (Value: nil)."
"Row 10152 is invalid: Country code can't be blank (Value: nil).. Country can't be blank (Value: nil)."
"Row 10160 is invalid: Latitude can't be blank (Value: nil).. Longitude can't be blank (Value: nil)."
"Row 10161 is invalid: Ip address can't be blank (Value: nil)."
"Row 10185 is invalid: Ip address is not a valid IPv4 address (Value: \"not your IP address\")."
"Row 10187 is invalid: Ip address can't be blank (Value: nil)."
"Row 10212 is invalid: Latitude is invalid (Value: nil).. Longitude is invalid (Value: nil)."
"Row 10221 is invalid: Country code can't be blank (Value: nil).. Country can't be blank (Value: nil)."
"Row 10222 is invalid: Country code can't be blank (Value: nil).. Country can't be blank (Value: nil)."
"Row 10218 is invalid: Ip address has already been taken (Value: \"85.68.71.24\")."
"Row 10227 is invalid: Latitude can't be blank (Value: nil).. Longitude can't be blank (Value: nil)."
"Row 10230 is invalid: Ip address can't be blank (Value: nil)."
"Row 10237 is invalid: Ip address is not a valid IPv4 address (Value: \"not your IP address\")."
"Row 10232 is invalid: Ip address has already been taken (Value: \"85.68.71.24\")."
"Row 10241 is invalid: Latitude is invalid (Value: nil).. Longitude is invalid (Value: nil)."
"Row 10247 is invalid: Ip address can't be blank (Value: nil)."
"Row 10255 is invalid: Ip address can't be blank (Value: nil)."
"Row 10275 is invalid: Ip address has already been taken (Value: \"85.68.71.24\")."
"Row 10277 is invalid: Ip address has already been taken (Value: \"85.68.71.24\")."
"Row 10287 is invalid: Latitude can't be blank (Value: nil).. Longitude can't be blank (Value: nil)."
"Row 10297 is invalid: Ip address can't be blank (Value: nil)."
"Row 10306 is invalid: Ip address can't be blank (Value: nil)."
"Row 10307 is invalid: Ip address has already been taken (Value: \"85.68.71.24\")."
"Row 10309 is invalid: Ip address has already been taken (Value: \"85.68.71.24\")."
"Row 10314 is invalid: Ip address can't be blank (Value: nil)."
"Row 10327 is invalid: Ip address can't be blank (Value: nil)."
"Row 10335 is invalid: Ip address is not a valid IPv4 address (Value: \"not your IP address\")."
"Row 10340 is invalid: Ip address has already been taken (Value: \"85.68.71.24\")."
"Row 10350 is invalid: Latitude is invalid (Value: nil).. Longitude is invalid (Value: nil)."
"Row 10353 is invalid: Ip address has already been taken (Value: \"85.68.71.24\")."
"Row 10380 is invalid: Ip address has already been taken (Value: \"85.68.71.24\")."
"Row 10392 is invalid: Ip address has already been taken (Value: \"85.68.71.24\")."
"Row 10396 is invalid: Ip address has already been taken (Value: \"85.68.71.24\")."
"Row 10403 is invalid: Latitude is invalid (Value: nil).. Longitude is invalid (Value: nil)."
"Row 10405 is invalid: Ip address is not a valid IPv4 address (Value: \"not your IP address\")."
"Row 10407 is invalid: Ip address has already been taken (Value: \"85.68.71.24\")."
"Row 10418 is invalid: Ip address can't be blank (Value: nil)."
"Row 10416 is invalid: Ip address has already been taken (Value: \"85.68.71.24\")."
"Row 10419 is invalid: Ip address has already been taken (Value: \"85.68.71.24\")."
"Row 10435 is invalid: Latitude is invalid (Value: nil).. Longitude is invalid (Value: nil)."
"Row 10436 is invalid: Ip address has already been taken (Value: \"85.68.71.24\")."
"Row 10452 is invalid: Ip address is not a valid IPv4 address (Value: \"not your IP address\")."
"Row 10451 is invalid: Ip address has already been taken (Value: \"85.68.71.24\")."
"Row 10462 is invalid: Ip address is not a valid IPv4 address (Value: \"not your IP address\")."
"Row 10466 is invalid: Country code can't be blank (Value: nil).. Country can't be blank (Value: nil)."
"Row 10469 is invalid: Ip address has already been taken (Value: \"85.68.71.24\")."
"Row 10473 is invalid: Ip address can't be blank (Value: nil)."
"Row 10478 is invalid: Country code can't be blank (Value: nil).. Country can't be blank (Value: nil)."
"Row 10480 is invalid: Ip address is not a valid IPv4 address (Value: \"not your IP address\")."
"Row 10481 is invalid: Ip address has already been taken (Value: \"85.68.71.24\")."
"Row 10492 is invalid: Ip address can't be blank (Value: nil)."
"Row 10493 is invalid: Ip address has already been taken (Value: \"85.68.71.24\")."
"Row 10509 is invalid: Ip address has already been taken (Value: \"85.68.71.24\")."
"Row 10521 is invalid: Ip address is not a valid IPv4 address (Value: \"not your IP address\")."
"Row 10528 is invalid: Ip address has already been taken (Value: \"85.68.71.24\")."
"Row 10539 is invalid: Latitude can't be blank (Value: nil).. Longitude can't be blank (Value: nil)."
"Row 10559 is invalid: Ip address has already been taken (Value: \"85.68.71.24\")."
"Row 10574 is invalid: Country code can't be blank (Value: nil).. Country can't be blank (Value: nil)."
"Row 10571 is invalid: Ip address has already been taken (Value: \"85.68.71.24\")."
"Row 10579 is invalid: Latitude is invalid (Value: nil).. Longitude is invalid (Value: nil)."
"Row 10578 is invalid: Ip address has already been taken (Value: \"85.68.71.24\")."
"Row 10581 is invalid: Ip address has already been taken (Value: \"85.68.71.24\")."
"Row 10591 is invalid: Country code can't be blank (Value: nil).. Country can't be blank (Value: nil)."
"Row 10595 is invalid: Ip address has already been taken (Value: \"85.68.71.24\")."
"Row 10599 is invalid: Latitude is invalid (Value: nil).. Longitude is invalid (Value: nil)."
"Row 10601 is invalid: Ip address can't be blank (Value: nil)."
"Row 10623 is invalid: Ip address has already been taken (Value: \"85.68.71.24\")."
"Row 10627 is invalid: Latitude is invalid (Value: nil).. Longitude is invalid (Value: nil)."
"Row 10628 is invalid: Country code can't be blank (Value: nil).. Country can't be blank (Value: nil)."
"Row 10632 is invalid: Country code can't be blank (Value: nil).. Country can't be blank (Value: nil)."
"Row 10642 is invalid: Ip address can't be blank (Value: nil)."
"Row 10653 is invalid: Country code can't be blank (Value: nil).. Country can't be blank (Value: nil)."
"Row 10674 is invalid: Ip address can't be blank (Value: nil)."
"Row 10680 is invalid: Latitude can't be blank (Value: nil).. Longitude can't be blank (Value: nil)."
"Row 10681 is invalid: Ip address has already been taken (Value: \"85.68.71.24\")."
"Row 10699 is invalid: Latitude can't be blank (Value: nil).. Longitude can't be blank (Value: nil)."
"Row 10702 is invalid: Ip address has already been taken (Value: \"85.68.71.24\")."
"Row 10711 is invalid: Latitude can't be blank (Value: nil).. Longitude can't be blank (Value: nil)."
"Row 10712 is invalid: Ip address is not a valid IPv4 address (Value: \"not your IP address\")."
"Row 10720 is invalid: Ip address has already been taken (Value: \"85.68.71.24\")."
"Row 10726 is invalid: Ip address can't be blank (Value: nil)."
"Row 10734 is invalid: Latitude can't be blank (Value: nil).. Longitude can't be blank (Value: nil)."
"Row 10738 is invalid: Ip address is not a valid IPv4 address (Value: \"not your IP address\")."
"Row 10783 is invalid: Ip address has already been taken (Value: \"85.68.71.24\")."
"Row 10787 is invalid: Latitude is invalid (Value: nil).. Longitude is invalid (Value: nil)."
"Row 10788 is invalid: Ip address is not a valid IPv4 address (Value: \"not your IP address\")."
"Row 10789 is invalid: Ip address has already been taken (Value: \"85.68.71.24\")."
"Row 10802 is invalid: Ip address has already been taken (Value: \"85.68.71.24\")."
"Row 10813 is invalid: Latitude can't be blank (Value: nil).. Longitude can't be blank (Value: nil)."
"Row 10818 is invalid: Country code can't be blank (Value: nil).. Country can't be blank (Value: nil)."
"Row 10829 is invalid: Ip address can't be blank (Value: nil)."
"Row 10836 is invalid: Ip address has already been taken (Value: \"85.68.71.24\")."
"Row 10845 is invalid: Ip address is not a valid IPv4 address (Value: \"not your IP address\")."
"Row 10853 is invalid: Ip address is not a valid IPv4 address (Value: \"not your IP address\")."
"Row 10877 is invalid: Ip address has already been taken (Value: \"85.68.71.24\")."
"Row 10887 is invalid: Country code can't be blank (Value: nil).. Country can't be blank (Value: nil)."
"Row 10883 is invalid: Ip address has already been taken (Value: \"85.68.71.24\")."
"Row 10885 is invalid: Ip address has already been taken (Value: \"85.68.71.24\")."
"Row 10900 is invalid: Ip address has already been taken (Value: \"85.68.71.24\")."
"Row 10906 is invalid: Latitude can't be blank (Value: nil).. Longitude can't be blank (Value: nil)."
"Row 10908 is invalid: Ip address has already been taken (Value: \"85.68.71.24\")."
"Row 10916 is invalid: Ip address can't be blank (Value: nil)."
"Row 10918 is invalid: Ip address has already been taken (Value: \"85.68.71.24\")."
"Row 10927 is invalid: Latitude can't be blank (Value: nil).. Longitude can't be blank (Value: nil)."
"Row 10929 is invalid: Ip address is not a valid IPv4 address (Value: \"not your IP address\")."
"Row 10932 is invalid: Latitude is invalid (Value: nil).. Longitude is invalid (Value: nil)."
"Row 10936 is invalid: Ip address is not a valid IPv4 address (Value: \"not your IP address\")."
"Row 10954 is invalid: Ip address has already been taken (Value: \"85.68.71.24\")."
"Row 10956 is invalid: Ip address is not a valid IPv4 address (Value: \"not your IP address\")."
"Row 10959 is invalid: Latitude can't be blank (Value: nil).. Longitude can't be blank (Value: nil)."
"Row 10961 is invalid: Latitude is invalid (Value: nil).. Longitude is invalid (Value: nil)."
"Row 10966 is invalid: Latitude can't be blank (Value: nil).. Longitude can't be blank (Value: nil)."
"Row 10975 is invalid: Ip address is not a valid IPv4 address (Value: \"not your IP address\")."
"Row 10989 is invalid: Latitude is invalid (Value: nil).. Longitude is invalid (Value: nil)."
"Row 11003 is invalid: Ip address has already been taken (Value: \"85.68.71.24\")."
"Row 11024 is invalid: Latitude can't be blank (Value: nil).. Longitude can't be blank (Value: nil)."
"Row 11030 is invalid: Ip address can't be blank (Value: nil)."
"Row 11025 is invalid: Ip address has already been taken (Value: \"85.68.71.24\")."
"Row 11036 is invalid: Country code can't be blank (Value: nil).. Country can't be blank (Value: nil)."
"Row 11047 is invalid: Latitude can't be blank (Value: nil).. Longitude can't be blank (Value: nil)."
"Row 11046 is invalid: Ip address has already been taken (Value: \"85.68.71.24\")."
"Row 11048 is invalid: Ip address has already been taken (Value: \"85.68.71.24\")."
"Row 11061 is invalid: Latitude can't be blank (Value: nil).. Longitude can't be blank (Value: nil)."
"Row 11066 is invalid: Ip address can't be blank (Value: nil)."
"Row 11068 is invalid: Latitude is invalid (Value: nil).. Longitude is invalid (Value: nil)."
"Row 11065 is invalid: Ip address has already been taken (Value: \"85.68.71.24\")."
"Row 11083 is invalid: Latitude is invalid (Value: nil).. Longitude is invalid (Value: nil)."
"Row 11093 is invalid: Ip address can't be blank (Value: nil)."
"Row 11091 is invalid: Ip address has already been taken (Value: \"85.68.71.24\")."
"Row 11100 is invalid: Ip address has already been taken (Value: \"85.68.71.24\")."
"Row 11108 is invalid: Ip address is not a valid IPv4 address (Value: \"not your IP address\")."
"Row 11119 is invalid: Ip address has already been taken (Value: \"85.68.71.24\")."
"Row 11135 is invalid: Latitude can't be blank (Value: nil).. Longitude can't be blank (Value: nil)."
"Row 11137 is invalid: Ip address can't be blank (Value: nil)."
"Row 11140 is invalid: Ip address is not a valid IPv4 address (Value: \"not your IP address\")."
"Row 11154 is invalid: Ip address has already been taken (Value: \"85.68.71.24\")."
"Row 11166 is invalid: Latitude is invalid (Value: nil).. Longitude is invalid (Value: nil)."
"Row 11167 is invalid: Ip address has already been taken (Value: \"85.68.71.24\")."
"Row 11169 is invalid: Ip address has already been taken (Value: \"85.68.71.24\")."
"Row 11170 is invalid: Ip address has already been taken (Value: \"85.68.71.24\")."
"Row 11184 is invalid: Country code can't be blank (Value: nil).. Country can't be blank (Value: nil)."
"Row 11185 is invalid: Ip address has already been taken (Value: \"85.68.71.24\")."
"Row 11207 is invalid: Ip address is not a valid IPv4 address (Value: \"not your IP address\")."
"Row 11220 is invalid: Ip address has already been taken (Value: \"85.68.71.24\")."
"Row 11225 is invalid: Latitude is invalid (Value: nil).. Longitude is invalid (Value: nil)."
"Row 11232 is invalid: Ip address has already been taken (Value: \"85.68.71.24\")."
"Row 11259 is invalid: Ip address is not a valid IPv4 address (Value: \"not your IP address\")."
"Row 11294 is invalid: Ip address has already been taken (Value: \"85.68.71.24\")."
"Row 11299 is invalid: Ip address has already been taken (Value: \"85.68.71.24\")."
"Row 11301 is invalid: Country code can't be blank (Value: nil).. Country can't be blank (Value: nil)."
"Row 11306 is invalid: Latitude is invalid (Value: nil).. Longitude is invalid (Value: nil)."
"Row 11304 is invalid: Ip address has already been taken (Value: \"85.68.71.24\")."
"Row 11309 is invalid: Ip address has already been taken (Value: \"85.68.71.24\")."
"Row 11312 is invalid: Ip address has already been taken (Value: \"85.68.71.24\")."
"Row 11321 is invalid: Ip address is not a valid IPv4 address (Value: \"not your IP address\")."
"Row 11323 is invalid: Ip address is not a valid IPv4 address (Value: \"not your IP address\")."
"Row 11326 is invalid: Country code can't be blank (Value: nil).. Country can't be blank (Value: nil)."
"Row 11327 is invalid: Ip address has already been taken (Value: \"85.68.71.24\")."
"Row 11335 is invalid: Ip address has already been taken (Value: \"85.68.71.24\")."
"Row 11343 is invalid: Latitude is invalid (Value: nil).. Longitude is invalid (Value: nil)."
"Row 11342 is invalid: Ip address has already been taken (Value: \"85.68.71.24\")."
"Row 11350 is invalid: Ip address has already been taken (Value: \"85.68.71.24\")."
"Row 11358 is invalid: Ip address has already been taken (Value: \"85.68.71.24\")."
"Row 11369 is invalid: Ip address can't be blank (Value: nil)."
"Row 11373 is invalid: Country code can't be blank (Value: nil).. Country can't be blank (Value: nil)."
"Row 11387 is invalid: Latitude is invalid (Value: nil).. Longitude is invalid (Value: nil)."
"Row 11400 is invalid: Latitude can't be blank (Value: nil).. Longitude can't be blank (Value: nil)."
"Row 11398 is invalid: Ip address has already been taken (Value: \"85.68.71.24\")."
"Row 11411 is invalid: Ip address can't be blank (Value: nil)."
"Row 11422 is invalid: Ip address has already been taken (Value: \"85.68.71.24\")."
"Row 11433 is invalid: Ip address has already been taken (Value: \"85.68.71.24\")."
"Row 11435 is invalid: Latitude is invalid (Value: nil).. Longitude is invalid (Value: nil)."
"Row 11446 is invalid: Ip address has already been taken (Value: \"85.68.71.24\")."
"Row 11460 is invalid: Latitude is invalid (Value: nil).. Longitude is invalid (Value: nil)."
"Row 11471 is invalid: Ip address can't be blank (Value: nil)."
"Row 11477 is invalid: Latitude is invalid (Value: nil).. Longitude is invalid (Value: nil)."
"Row 11473 is invalid: Ip address has already been taken (Value: \"85.68.71.24\")."
"Row 11490 is invalid: Ip address has already been taken (Value: \"85.68.71.24\")."
"Row 11501 is invalid: Ip address is not a valid IPv4 address (Value: \"not your IP address\")."
"Row 11508 is invalid: Country code can't be blank (Value: nil).. Country can't be blank (Value: nil)."
"Row 11511 is invalid: Country code can't be blank (Value: nil).. Country can't be blank (Value: nil)."
"Row 11509 is invalid: Ip address has already been taken (Value: \"85.68.71.24\")."
"Row 11513 is invalid: Ip address has already been taken (Value: \"85.68.71.24\")."
"Row 11517 is invalid: Country code can't be blank (Value: nil).. Country can't be blank (Value: nil)."
"Row 11519 is invalid: Country code can't be blank (Value: nil).. Country can't be blank (Value: nil)."
"Row 11516 is invalid: Ip address has already been taken (Value: \"85.68.71.24\")."
"Row 11525 is invalid: Country code can't be blank (Value: nil).. Country can't be blank (Value: nil)."
"Row 11528 is invalid: Ip address has already been taken (Value: \"85.68.71.24\")."
"Row 11557 is invalid: Ip address has already been taken (Value: \"85.68.71.24\")."
"Row 11564 is invalid: Ip address can't be blank (Value: nil)."
"Row 11566 is invalid: Ip address has already been taken (Value: \"85.68.71.24\")."
"Row 11593 is invalid: Country code can't be blank (Value: nil).. Country can't be blank (Value: nil)."
"Row 11592 is invalid: Ip address has already been taken (Value: \"85.68.71.24\")."
"Row 11625 is invalid: Country code can't be blank (Value: nil).. Country can't be blank (Value: nil)."
"Row 11626 is invalid: Ip address can't be blank (Value: nil)."
"Row 11631 is invalid: Ip address has already been taken (Value: \"85.68.71.24\")."
"Row 11647 is invalid: Ip address has already been taken (Value: \"85.68.71.24\")."
"Row 11660 is invalid: Latitude can't be blank (Value: nil).. Longitude can't be blank (Value: nil)."
"Row 11663 is invalid: Ip address has already been taken (Value: \"85.68.71.24\")."
"Row 11669 is invalid: Latitude can't be blank (Value: nil).. Longitude can't be blank (Value: nil)."
"Row 11667 is invalid: Ip address has already been taken (Value: \"85.68.71.24\")."
"Row 11674 is invalid: Ip address can't be blank (Value: nil)."
"Row 11679 is invalid: Latitude can't be blank (Value: nil).. Longitude can't be blank (Value: nil)."
"Row 11685 is invalid: Ip address has already been taken (Value: \"85.68.71.24\")."
"Row 11698 is invalid: Ip address has already been taken (Value: \"85.68.71.24\")."
"Row 11706 is invalid: Ip address has already been taken (Value: \"85.68.71.24\")."
"Row 11708 is invalid: Latitude is invalid (Value: nil).. Longitude is invalid (Value: nil)."
"Row 11727 is invalid: Ip address has already been taken (Value: \"85.68.71.24\")."
"Row 11730 is invalid: Latitude can't be blank (Value: nil).. Longitude can't be blank (Value: nil)."
"Row 11732 is invalid: Latitude is invalid (Value: nil).. Longitude is invalid (Value: nil)."
"Row 11742 is invalid: Latitude can't be blank (Value: nil).. Longitude can't be blank (Value: nil)."
"Row 11744 is invalid: Ip address is not a valid IPv4 address (Value: \"not your IP address\")."
"Row 11755 is invalid: Ip address can't be blank (Value: nil)."
"Row 11778 is invalid: Latitude is invalid (Value: nil).. Longitude is invalid (Value: nil)."
"Row 11777 is invalid: Ip address has already been taken (Value: \"85.68.71.24\")."
"Row 11823 is invalid: Country code can't be blank (Value: nil).. Country can't be blank (Value: nil)."
"Row 11827 is invalid: Latitude is invalid (Value: nil).. Longitude is invalid (Value: nil)."
"Row 11830 is invalid: Ip address is not a valid IPv4 address (Value: \"not your IP address\")."
"Row 11837 is invalid: Ip address has already been taken (Value: \"85.68.71.24\")."
"Row 11845 is invalid: Ip address has already been taken (Value: \"85.68.71.24\")."
"Row 11849 is invalid: Latitude can't be blank (Value: nil).. Longitude can't be blank (Value: nil)."
"Row 11864 is invalid: Latitude is invalid (Value: nil).. Longitude is invalid (Value: nil)."
"Row 11872 is invalid: Latitude can't be blank (Value: nil).. Longitude can't be blank (Value: nil)."
"Row 11886 is invalid: Ip address is not a valid IPv4 address (Value: \"not your IP address\")."
"Row 11889 is invalid: Ip address can't be blank (Value: nil)."
"Row 11900 is invalid: Ip address has already been taken (Value: \"85.68.71.24\")."
"Row 11901 is invalid: Ip address has already been taken (Value: \"85.68.71.24\")."
"Row 11903 is invalid: Ip address has already been taken (Value: \"85.68.71.24\")."
"Row 11929 is invalid: Ip address can't be blank (Value: nil)."
"Row 11930 is invalid: Country code can't be blank (Value: nil).. Country can't be blank (Value: nil)."
"Row 11936 is invalid: Ip address is not a valid IPv4 address (Value: \"not your IP address\")."
"Row 11939 is invalid: Ip address can't be blank (Value: nil)."
"Row 11942 is invalid: Ip address has already been taken (Value: \"85.68.71.24\")."
"Row 11947 is invalid: Ip address has already been taken (Value: \"85.68.71.24\")."
"Row 11956 is invalid: Ip address is not a valid IPv4 address (Value: \"not your IP address\")."
"Row 11962 is invalid: Ip address can't be blank (Value: nil)."
"Row 11980 is invalid: Ip address has already been taken (Value: \"85.68.71.24\")."
"Row 11993 is invalid: Ip address has already been taken (Value: \"85.68.71.24\")."
"Row 12001 is invalid: Ip address has already been taken (Value: \"85.68.71.24\")."
"Row 12008 is invalid: Ip address can't be blank (Value: nil)."
"Row 12006 is invalid: Ip address has already been taken (Value: \"85.68.71.24\")."
"Row 12009 is invalid: Ip address has already been taken (Value: \"85.68.71.24\")."
"Row 12013 is invalid: Ip address has already been taken (Value: \"85.68.71.24\")."
"Row 12022 is invalid: Latitude is invalid (Value: nil).. Longitude is invalid (Value: nil)."
"Row 12021 is invalid: Ip address has already been taken (Value: \"85.68.71.24\")."
"Row 12029 is invalid: Ip address can't be blank (Value: nil)."
"Row 12046 is invalid: Latitude is invalid (Value: nil).. Longitude is invalid (Value: nil)."
"Row 12049 is invalid: Country code can't be blank (Value: nil).. Country can't be blank (Value: nil)."
"Row 12051 is invalid: Ip address has already been taken (Value: \"85.68.71.24\")."
"Row 12061 is invalid: Latitude is invalid (Value: nil).. Longitude is invalid (Value: nil)."
"Row 12067 is invalid: Ip address is not a valid IPv4 address (Value: \"not your IP address\")."
"Row 12074 is invalid: Ip address can't be blank (Value: nil)."
"Row 12076 is invalid: Ip address has already been taken (Value: \"85.68.71.24\")."
"Row 12085 is invalid: Latitude can't be blank (Value: nil).. Longitude can't be blank (Value: nil)."
"Row 12090 is invalid: Country code can't be blank (Value: nil).. Country can't be blank (Value: nil)."
"Row 12097 is invalid: Latitude can't be blank (Value: nil).. Longitude can't be blank (Value: nil)."
"Row 12100 is invalid: Ip address is not a valid IPv4 address (Value: \"not your IP address\")."
"Row 12099 is invalid: Ip address has already been taken (Value: \"85.68.71.24\")."
"Row 12117 is invalid: Country code can't be blank (Value: nil).. Country can't be blank (Value: nil)."
"Row 12121 is invalid: Ip address has already been taken (Value: \"85.68.71.24\")."
"Row 12126 is invalid: Ip address has already been taken (Value: \"85.68.71.24\")."
"Row 12135 is invalid: Ip address has already been taken (Value: \"85.68.71.24\")."
"Row 12138 is invalid: Ip address has already been taken (Value: \"85.68.71.24\")."
"Row 12146 is invalid: Ip address has already been taken (Value: \"85.68.71.24\")."
"Row 12160 is invalid: Ip address has already been taken (Value: \"85.68.71.24\")."
"Row 12177 is invalid: Ip address has already been taken (Value: \"85.68.71.24\")."
"Row 12180 is invalid: Ip address has already been taken (Value: \"85.68.71.24\")."
"Row 12183 is invalid: Ip address is not a valid IPv4 address (Value: \"not your IP address\")."
"Row 12185 is invalid: Latitude can't be blank (Value: nil).. Longitude can't be blank (Value: nil)."
"Row 12188 is invalid: Ip address can't be blank (Value: nil)."
"Row 12198 is invalid: Latitude can't be blank (Value: nil).. Longitude can't be blank (Value: nil)."
"Row 12210 is invalid: Ip address is not a valid IPv4 address (Value: \"not your IP address\")."
"Row 12214 is invalid: Ip address has already been taken (Value: \"85.68.71.24\")."
"Row 12223 is invalid: Ip address has already been taken (Value: \"85.68.71.24\")."
"Row 12247 is invalid: Ip address has already been taken (Value: \"85.68.71.24\")."
"Row 12264 is invalid: Ip address can't be blank (Value: nil)."
"Row 12273 is invalid: Ip address has already been taken (Value: \"85.68.71.24\")."
"Row 12278 is invalid: Latitude can't be blank (Value: nil).. Longitude can't be blank (Value: nil)."
"Row 12286 is invalid: Latitude is invalid (Value: nil).. Longitude is invalid (Value: nil)."
"Row 12307 is invalid: Ip address can't be blank (Value: nil)."
"Row 12308 is invalid: Ip address has already been taken (Value: \"85.68.71.24\")."
"Row 12312 is invalid: Ip address has already been taken (Value: \"85.68.71.24\")."
"Row 12311 is invalid: Ip address has already been taken (Value: \"85.68.71.24\")."
"Row 12325 is invalid: Ip address can't be blank (Value: nil)."
"Row 12327 is invalid: Country code can't be blank (Value: nil).. Country can't be blank (Value: nil)."
"Row 12331 is invalid: Ip address can't be blank (Value: nil)."
"Row 12333 is invalid: Latitude is invalid (Value: nil).. Longitude is invalid (Value: nil)."
"Row 12338 is invalid: Country code can't be blank (Value: nil).. Country can't be blank (Value: nil)."
"Row 12340 is invalid: Ip address has already been taken (Value: \"85.68.71.24\")."
"Row 12349 is invalid: Ip address has already been taken (Value: \"85.68.71.24\")."
"Row 12379 is invalid: Latitude can't be blank (Value: nil).. Longitude can't be blank (Value: nil)."
"Row 12376 is invalid: Ip address has already been taken (Value: \"85.68.71.24\")."
"Row 12386 is invalid: Latitude can't be blank (Value: nil).. Longitude can't be blank (Value: nil)."
"Row 12391 is invalid: Ip address has already been taken (Value: \"85.68.71.24\")."
"Row 12419 is invalid: Ip address can't be blank (Value: nil)."
"Row 12433 is invalid: Latitude is invalid (Value: nil).. Longitude is invalid (Value: nil)."
"Row 12429 is invalid: Ip address has already been taken (Value: \"85.68.71.24\")."
"Row 12442 is invalid: Latitude is invalid (Value: nil).. Longitude is invalid (Value: nil)."
"Row 12439 is invalid: Ip address has already been taken (Value: \"85.68.71.24\")."
"Row 12441 is invalid: Ip address has already been taken (Value: \"85.68.71.24\")."
"Row 12458 is invalid: Ip address has already been taken (Value: \"85.68.71.24\")."
"Row 12464 is invalid: Country code can't be blank (Value: nil).. Country can't be blank (Value: nil)."
"Row 12465 is invalid: Ip address can't be blank (Value: nil)."
"Row 12473 is invalid: Ip address can't be blank (Value: nil)."
"Row 12476 is invalid: Ip address is not a valid IPv4 address (Value: \"not your IP address\")."
"Row 12488 is invalid: Ip address is not a valid IPv4 address (Value: \"not your IP address\")."
"Row 12486 is invalid: Ip address has already been taken (Value: \"85.68.71.24\")."
"Row 12492 is invalid: Country code can't be blank (Value: nil).. Country can't be blank (Value: nil)."
"Row 12505 is invalid: Ip address has already been taken (Value: \"85.68.71.24\")."
"Row 12520 is invalid: Ip address is not a valid IPv4 address (Value: \"not your IP address\")."
"Row 12518 is invalid: Ip address has already been taken (Value: \"85.68.71.24\")."
"Row 12527 is invalid: Latitude can't be blank (Value: nil).. Longitude can't be blank (Value: nil)."
"Row 12528 is invalid: Ip address has already been taken (Value: \"85.68.71.24\")."
"Row 12535 is invalid: Ip address can't be blank (Value: nil)."
"Row 12546 is invalid: Country code can't be blank (Value: nil).. Country can't be blank (Value: nil)."
"Row 12550 is invalid: Ip address can't be blank (Value: nil)."
"Row 12552 is invalid: Ip address is not a valid IPv4 address (Value: \"not your IP address\")."
"Row 12554 is invalid: Ip address has already been taken (Value: \"85.68.71.24\")."
"Row 12563 is invalid: Latitude is invalid (Value: nil).. Longitude is invalid (Value: nil)."
"Row 12567 is invalid: Ip address has already been taken (Value: \"85.68.71.24\")."
"Row 12570 is invalid: Ip address can't be blank (Value: nil)."
"Row 12574 is invalid: Latitude can't be blank (Value: nil).. Longitude can't be blank (Value: nil)."
"Row 12578 is invalid: Latitude can't be blank (Value: nil).. Longitude can't be blank (Value: nil)."
"Row 12586 is invalid: Latitude is invalid (Value: nil).. Longitude is invalid (Value: nil)."
"Row 12590 is invalid: Ip address has already been taken (Value: \"85.68.71.24\")."
"Row 12608 is invalid: Ip address is not a valid IPv4 address (Value: \"not your IP address\")."
"Row 12610 is invalid: Ip address has already been taken (Value: \"85.68.71.24\")."
"Row 12613 is invalid: Ip address can't be blank (Value: nil)."
"Row 12618 is invalid: Ip address has already been taken (Value: \"85.68.71.24\")."
"Row 12624 is invalid: Ip address can't be blank (Value: nil)."
"Row 12627 is invalid: Ip address has already been taken (Value: \"85.68.71.24\")."
"Row 12641 is invalid: Country code can't be blank (Value: nil).. Country can't be blank (Value: nil)."
"Row 12643 is invalid: Latitude can't be blank (Value: nil).. Longitude can't be blank (Value: nil)."
"Row 12670 is invalid: Ip address has already been taken (Value: \"85.68.71.24\")."
"Row 12716 is invalid: Country code can't be blank (Value: nil).. Country can't be blank (Value: nil)."
"Row 12721 is invalid: Ip address has already been taken (Value: \"85.68.71.24\")."
"Row 12739 is invalid: Ip address can't be blank (Value: nil)."
"Row 12738 is invalid: Ip address has already been taken (Value: \"85.68.71.24\")."
"Row 12746 is invalid: Ip address is not a valid IPv4 address (Value: \"not your IP address\")."
"Row 12747 is invalid: Latitude can't be blank (Value: nil).. Longitude can't be blank (Value: nil)."
"Row 12751 is invalid: Ip address can't be blank (Value: nil)."
"Row 12752 is invalid: Latitude can't be blank (Value: nil).. Longitude can't be blank (Value: nil)."
"Row 12750 is invalid: Ip address has already been taken (Value: \"85.68.71.24\")."
"Row 12754 is invalid: Ip address has already been taken (Value: \"85.68.71.24\")."
"Row 12777 is invalid: Ip address has already been taken (Value: \"85.68.71.24\")."
"Row 12781 is invalid: Ip address has already been taken (Value: \"85.68.71.24\")."
"Row 12789 is invalid: Ip address is not a valid IPv4 address (Value: \"not your IP address\")."
"Row 12790 is invalid: Latitude is invalid (Value: nil).. Longitude is invalid (Value: nil)."
"Row 12787 is invalid: Ip address has already been taken (Value: \"85.68.71.24\")."
"Row 12803 is invalid: Country code can't be blank (Value: nil).. Country can't be blank (Value: nil)."
"Row 12813 is invalid: Ip address has already been taken (Value: \"85.68.71.24\")."
"Row 12820 is invalid: Ip address has already been taken (Value: \"85.68.71.24\")."
"Row 12836 is invalid: Latitude can't be blank (Value: nil).. Longitude can't be blank (Value: nil)."
"Row 12850 is invalid: Ip address is not a valid IPv4 address (Value: \"not your IP address\")."
"Row 12880 is invalid: Ip address has already been taken (Value: \"85.68.71.24\")."
"Row 12891 is invalid: Ip address is not a valid IPv4 address (Value: \"not your IP address\")."
"Row 12888 is invalid: Ip address has already been taken (Value: \"85.68.71.24\")."
"Row 12893 is invalid: Ip address can't be blank (Value: nil)."
"Row 12895 is invalid: Ip address has already been taken (Value: \"85.68.71.24\")."
"Row 12908 is invalid: Country code can't be blank (Value: nil).. Country can't be blank (Value: nil)."
"Row 12919 is invalid: Ip address can't be blank (Value: nil)."
"Row 12918 is invalid: Ip address has already been taken (Value: \"85.68.71.24\")."
"Row 12924 is invalid: Latitude is invalid (Value: nil).. Longitude is invalid (Value: nil)."
"Row 12929 is invalid: Country code can't be blank (Value: nil).. Country can't be blank (Value: nil)."
"Row 12931 is invalid: Ip address has already been taken (Value: \"85.68.71.24\")."
"Row 12947 is invalid: Ip address has already been taken (Value: \"85.68.71.24\")."
"Row 12943 is invalid: Ip address has already been taken (Value: \"85.68.71.24\")."
"Row 12953 is invalid: Ip address has already been taken (Value: \"85.68.71.24\")."
"Row 12969 is invalid: Ip address can't be blank (Value: nil)."
"Row 12980 is invalid: Latitude can't be blank (Value: nil).. Longitude can't be blank (Value: nil)."
"Row 12982 is invalid: Ip address has already been taken (Value: \"85.68.71.24\")."
"Row 12990 is invalid: Ip address is not a valid IPv4 address (Value: \"not your IP address\")."
"Row 12991 is invalid: Ip address can't be blank (Value: nil)."
"Row 12989 is invalid: Ip address has already been taken (Value: \"85.68.71.24\")."
"Row 12998 is invalid: Latitude can't be blank (Value: nil).. Longitude can't be blank (Value: nil)."
"Row 12993 is invalid: Ip address has already been taken (Value: \"85.68.71.24\")."
"Row 13006 is invalid: Ip address is not a valid IPv4 address (Value: \"not your IP address\")."
"Row 13004 is invalid: Ip address has already been taken (Value: \"85.68.71.24\")."
"Row 13015 is invalid: Ip address has already been taken (Value: \"85.68.71.24\")."
"Row 13026 is invalid: Ip address has already been taken (Value: \"85.68.71.24\")."
"Row 13044 is invalid: Ip address has already been taken (Value: \"85.68.71.24\")."
"Row 13053 is invalid: Latitude is invalid (Value: nil).. Longitude is invalid (Value: nil)."
"Row 13054 is invalid: Country code can't be blank (Value: nil).. Country can't be blank (Value: nil)."
"Row 13057 is invalid: Ip address is not a valid IPv4 address (Value: \"not your IP address\")."
"Row 13065 is invalid: Country code can't be blank (Value: nil).. Country can't be blank (Value: nil)."
"Row 13066 is invalid: Latitude is invalid (Value: nil).. Longitude is invalid (Value: nil)."
"Row 13077 is invalid: Ip address has already been taken (Value: \"85.68.71.24\")."
"Row 13082 is invalid: Country code can't be blank (Value: nil).. Country can't be blank (Value: nil)."
"Row 13089 is invalid: Latitude is invalid (Value: nil).. Longitude is invalid (Value: nil)."
"Row 13095 is invalid: Ip address can't be blank (Value: nil)."
"Row 13112 is invalid: Ip address has already been taken (Value: \"85.68.71.24\")."
"Row 13119 is invalid: Latitude is invalid (Value: nil).. Longitude is invalid (Value: nil)."
"Row 13120 is invalid: Country code can't be blank (Value: nil).. Country can't be blank (Value: nil)."
"Row 13122 is invalid: Latitude can't be blank (Value: nil).. Longitude can't be blank (Value: nil)."
"Row 13135 is invalid: Ip address has already been taken (Value: \"85.68.71.24\")."
"Row 13146 is invalid: Ip address is not a valid IPv4 address (Value: \"not your IP address\")."
"Row 13149 is invalid: Latitude can't be blank (Value: nil).. Longitude can't be blank (Value: nil)."
"Row 13152 is invalid: Ip address is not a valid IPv4 address (Value: \"not your IP address\")."
"Row 13160 is invalid: Ip address has already been taken (Value: \"85.68.71.24\")."
"Row 13162 is invalid: Ip address is not a valid IPv4 address (Value: \"not your IP address\")."
"Row 13171 is invalid: Ip address is not a valid IPv4 address (Value: \"not your IP address\")."
"Row 13196 is invalid: Latitude is invalid (Value: nil).. Longitude is invalid (Value: nil)."
"Row 13195 is invalid: Ip address has already been taken (Value: \"85.68.71.24\")."
"Row 13209 is invalid: Latitude can't be blank (Value: nil).. Longitude can't be blank (Value: nil)."
"Row 13221 is invalid: Ip address has already been taken (Value: \"85.68.71.24\")."
"Row 13235 is invalid: Latitude is invalid (Value: nil).. Longitude is invalid (Value: nil)."
"Row 13247 is invalid: Ip address can't be blank (Value: nil)."
"Row 13227 is invalid: Ip address has already been taken (Value: \"85.68.71.24\")."
"Row 13252 is invalid: Country code can't be blank (Value: nil).. Country can't be blank (Value: nil)."
"Row 13263 is invalid: Ip address has already been taken (Value: \"85.68.71.24\")."
"Row 13275 is invalid: Ip address is not a valid IPv4 address (Value: \"not your IP address\")."
"Row 13302 is invalid: Latitude can't be blank (Value: nil).. Longitude can't be blank (Value: nil)."
"Row 13310 is invalid: Country code can't be blank (Value: nil).. Country can't be blank (Value: nil)."
"Row 13314 is invalid: Ip address can't be blank (Value: nil)."
"Row 13315 is invalid: Latitude is invalid (Value: nil).. Longitude is invalid (Value: nil)."
"Row 13317 is invalid: Latitude can't be blank (Value: nil).. Longitude can't be blank (Value: nil)."
"Row 13323 is invalid: Latitude can't be blank (Value: nil).. Longitude can't be blank (Value: nil)."
"Row 13335 is invalid: Ip address has already been taken (Value: \"85.68.71.24\")."
"Row 13352 is invalid: Ip address is not a valid IPv4 address (Value: \"not your IP address\")."
"Row 13378 is invalid: Ip address has already been taken (Value: \"85.68.71.24\")."
"Row 13388 is invalid: Country code can't be blank (Value: nil).. Country can't be blank (Value: nil)."
"Row 13387 is invalid: Ip address has already been taken (Value: \"85.68.71.24\")."
"Row 13399 is invalid: Latitude is invalid (Value: nil).. Longitude is invalid (Value: nil)."
"Row 13406 is invalid: Ip address has already been taken (Value: \"85.68.71.24\")."
"Row 13420 is invalid: Ip address is not a valid IPv4 address (Value: \"not your IP address\")."
"Row 13421 is invalid: Ip address can't be blank (Value: nil)."
"Row 13427 is invalid: Latitude can't be blank (Value: nil).. Longitude can't be blank (Value: nil)."
"Row 13430 is invalid: Latitude can't be blank (Value: nil).. Longitude can't be blank (Value: nil)."
"Row 13435 is invalid: Ip address has already been taken (Value: \"85.68.71.24\")."
"Row 13440 is invalid: Latitude is invalid (Value: nil).. Longitude is invalid (Value: nil)."
"Row 13442 is invalid: Country code can't be blank (Value: nil).. Country can't be blank (Value: nil)."
"Row 13447 is invalid: Ip address has already been taken (Value: \"85.68.71.24\")."
"Row 13453 is invalid: Ip address is not a valid IPv4 address (Value: \"not your IP address\")."
"Row 13457 is invalid: Latitude can't be blank (Value: nil).. Longitude can't be blank (Value: nil)."
"Row 13454 is invalid: Ip address has already been taken (Value: \"85.68.71.24\")."
"Row 13464 is invalid: Ip address has already been taken (Value: \"85.68.71.24\")."
"Row 13485 is invalid: Country code can't be blank (Value: nil).. Country can't be blank (Value: nil)."
"Row 13486 is invalid: Ip address has already been taken (Value: \"85.68.71.24\")."
"Row 13497 is invalid: Latitude is invalid (Value: nil).. Longitude is invalid (Value: nil)."
"Row 13522 is invalid: Ip address has already been taken (Value: \"85.68.71.24\")."
"Row 13529 is invalid: Ip address is not a valid IPv4 address (Value: \"not your IP address\")."
"Row 13530 is invalid: Ip address can't be blank (Value: nil)."
"Row 13558 is invalid: Latitude can't be blank (Value: nil).. Longitude can't be blank (Value: nil)."
"Row 13564 is invalid: Ip address has already been taken (Value: \"85.68.71.24\")."
"Row 13577 is invalid: Ip address can't be blank (Value: nil)."
"Row 13581 is invalid: Ip address has already been taken (Value: \"85.68.71.24\")."
"Row 13580 is invalid: Ip address has already been taken (Value: \"85.68.71.24\")."
"Row 13585 is invalid: Latitude can't be blank (Value: nil).. Longitude can't be blank (Value: nil)."
"Row 13592 is invalid: Country code can't be blank (Value: nil).. Country can't be blank (Value: nil)."
"Row 13607 is invalid: Latitude can't be blank (Value: nil).. Longitude can't be blank (Value: nil)."
"Row 13625 is invalid: Ip address is not a valid IPv4 address (Value: \"not your IP address\")."
"Row 13623 is invalid: Ip address has already been taken (Value: \"85.68.71.24\")."
"Row 13630 is invalid: Country code can't be blank (Value: nil).. Country can't be blank (Value: nil)."
"Row 13629 is invalid: Ip address has already been taken (Value: \"85.68.71.24\")."
"Row 13636 is invalid: Ip address can't be blank (Value: nil)."
"Row 13637 is invalid: Ip address has already been taken (Value: \"85.68.71.24\")."
"Row 13645 is invalid: Latitude can't be blank (Value: nil).. Longitude can't be blank (Value: nil)."
"Row 13644 is invalid: Ip address has already been taken (Value: \"85.68.71.24\")."
"Row 13648 is invalid: Ip address has already been taken (Value: \"85.68.71.24\")."
"Row 13668 is invalid: Ip address has already been taken (Value: \"85.68.71.24\")."
"Row 13675 is invalid: Latitude is invalid (Value: nil).. Longitude is invalid (Value: nil)."
"Row 13678 is invalid: Latitude is invalid (Value: nil).. Longitude is invalid (Value: nil)."
"Row 13681 is invalid: Ip address is not a valid IPv4 address (Value: \"not your IP address\")."
"Row 13682 is invalid: Latitude can't be blank (Value: nil).. Longitude can't be blank (Value: nil)."
"Row 13685 is invalid: Ip address has already been taken (Value: \"85.68.71.24\")."
"Row 13693 is invalid: Ip address is not a valid IPv4 address (Value: \"not your IP address\")."
"Row 13698 is invalid: Ip address is not a valid IPv4 address (Value: \"not your IP address\")."
"Row 13712 is invalid: Latitude can't be blank (Value: nil).. Longitude can't be blank (Value: nil)."
"Row 13718 is invalid: Ip address has already been taken (Value: \"85.68.71.24\")."
"Row 13725 is invalid: Latitude can't be blank (Value: nil).. Longitude can't be blank (Value: nil)."
"Row 13729 is invalid: Country code can't be blank (Value: nil).. Country can't be blank (Value: nil)."
"Row 13723 is invalid: Ip address has already been taken (Value: \"85.68.71.24\")."
"Row 13728 is invalid: Ip address has already been taken (Value: \"85.68.71.24\")."
"Row 13735 is invalid: Ip address has already been taken (Value: \"85.68.71.24\")."
"Row 13746 is invalid: Ip address is not a valid IPv4 address (Value: \"not your IP address\")."
"Row 13751 is invalid: Ip address is not a valid IPv4 address (Value: \"not your IP address\")."
"Row 13757 is invalid: Ip address has already been taken (Value: \"85.68.71.24\")."
"Row 13775 is invalid: Latitude can't be blank (Value: nil).. Longitude can't be blank (Value: nil)."
"Row 13778 is invalid: Ip address is not a valid IPv4 address (Value: \"not your IP address\")."
"Row 13792 is invalid: Latitude can't be blank (Value: nil).. Longitude can't be blank (Value: nil)."
"Row 13793 is invalid: Ip address has already been taken (Value: \"85.68.71.24\")."
"Row 13791 is invalid: Ip address has already been taken (Value: \"85.68.71.24\")."
"Row 13796 is invalid: Ip address has already been taken (Value: \"85.68.71.24\")."
"Row 13798 is invalid: Latitude is invalid (Value: nil).. Longitude is invalid (Value: nil)."
"Row 13800 is invalid: Ip address can't be blank (Value: nil)."
"Row 13802 is invalid: Ip address has already been taken (Value: \"85.68.71.24\")."
"Row 13809 is invalid: Latitude can't be blank (Value: nil).. Longitude can't be blank (Value: nil)."
"Row 13812 is invalid: Latitude is invalid (Value: nil).. Longitude is invalid (Value: nil)."
"Row 13813 is invalid: Latitude is invalid (Value: nil).. Longitude is invalid (Value: nil)."
"Row 13815 is invalid: Latitude can't be blank (Value: nil).. Longitude can't be blank (Value: nil)."
"Row 13822 is invalid: Ip address can't be blank (Value: nil)."
"Row 13823 is invalid: Latitude can't be blank (Value: nil).. Longitude can't be blank (Value: nil)."
"Row 13824 is invalid: Ip address can't be blank (Value: nil)."
"Row 13830 is invalid: Ip address has already been taken (Value: \"85.68.71.24\")."
"Row 13854 is invalid: Ip address has already been taken (Value: \"85.68.71.24\")."
"Row 13868 is invalid: Ip address has already been taken (Value: \"85.68.71.24\")."
"Row 13869 is invalid: Ip address has already been taken (Value: \"85.68.71.24\")."
"Row 13890 is invalid: Ip address is not a valid IPv4 address (Value: \"not your IP address\")."
"Row 13894 is invalid: Ip address can't be blank (Value: nil)."
"Row 13896 is invalid: Country code can't be blank (Value: nil).. Country can't be blank (Value: nil)."
"Row 13905 is invalid: Latitude is invalid (Value: nil).. Longitude is invalid (Value: nil)."
"Row 13906 is invalid: Ip address can't be blank (Value: nil)."
"Row 13928 is invalid: Ip address is not a valid IPv4 address (Value: \"not your IP address\")."
"Row 13929 is invalid: Country code can't be blank (Value: nil).. Country can't be blank (Value: nil)."
"Row 13925 is invalid: Ip address has already been taken (Value: \"85.68.71.24\")."
"Row 13933 is invalid: Latitude can't be blank (Value: nil).. Longitude can't be blank (Value: nil)."
"Row 13943 is invalid: Ip address has already been taken (Value: \"85.68.71.24\")."
"Row 13952 is invalid: Ip address has already been taken (Value: \"85.68.71.24\")."
"Row 13955 is invalid: Latitude can't be blank (Value: nil).. Longitude can't be blank (Value: nil)."
"Row 13967 is invalid: Latitude is invalid (Value: nil).. Longitude is invalid (Value: nil)."
"Row 13975 is invalid: Ip address is not a valid IPv4 address (Value: \"not your IP address\")."
"Row 13979 is invalid: Latitude can't be blank (Value: nil).. Longitude can't be blank (Value: nil)."
"Row 13983 is invalid: Latitude is invalid (Value: nil).. Longitude is invalid (Value: nil)."
"Row 13986 is invalid: Ip address can't be blank (Value: nil)."
"Row 13985 is invalid: Latitude is invalid (Value: nil).. Longitude is invalid (Value: nil)."
"Row 13994 is invalid: Ip address can't be blank (Value: nil)."
"Row 13999 is invalid: Ip address has already been taken (Value: \"85.68.71.24\")."
"Row 14004 is invalid: Ip address has already been taken (Value: \"85.68.71.24\")."
"Row 14007 is invalid: Ip address is not a valid IPv4 address (Value: \"not your IP address\")."
"Row 14005 is invalid: Ip address has already been taken (Value: \"85.68.71.24\")."
"Row 14023 is invalid: Latitude can't be blank (Value: nil).. Longitude can't be blank (Value: nil)."
"Row 14035 is invalid: Ip address has already been taken (Value: \"85.68.71.24\")."
"Row 14038 is invalid: Ip address has already been taken (Value: \"85.68.71.24\")."
"Row 14045 is invalid: Latitude is invalid (Value: nil).. Longitude is invalid (Value: nil)."
"Row 14057 is invalid: Country code can't be blank (Value: nil).. Country can't be blank (Value: nil)."
"Row 14060 is invalid: Ip address has already been taken (Value: \"85.68.71.24\")."
"Row 14086 is invalid: Ip address can't be blank (Value: nil)."
"Row 14092 is invalid: Ip address has already been taken (Value: \"85.68.71.24\")."
"Row 14087 is invalid: Ip address has already been taken (Value: \"85.68.71.24\")."
"Row 14097 is invalid: Latitude can't be blank (Value: nil).. Longitude can't be blank (Value: nil)."
"Row 14120 is invalid: Ip address has already been taken (Value: \"85.68.71.24\")."
"Row 14122 is invalid: Ip address has already been taken (Value: \"85.68.71.24\")."
"Row 14141 is invalid: Ip address has already been taken (Value: \"85.68.71.24\")."
"Row 14151 is invalid: Ip address has already been taken (Value: \"85.68.71.24\")."
"Row 14172 is invalid: Country code can't be blank (Value: nil).. Country can't be blank (Value: nil)."
"Row 14187 is invalid: Ip address can't be blank (Value: nil)."
"Row 14199 is invalid: Ip address is not a valid IPv4 address (Value: \"not your IP address\")."
"Row 14202 is invalid: Latitude is invalid (Value: nil).. Longitude is invalid (Value: nil)."
"Row 14205 is invalid: Ip address is not a valid IPv4 address (Value: \"not your IP address\")."
"Row 14209 is invalid: Latitude is invalid (Value: nil).. Longitude is invalid (Value: nil)."
"Row 14229 is invalid: Ip address is not a valid IPv4 address (Value: \"not your IP address\")."
"Row 14226 is invalid: Ip address has already been taken (Value: \"85.68.71.24\")."
"Row 14236 is invalid: Ip address has already been taken (Value: \"85.68.71.24\")."
"Row 14237 is invalid: Ip address has already been taken (Value: \"85.68.71.24\")."
"Row 14254 is invalid: Latitude is invalid (Value: nil).. Longitude is invalid (Value: nil)."
"Row 14264 is invalid: Latitude can't be blank (Value: nil).. Longitude can't be blank (Value: nil)."
"Row 14260 is invalid: Ip address has already been taken (Value: \"85.68.71.24\")."
"Row 14291 is invalid: Latitude can't be blank (Value: nil).. Longitude can't be blank (Value: nil)."
"Row 14294 is invalid: Latitude is invalid (Value: nil).. Longitude is invalid (Value: nil)."
"Row 14296 is invalid: Ip address has already been taken (Value: \"85.68.71.24\")."
"Row 14331 is invalid: Latitude is invalid (Value: nil).. Longitude is invalid (Value: nil)."
"Row 14338 is invalid: Ip address can't be blank (Value: nil)."
"Row 14359 is invalid: Country code can't be blank (Value: nil).. Country can't be blank (Value: nil)."
"Row 14360 is invalid: Latitude can't be blank (Value: nil).. Longitude can't be blank (Value: nil)."
"Row 14377 is invalid: Ip address can't be blank (Value: nil)."
"Row 14384 is invalid: Latitude can't be blank (Value: nil).. Longitude can't be blank (Value: nil)."
"Row 14392 is invalid: Ip address has already been taken (Value: \"85.68.71.24\")."
"Row 14396 is invalid: Country code can't be blank (Value: nil).. Country can't be blank (Value: nil)."
"Row 14401 is invalid: Ip address has already been taken (Value: \"85.68.71.24\")."
"Row 14399 is invalid: Ip address has already been taken (Value: \"85.68.71.24\")."
"Row 14408 is invalid: Latitude is invalid (Value: nil).. Longitude is invalid (Value: nil)."
"Row 14418 is invalid: Ip address has already been taken (Value: \"85.68.71.24\")."
"Row 14433 is invalid: Ip address has already been taken (Value: \"85.68.71.24\")."
"Row 14438 is invalid: Ip address has already been taken (Value: \"85.68.71.24\")."
"Row 14442 is invalid: Ip address has already been taken (Value: \"85.68.71.24\")."
"Row 14450 is invalid: Latitude is invalid (Value: nil).. Longitude is invalid (Value: nil)."
"Row 14451 is invalid: Ip address has already been taken (Value: \"85.68.71.24\")."
"Row 14460 is invalid: Ip address has already been taken (Value: \"85.68.71.24\")."
"Row 14465 is invalid: Latitude can't be blank (Value: nil).. Longitude can't be blank (Value: nil)."
"Row 14473 is invalid: Ip address is not a valid IPv4 address (Value: \"not your IP address\")."
"Row 14475 is invalid: Country code can't be blank (Value: nil).. Country can't be blank (Value: nil)."
"Row 14483 is invalid: Latitude is invalid (Value: nil).. Longitude is invalid (Value: nil)."
"Row 14479 is invalid: Ip address has already been taken (Value: \"85.68.71.24\")."
"Row 14485 is invalid: Ip address has already been taken (Value: \"85.68.71.24\")."
"Row 14488 is invalid: Ip address has already been taken (Value: \"85.68.71.24\")."
"Row 14496 is invalid: Latitude is invalid (Value: nil).. Longitude is invalid (Value: nil)."
"Row 14510 is invalid: Ip address has already been taken (Value: \"85.68.71.24\")."
"Row 14521 is invalid: Ip address has already been taken (Value: \"85.68.71.24\")."
"Row 14524 is invalid: Latitude is invalid (Value: nil).. Longitude is invalid (Value: nil)."
"Row 14525 is invalid: Ip address has already been taken (Value: \"85.68.71.24\")."
"Row 14532 is invalid: Country code can't be blank (Value: nil).. Country can't be blank (Value: nil)."
"Row 14535 is invalid: Ip address has already been taken (Value: \"85.68.71.24\")."
"Row 14548 is invalid: Country code can't be blank (Value: nil).. Country can't be blank (Value: nil)."
"Row 14550 is invalid: Ip address has already been taken (Value: \"85.68.71.24\")."
"Row 14555 is invalid: Ip address has already been taken (Value: \"85.68.71.24\")."
"Row 14569 is invalid: Ip address is not a valid IPv4 address (Value: \"not your IP address\")."
"Row 14571 is invalid: Ip address has already been taken (Value: \"85.68.71.24\")."
"Row 14587 is invalid: Ip address has already been taken (Value: \"85.68.71.24\")."
"Row 14600 is invalid: Latitude is invalid (Value: nil).. Longitude is invalid (Value: nil)."
"Row 14603 is invalid: Country code can't be blank (Value: nil).. Country can't be blank (Value: nil)."
"Row 14623 is invalid: Ip address can't be blank (Value: nil)."
"Row 14645 is invalid: Latitude is invalid (Value: nil).. Longitude is invalid (Value: nil)."
"Row 14647 is invalid: Ip address has already been taken (Value: \"85.68.71.24\")."
"Row 14656 is invalid: Ip address is not a valid IPv4 address (Value: \"not your IP address\")."
"Row 14672 is invalid: Country code can't be blank (Value: nil).. Country can't be blank (Value: nil)."
"Row 14668 is invalid: Ip address has already been taken (Value: \"85.68.71.24\")."
"Row 14679 is invalid: Ip address has already been taken (Value: \"85.68.71.24\")."
"Row 14685 is invalid: Latitude can't be blank (Value: nil).. Longitude can't be blank (Value: nil)."
"Row 14707 is invalid: Latitude is invalid (Value: nil).. Longitude is invalid (Value: nil)."
"Row 14709 is invalid: Ip address can't be blank (Value: nil)."
"Row 14712 is invalid: Country code can't be blank (Value: nil).. Country can't be blank (Value: nil)."
"Row 14717 is invalid: Latitude can't be blank (Value: nil).. Longitude can't be blank (Value: nil)."
"Row 14719 is invalid: Ip address is not a valid IPv4 address (Value: \"not your IP address\")."
"Row 14723 is invalid: Ip address can't be blank (Value: nil)."
"Row 14726 is invalid: Ip address has already been taken (Value: \"85.68.71.24\")."
"Row 14741 is invalid: Ip address has already been taken (Value: \"85.68.71.24\")."
"Row 14752 is invalid: Ip address can't be blank (Value: nil)."
"Row 14763 is invalid: Country code can't be blank (Value: nil).. Country can't be blank (Value: nil)."
"Row 14765 is invalid: Ip address has already been taken (Value: \"85.68.71.24\")."
"Row 14777 is invalid: Ip address has already been taken (Value: \"85.68.71.24\")."
"Row 14779 is invalid: Ip address has already been taken (Value: \"85.68.71.24\")."
"Row 14793 is invalid: Latitude can't be blank (Value: nil).. Longitude can't be blank (Value: nil)."
"Row 14794 is invalid: Ip address has already been taken (Value: \"85.68.71.24\")."
"Row 14803 is invalid: Ip address has already been taken (Value: \"85.68.71.24\")."
"Row 14818 is invalid: Ip address can't be blank (Value: nil)."
"Row 14821 is invalid: Ip address has already been taken (Value: \"85.68.71.24\")."
"Row 14831 is invalid: Latitude is invalid (Value: nil).. Longitude is invalid (Value: nil)."
"Row 14845 is invalid: Ip address can't be blank (Value: nil)."
"Row 14878 is invalid: Ip address has already been taken (Value: \"85.68.71.24\")."
"Row 14889 is invalid: Latitude can't be blank (Value: nil).. Longitude can't be blank (Value: nil)."
"Row 14886 is invalid: Ip address has already been taken (Value: \"85.68.71.24\")."
"Row 14901 is invalid: Ip address has already been taken (Value: \"85.68.71.24\")."
"Row 14913 is invalid: Latitude can't be blank (Value: nil).. Longitude can't be blank (Value: nil)."
"Row 14914 is invalid: Latitude can't be blank (Value: nil).. Longitude can't be blank (Value: nil)."
"Row 14920 is invalid: Country code can't be blank (Value: nil).. Country can't be blank (Value: nil)."
"Row 14924 is invalid: Latitude is invalid (Value: nil).. Longitude is invalid (Value: nil)."
"Row 14931 is invalid: Ip address can't be blank (Value: nil)."
"Row 14932 is invalid: Latitude can't be blank (Value: nil).. Longitude can't be blank (Value: nil)."
"Row 14933 is invalid: Country code can't be blank (Value: nil).. Country can't be blank (Value: nil)."
"Row 14937 is invalid: Latitude is invalid (Value: nil).. Longitude is invalid (Value: nil)."
"Row 14939 is invalid: Ip address can't be blank (Value: nil)."
"Row 14938 is invalid: Ip address is not a valid IPv4 address (Value: \"not your IP address\")."
"Row 14941 is invalid: Latitude is invalid (Value: nil).. Longitude is invalid (Value: nil)."
"Row 14945 is invalid: Latitude can't be blank (Value: nil).. Longitude can't be blank (Value: nil)."
"Row 14942 is invalid: Ip address has already been taken (Value: \"85.68.71.24\")."
"Row 14944 is invalid: Ip address has already been taken (Value: \"85.68.71.24\")."
"Row 14962 is invalid: Ip address has already been taken (Value: \"85.68.71.24\")."
"Row 14967 is invalid: Latitude can't be blank (Value: nil).. Longitude can't be blank (Value: nil)."
"Row 14972 is invalid: Ip address has already been taken (Value: \"85.68.71.24\")."
"Row 14986 is invalid: Ip address has already been taken (Value: \"85.68.71.24\")."
"Row 14990 is invalid: Ip address has already been taken (Value: \"85.68.71.24\")."
"Row 14998 is invalid: Latitude is invalid (Value: nil).. Longitude is invalid (Value: nil)."
"Row 15007 is invalid: Latitude is invalid (Value: nil).. Longitude is invalid (Value: nil)."
"Row 15017 is invalid: Country code can't be blank (Value: nil).. Country can't be blank (Value: nil)."
"Row 15029 is invalid: Ip address has already been taken (Value: \"85.68.71.24\")."
"Row 15047 is invalid: Latitude is invalid (Value: nil).. Longitude is invalid (Value: nil)."
"Row 15049 is invalid: Latitude is invalid (Value: nil).. Longitude is invalid (Value: nil)."
"Row 15054 is invalid: Ip address can't be blank (Value: nil)."
"Row 15060 is invalid: Latitude can't be blank (Value: nil).. Longitude can't be blank (Value: nil)."
"Row 15066 is invalid: Ip address is not a valid IPv4 address (Value: \"not your IP address\")."
"Row 15081 is invalid: Country code can't be blank (Value: nil).. Country can't be blank (Value: nil)."
"Row 15096 is invalid: Ip address is not a valid IPv4 address (Value: \"not your IP address\")."
"Row 15098 is invalid: Latitude is invalid (Value: nil).. Longitude is invalid (Value: nil)."
"Row 15091 is invalid: Ip address has already been taken (Value: \"85.68.71.24\")."
"Row 15107 is invalid: Latitude is invalid (Value: nil).. Longitude is invalid (Value: nil)."
"Row 15118 is invalid: Ip address is not a valid IPv4 address (Value: \"not your IP address\")."
"Row 15127 is invalid: Country code can't be blank (Value: nil).. Country can't be blank (Value: nil)."
"Row 15125 is invalid: Ip address has already been taken (Value: \"85.68.71.24\")."
"Row 15137 is invalid: Ip address can't be blank (Value: nil)."
"Row 15140 is invalid: Latitude can't be blank (Value: nil).. Longitude can't be blank (Value: nil)."
"Row 15142 is invalid: Latitude can't be blank (Value: nil).. Longitude can't be blank (Value: nil)."
"Row 15152 is invalid: Ip address has already been taken (Value: \"85.68.71.24\")."
"Row 15176 is invalid: Latitude can't be blank (Value: nil).. Longitude can't be blank (Value: nil)."
"Row 15198 is invalid: Latitude is invalid (Value: nil).. Longitude is invalid (Value: nil)."
"Row 15222 is invalid: Latitude can't be blank (Value: nil).. Longitude can't be blank (Value: nil)."
"Row 15237 is invalid: Ip address has already been taken (Value: \"85.68.71.24\")."
"Row 15242 is invalid: Country code can't be blank (Value: nil).. Country can't be blank (Value: nil)."
"Row 15241 is invalid: Ip address has already been taken (Value: \"85.68.71.24\")."
"Row 15252 is invalid: Ip address is not a valid IPv4 address (Value: \"not your IP address\")."
"Row 15255 is invalid: Ip address has already been taken (Value: \"85.68.71.24\")."
"Row 15263 is invalid: Ip address is not a valid IPv4 address (Value: \"not your IP address\")."
"Row 15264 is invalid: Country code can't be blank (Value: nil).. Country can't be blank (Value: nil)."
"Row 15268 is invalid: Ip address is not a valid IPv4 address (Value: \"not your IP address\")."
"Row 15269 is invalid: Ip address has already been taken (Value: \"85.68.71.24\")."
"Row 15279 is invalid: Ip address has already been taken (Value: \"85.68.71.24\")."
"Row 15287 is invalid: Ip address has already been taken (Value: \"85.68.71.24\")."
"Row 15297 is invalid: Country code can't be blank (Value: nil).. Country can't be blank (Value: nil)."
"Row 15294 is invalid: Ip address has already been taken (Value: \"85.68.71.24\")."
"Row 15305 is invalid: Country code can't be blank (Value: nil).. Country can't be blank (Value: nil)."
"Row 15311 is invalid: Ip address has already been taken (Value: \"85.68.71.24\")."
"Row 15313 is invalid: Ip address has already been taken (Value: \"85.68.71.24\")."
"Row 15328 is invalid: Ip address can't be blank (Value: nil)."
"Row 15324 is invalid: Ip address has already been taken (Value: \"85.68.71.24\")."
"Row 15337 is invalid: Ip address is not a valid IPv4 address (Value: \"not your IP address\")."
"Row 15341 is invalid: Country code can't be blank (Value: nil).. Country can't be blank (Value: nil)."
"Row 15351 is invalid: Ip address can't be blank (Value: nil)."
"Row 15367 is invalid: Country code can't be blank (Value: nil).. Country can't be blank (Value: nil)."
"Row 15370 is invalid: Ip address is not a valid IPv4 address (Value: \"not your IP address\")."
"Row 15368 is invalid: Ip address has already been taken (Value: \"85.68.71.24\")."
"Row 15389 is invalid: Ip address has already been taken (Value: \"85.68.71.24\")."
"Row 15411 is invalid: Ip address has already been taken (Value: \"85.68.71.24\")."
"Row 15418 is invalid: Ip address has already been taken (Value: \"85.68.71.24\")."
"Row 15421 is invalid: Ip address has already been taken (Value: \"85.68.71.24\")."
"Row 15427 is invalid: Latitude is invalid (Value: nil).. Longitude is invalid (Value: nil)."
"Row 15437 is invalid: Ip address can't be blank (Value: nil)."
"Row 15438 is invalid: Ip address has already been taken (Value: \"85.68.71.24\")."
"Row 15447 is invalid: Latitude can't be blank (Value: nil).. Longitude can't be blank (Value: nil)."
"Row 15452 is invalid: Country code can't be blank (Value: nil).. Country can't be blank (Value: nil)."
"Row 15457 is invalid: Latitude can't be blank (Value: nil).. Longitude can't be blank (Value: nil)."
"Row 15451 is invalid: Ip address has already been taken (Value: \"85.68.71.24\")."
"Row 15466 is invalid: Ip address has already been taken (Value: \"85.68.71.24\")."
"Row 15481 is invalid: Ip address is not a valid IPv4 address (Value: \"not your IP address\")."
"Row 15480 is invalid: Ip address has already been taken (Value: \"85.68.71.24\")."
"Row 15485 is invalid: Ip address has already been taken (Value: \"85.68.71.24\")."
"Row 15496 is invalid: Ip address can't be blank (Value: nil)."
"Row 15498 is invalid: Latitude can't be blank (Value: nil).. Longitude can't be blank (Value: nil)."
"Row 15499 is invalid: Ip address has already been taken (Value: \"85.68.71.24\")."
"Row 15516 is invalid: Ip address is not a valid IPv4 address (Value: \"not your IP address\")."
"Row 15512 is invalid: Ip address has already been taken (Value: \"85.68.71.24\")."
"Row 15527 is invalid: Ip address can't be blank (Value: nil)."
"Row 15542 is invalid: Ip address is not a valid IPv4 address (Value: \"not your IP address\")."
"Row 15555 is invalid: Ip address has already been taken (Value: \"85.68.71.24\")."
"Row 15558 is invalid: Ip address is not a valid IPv4 address (Value: \"not your IP address\")."
"Row 15561 is invalid: Latitude is invalid (Value: nil).. Longitude is invalid (Value: nil)."
"Row 15564 is invalid: Ip address can't be blank (Value: nil)."
"Row 15562 is invalid: Ip address has already been taken (Value: \"85.68.71.24\")."
"Row 15570 is invalid: Ip address can't be blank (Value: nil)."
"Row 15568 is invalid: Ip address has already been taken (Value: \"85.68.71.24\")."
"Row 15575 is invalid: Ip address can't be blank (Value: nil)."
"Row 15588 is invalid: Ip address has already been taken (Value: \"85.68.71.24\")."
"Row 15589 is invalid: Latitude is invalid (Value: nil).. Longitude is invalid (Value: nil)."
"Row 15595 is invalid: Latitude can't be blank (Value: nil).. Longitude can't be blank (Value: nil)."
"Row 15607 is invalid: Country code can't be blank (Value: nil).. Country can't be blank (Value: nil)."
"Row 15614 is invalid: Ip address can't be blank (Value: nil)."
"Row 15618 is invalid: Ip address has already been taken (Value: \"85.68.71.24\")."
"Row 15630 is invalid: Ip address is not a valid IPv4 address (Value: \"not your IP address\")."
"Row 15633 is invalid: Latitude is invalid (Value: nil).. Longitude is invalid (Value: nil)."
"Row 15645 is invalid: Ip address can't be blank (Value: nil)."
"Row 15649 is invalid: Ip address can't be blank (Value: nil)."
"Row 15655 is invalid: Country code can't be blank (Value: nil).. Country can't be blank (Value: nil)."
"Row 15661 is invalid: Ip address has already been taken (Value: \"85.68.71.24\")."
"Row 15671 is invalid: Ip address is not a valid IPv4 address (Value: \"not your IP address\")."
"Row 15683 is invalid: Ip address has already been taken (Value: \"85.68.71.24\")."
"Row 15692 is invalid: Ip address can't be blank (Value: nil)."
"Row 15694 is invalid: Ip address has already been taken (Value: \"85.68.71.24\")."
"Row 15717 is invalid: Ip address is not a valid IPv4 address (Value: \"not your IP address\")."
"Row 15721 is invalid: Latitude is invalid (Value: nil).. Longitude is invalid (Value: nil)."
"Row 15719 is invalid: Ip address has already been taken (Value: \"85.68.71.24\")."
"Row 15728 is invalid: Country code can't be blank (Value: nil).. Country can't be blank (Value: nil)."
"Row 15727 is invalid: Ip address has already been taken (Value: \"85.68.71.24\")."
"Row 15733 is invalid: Ip address is not a valid IPv4 address (Value: \"not your IP address\")."
"Row 15735 is invalid: Ip address can't be blank (Value: nil)."
"Row 15738 is invalid: Ip address has already been taken (Value: \"85.68.71.24\")."
"Row 15755 is invalid: Ip address has already been taken (Value: \"85.68.71.24\")."
"Row 15759 is invalid: Ip address has already been taken (Value: \"85.68.71.24\")."
"Row 15766 is invalid: Latitude can't be blank (Value: nil).. Longitude can't be blank (Value: nil)."
"Row 15776 is invalid: Ip address has already been taken (Value: \"85.68.71.24\")."
"Row 15794 is invalid: Ip address has already been taken (Value: \"85.68.71.24\")."
"Row 15790 is invalid: Ip address has already been taken (Value: \"85.68.71.24\")."
"Row 15795 is invalid: Ip address has already been taken (Value: \"85.68.71.24\")."
"Row 15801 is invalid: Ip address has already been taken (Value: \"85.68.71.24\")."
"Row 15813 is invalid: Ip address is not a valid IPv4 address (Value: \"not your IP address\")."
"Row 15824 is invalid: Ip address can't be blank (Value: nil)."
"Row 15829 is invalid: Latitude is invalid (Value: nil).. Longitude is invalid (Value: nil)."
"Row 15834 is invalid: Latitude is invalid (Value: nil).. Longitude is invalid (Value: nil)."
"Row 15850 is invalid: Ip address can't be blank (Value: nil)."
"Row 15853 is invalid: Latitude can't be blank (Value: nil).. Longitude can't be blank (Value: nil)."
"Row 15871 is invalid: Ip address can't be blank (Value: nil)."
"Row 15872 is invalid: Latitude can't be blank (Value: nil).. Longitude can't be blank (Value: nil)."
"Row 15890 is invalid: Ip address has already been taken (Value: \"85.68.71.24\")."
"Row 15903 is invalid: Latitude is invalid (Value: nil).. Longitude is invalid (Value: nil)."
"Row 15905 is invalid: Ip address is not a valid IPv4 address (Value: \"not your IP address\")."
"Row 15908 is invalid: Ip address is not a valid IPv4 address (Value: \"not your IP address\")."
"Row 15909 is invalid: Latitude is invalid (Value: nil).. Longitude is invalid (Value: nil)."
"Row 15919 is invalid: Ip address is not a valid IPv4 address (Value: \"not your IP address\")."
"Row 15935 is invalid: Ip address has already been taken (Value: \"85.68.71.24\")."
"Row 15940 is invalid: Country code can't be blank (Value: nil).. Country can't be blank (Value: nil)."
"Row 15941 is invalid: Ip address is not a valid IPv4 address (Value: \"not your IP address\")."
"Row 15942 is invalid: Latitude can't be blank (Value: nil).. Longitude can't be blank (Value: nil)."
"Row 15943 is invalid: Ip address can't be blank (Value: nil)."
"Row 15947 is invalid: Country code can't be blank (Value: nil).. Country can't be blank (Value: nil)."
"Row 15954 is invalid: Ip address is not a valid IPv4 address (Value: \"not your IP address\")."
"Row 15958 is invalid: Ip address has already been taken (Value: \"85.68.71.24\")."
"Row 15973 is invalid: Ip address has already been taken (Value: \"85.68.71.24\")."
"Row 15981 is invalid: Ip address has already been taken (Value: \"85.68.71.24\")."
"Row 15985 is invalid: Ip address can't be blank (Value: nil)."
"Row 15989 is invalid: Latitude is invalid (Value: nil).. Longitude is invalid (Value: nil)."
"Row 15995 is invalid: Ip address is not a valid IPv4 address (Value: \"not your IP address\")."
"Row 15998 is invalid: Ip address has already been taken (Value: \"85.68.71.24\")."
"Row 16006 is invalid: Ip address has already been taken (Value: \"85.68.71.24\")."
"Row 16023 is invalid: Latitude is invalid (Value: nil).. Longitude is invalid (Value: nil)."
"Row 16032 is invalid: Latitude is invalid (Value: nil).. Longitude is invalid (Value: nil)."
"Row 16026 is invalid: Ip address has already been taken (Value: \"85.68.71.24\")."
"Row 16037 is invalid: Ip address is not a valid IPv4 address (Value: \"not your IP address\")."
"Row 16044 is invalid: Country code can't be blank (Value: nil).. Country can't be blank (Value: nil)."
"Row 16051 is invalid: Ip address has already been taken (Value: \"85.68.71.24\")."
"Row 16052 is invalid: Ip address is not a valid IPv4 address (Value: \"not your IP address\")."
"Row 16063 is invalid: Ip address has already been taken (Value: \"85.68.71.24\")."
"Row 16069 is invalid: Ip address has already been taken (Value: \"85.68.71.24\")."
"Row 16092 is invalid: Latitude can't be blank (Value: nil).. Longitude can't be blank (Value: nil)."
"Row 16093 is invalid: Country code can't be blank (Value: nil).. Country can't be blank (Value: nil)."
"Row 16095 is invalid: Ip address can't be blank (Value: nil)."
"Row 16104 is invalid: Ip address can't be blank (Value: nil)."
"Row 16108 is invalid: Latitude can't be blank (Value: nil).. Longitude can't be blank (Value: nil)."
"Row 16110 is invalid: Latitude is invalid (Value: nil).. Longitude is invalid (Value: nil)."
"Row 16129 is invalid: Ip address has already been taken (Value: \"85.68.71.24\")."
"Row 16131 is invalid: Ip address has already been taken (Value: \"85.68.71.24\")."
"Row 16135 is invalid: Ip address is not a valid IPv4 address (Value: \"not your IP address\")."
"Row 16137 is invalid: Latitude can't be blank (Value: nil).. Longitude can't be blank (Value: nil)."
"Row 16138 is invalid: Latitude can't be blank (Value: nil).. Longitude can't be blank (Value: nil)."
"Row 16150 is invalid: Ip address has already been taken (Value: \"85.68.71.24\")."
"Row 16157 is invalid: Ip address has already been taken (Value: \"85.68.71.24\")."
"Row 16164 is invalid: Ip address is not a valid IPv4 address (Value: \"not your IP address\")."
"Row 16169 is invalid: Ip address has already been taken (Value: \"85.68.71.24\")."
"Row 16184 is invalid: Latitude is invalid (Value: nil).. Longitude is invalid (Value: nil)."
"Row 16189 is invalid: Latitude is invalid (Value: nil).. Longitude is invalid (Value: nil)."
"Row 16195 is invalid: Ip address is not a valid IPv4 address (Value: \"not your IP address\")."
"Row 16207 is invalid: Ip address can't be blank (Value: nil)."
"Row 16205 is invalid: Ip address has already been taken (Value: \"85.68.71.24\")."
"Row 16214 is invalid: Ip address is not a valid IPv4 address (Value: \"not your IP address\")."
"Row 16218 is invalid: Latitude can't be blank (Value: nil).. Longitude can't be blank (Value: nil)."
"Row 16224 is invalid: Latitude can't be blank (Value: nil).. Longitude can't be blank (Value: nil)."
"Row 16235 is invalid: Ip address can't be blank (Value: nil)."
"Row 16236 is invalid: Ip address is not a valid IPv4 address (Value: \"not your IP address\")."
"Row 16252 is invalid: Ip address can't be blank (Value: nil)."
"Row 16264 is invalid: Ip address is not a valid IPv4 address (Value: \"not your IP address\")."
"Row 16270 is invalid: Ip address is not a valid IPv4 address (Value: \"not your IP address\")."
"Row 16268 is invalid: Ip address has already been taken (Value: \"85.68.71.24\")."
"Row 16304 is invalid: Ip address has already been taken (Value: \"85.68.71.24\")."
"Row 16317 is invalid: Ip address has already been taken (Value: \"85.68.71.24\")."
"Row 16327 is invalid: Ip address is not a valid IPv4 address (Value: \"not your IP address\")."
"Row 16330 is invalid: Latitude can't be blank (Value: nil).. Longitude can't be blank (Value: nil)."
"Row 16341 is invalid: Ip address has already been taken (Value: \"85.68.71.24\")."
"Row 16348 is invalid: Country code can't be blank (Value: nil).. Country can't be blank (Value: nil)."
"Row 16342 is invalid: Ip address has already been taken (Value: \"85.68.71.24\")."
"Row 16349 is invalid: Latitude is invalid (Value: nil).. Longitude is invalid (Value: nil)."
"Row 16354 is invalid: Ip address is not a valid IPv4 address (Value: \"not your IP address\")."
"Row 16361 is invalid: Ip address has already been taken (Value: \"85.68.71.24\")."
"Row 16368 is invalid: Ip address is not a valid IPv4 address (Value: \"not your IP address\")."
"Row 16371 is invalid: Latitude can't be blank (Value: nil).. Longitude can't be blank (Value: nil)."
"Row 16388 is invalid: Ip address is not a valid IPv4 address (Value: \"not your IP address\")."
"Row 16392 is invalid: Ip address has already been taken (Value: \"85.68.71.24\")."
"Row 16414 is invalid: Ip address has already been taken (Value: \"85.68.71.24\")."
"Row 16429 is invalid: Country code can't be blank (Value: nil).. Country can't be blank (Value: nil)."
"Row 16435 is invalid: Ip address is not a valid IPv4 address (Value: \"not your IP address\")."
"Row 16443 is invalid: Ip address can't be blank (Value: nil)."
"Row 16450 is invalid: Country code can't be blank (Value: nil).. Country can't be blank (Value: nil)."
"Row 16456 is invalid: Latitude can't be blank (Value: nil).. Longitude can't be blank (Value: nil)."
"Row 16460 is invalid: Ip address has already been taken (Value: \"85.68.71.24\")."
"Row 16467 is invalid: Ip address has already been taken (Value: \"85.68.71.24\")."
"Row 16484 is invalid: Country code can't be blank (Value: nil).. Country can't be blank (Value: nil)."
"Row 16495 is invalid: Ip address has already been taken (Value: \"85.68.71.24\")."
"Row 16503 is invalid: Ip address has already been taken (Value: \"85.68.71.24\")."
"Row 16511 is invalid: Latitude is invalid (Value: nil).. Longitude is invalid (Value: nil)."
"Row 16520 is invalid: Ip address can't be blank (Value: nil)."
"Row 16532 is invalid: Latitude is invalid (Value: nil).. Longitude is invalid (Value: nil)."
"Row 16535 is invalid: Ip address is not a valid IPv4 address (Value: \"not your IP address\")."
"Row 16546 is invalid: Ip address has already been taken (Value: \"85.68.71.24\")."
"Row 16550 is invalid: Latitude can't be blank (Value: nil).. Longitude can't be blank (Value: nil)."
"Row 16554 is invalid: Country code can't be blank (Value: nil).. Country can't be blank (Value: nil)."
"Row 16558 is invalid: Ip address can't be blank (Value: nil)."
"Row 16565 is invalid: Ip address has already been taken (Value: \"85.68.71.24\")."
"Row 16585 is invalid: Country code can't be blank (Value: nil).. Country can't be blank (Value: nil)."
"Row 16590 is invalid: Latitude can't be blank (Value: nil).. Longitude can't be blank (Value: nil)."
"Row 16598 is invalid: Latitude can't be blank (Value: nil).. Longitude can't be blank (Value: nil)."
"Row 16604 is invalid: Latitude can't be blank (Value: nil).. Longitude can't be blank (Value: nil)."
"Row 16603 is invalid: Ip address has already been taken (Value: \"85.68.71.24\")."
"Row 16607 is invalid: Ip address has already been taken (Value: \"85.68.71.24\")."
"Row 16612 is invalid: Ip address has already been taken (Value: \"85.68.71.24\")."
"Row 16658 is invalid: Ip address is not a valid IPv4 address (Value: \"not your IP address\")."
"Row 16657 is invalid: Ip address has already been taken (Value: \"85.68.71.24\")."
"Row 16664 is invalid: Ip address has already been taken (Value: \"85.68.71.24\")."
"Row 16666 is invalid: Ip address has already been taken (Value: \"85.68.71.24\")."
"Row 16682 is invalid: Ip address can't be blank (Value: nil)."
"Row 16696 is invalid: Ip address has already been taken (Value: \"85.68.71.24\")."
"Row 16703 is invalid: Latitude is invalid (Value: nil).. Longitude is invalid (Value: nil)."
"Row 16705 is invalid: Ip address has already been taken (Value: \"85.68.71.24\")."
"Row 16710 is invalid: Ip address can't be blank (Value: nil)."
"Row 16733 is invalid: Country code can't be blank (Value: nil).. Country can't be blank (Value: nil)."
"Row 16732 is invalid: Ip address has already been taken (Value: \"85.68.71.24\")."
"Row 16743 is invalid: Latitude is invalid (Value: nil).. Longitude is invalid (Value: nil)."
"Row 16753 is invalid: Ip address can't be blank (Value: nil)."
"Row 16756 is invalid: Ip address has already been taken (Value: \"85.68.71.24\")."
"Row 16766 is invalid: Ip address is not a valid IPv4 address (Value: \"not your IP address\")."
"Row 16795 is invalid: Ip address can't be blank (Value: nil)."
"Row 16804 is invalid: Ip address can't be blank (Value: nil)."
"Row 16808 is invalid: Country code can't be blank (Value: nil).. Country can't be blank (Value: nil)."
"Row 16811 is invalid: Latitude is invalid (Value: nil).. Longitude is invalid (Value: nil)."
"Row 16815 is invalid: Ip address can't be blank (Value: nil)."
"Row 16819 is invalid: Ip address is not a valid IPv4 address (Value: \"not your IP address\")."
"Row 16818 is invalid: Ip address has already been taken (Value: \"85.68.71.24\")."
"Row 16828 is invalid: Latitude is invalid (Value: nil).. Longitude is invalid (Value: nil)."
"Row 16831 is invalid: Ip address can't be blank (Value: nil)."
"Row 16854 is invalid: Latitude is invalid (Value: nil).. Longitude is invalid (Value: nil)."
"Row 16855 is invalid: Ip address has already been taken (Value: \"85.68.71.24\")."
"Row 16860 is invalid: Ip address has already been taken (Value: \"85.68.71.24\")."
"Row 16866 is invalid: Ip address has already been taken (Value: \"85.68.71.24\")."
"Row 16882 is invalid: Latitude is invalid (Value: nil).. Longitude is invalid (Value: nil)."
"Row 16886 is invalid: Latitude can't be blank (Value: nil).. Longitude can't be blank (Value: nil)."
"Row 16884 is invalid: Ip address has already been taken (Value: \"85.68.71.24\")."
"Row 16894 is invalid: Latitude is invalid (Value: nil).. Longitude is invalid (Value: nil)."
"Row 16896 is invalid: Ip address can't be blank (Value: nil)."
"Row 16904 is invalid: Latitude is invalid (Value: nil).. Longitude is invalid (Value: nil)."
"Row 16908 is invalid: Ip address can't be blank (Value: nil)."
"Row 16912 is invalid: Country code can't be blank (Value: nil).. Country can't be blank (Value: nil)."
"Row 16917 is invalid: Ip address has already been taken (Value: \"85.68.71.24\")."
"Row 16919 is invalid: Ip address has already been taken (Value: \"85.68.71.24\")."
"Row 16926 is invalid: Country code can't be blank (Value: nil).. Country can't be blank (Value: nil)."
"Row 16929 is invalid: Ip address can't be blank (Value: nil)."
"Row 16941 is invalid: Ip address can't be blank (Value: nil)."
"Row 16945 is invalid: Ip address is not a valid IPv4 address (Value: \"not your IP address\")."
"Row 16948 is invalid: Latitude is invalid (Value: nil).. Longitude is invalid (Value: nil)."
"Row 16951 is invalid: Ip address has already been taken (Value: \"85.68.71.24\")."
"Row 16960 is invalid: Country code can't be blank (Value: nil).. Country can't be blank (Value: nil)."
"Row 16970 is invalid: Ip address is not a valid IPv4 address (Value: \"not your IP address\")."
"Row 16965 is invalid: Ip address has already been taken (Value: \"85.68.71.24\")."
"Row 16976 is invalid: Ip address is not a valid IPv4 address (Value: \"not your IP address\")."
"Row 16977 is invalid: Country code can't be blank (Value: nil).. Country can't be blank (Value: nil)."
"Row 16980 is invalid: Country code can't be blank (Value: nil).. Country can't be blank (Value: nil)."
"Row 16982 is invalid: Country code can't be blank (Value: nil).. Country can't be blank (Value: nil)."
"Row 16999 is invalid: Country code can't be blank (Value: nil).. Country can't be blank (Value: nil)."
"Row 17022 is invalid: Latitude is invalid (Value: nil).. Longitude is invalid (Value: nil)."
"Row 17021 is invalid: Ip address has already been taken (Value: \"85.68.71.24\")."
"Row 17035 is invalid: Ip address has already been taken (Value: \"85.68.71.24\")."
"Row 17042 is invalid: Ip address has already been taken (Value: \"85.68.71.24\")."
"Row 17054 is invalid: Ip address is not a valid IPv4 address (Value: \"not your IP address\")."
"Row 17074 is invalid: Latitude is invalid (Value: nil).. Longitude is invalid (Value: nil)."
"Row 17075 is invalid: Ip address is not a valid IPv4 address (Value: \"not your IP address\")."
"Row 17079 is invalid: Country code can't be blank (Value: nil).. Country can't be blank (Value: nil)."
"Row 17092 is invalid: Ip address can't be blank (Value: nil)."
"Row 17110 is invalid: Ip address has already been taken (Value: \"85.68.71.24\")."
"Row 17119 is invalid: Ip address can't be blank (Value: nil)."
"Row 17121 is invalid: Latitude can't be blank (Value: nil).. Longitude can't be blank (Value: nil)."
"Row 17131 is invalid: Ip address is not a valid IPv4 address (Value: \"not your IP address\")."
"Row 17142 is invalid: Ip address can't be blank (Value: nil)."
"Row 17139 is invalid: Ip address has already been taken (Value: \"85.68.71.24\")."
"Row 17151 is invalid: Ip address has already been taken (Value: \"85.68.71.24\")."
"Row 17181 is invalid: Ip address can't be blank (Value: nil)."
"Row 17183 is invalid: Ip address has already been taken (Value: \"85.68.71.24\")."
"Row 17189 is invalid: Ip address is not a valid IPv4 address (Value: \"not your IP address\")."
"Row 17195 is invalid: Country code can't be blank (Value: nil).. Country can't be blank (Value: nil)."
"Row 17206 is invalid: Latitude is invalid (Value: nil).. Longitude is invalid (Value: nil)."
"Row 17207 is invalid: Latitude can't be blank (Value: nil).. Longitude can't be blank (Value: nil)."
"Row 17214 is invalid: Latitude can't be blank (Value: nil).. Longitude can't be blank (Value: nil)."
"Row 17216 is invalid: Ip address has already been taken (Value: \"85.68.71.24\")."
"Row 17231 is invalid: Ip address has already been taken (Value: \"85.68.71.24\")."
"Row 17237 is invalid: Country code can't be blank (Value: nil).. Country can't be blank (Value: nil)."
"Row 17238 is invalid: Ip address can't be blank (Value: nil)."
"Row 17252 is invalid: Ip address can't be blank (Value: nil)."
"Row 17258 is invalid: Latitude can't be blank (Value: nil).. Longitude can't be blank (Value: nil)."
"Row 17255 is invalid: Ip address has already been taken (Value: \"85.68.71.24\")."
"Row 17272 is invalid: Ip address has already been taken (Value: \"85.68.71.24\")."
"Row 17277 is invalid: Country code can't be blank (Value: nil).. Country can't be blank (Value: nil)."
"Row 17280 is invalid: Ip address is not a valid IPv4 address (Value: \"not your IP address\")."
"Row 17279 is invalid: Ip address has already been taken (Value: \"85.68.71.24\")."
"Row 17293 is invalid: Country code can't be blank (Value: nil).. Country can't be blank (Value: nil)."
"Row 17313 is invalid: Ip address has already been taken (Value: \"85.68.71.24\")."
"Row 17315 is invalid: Ip address has already been taken (Value: \"85.68.71.24\")."
"Row 17323 is invalid: Country code can't be blank (Value: nil).. Country can't be blank (Value: nil)."
"Row 17334 is invalid: Ip address has already been taken (Value: \"85.68.71.24\")."
"Row 17337 is invalid: Ip address has already been taken (Value: \"85.68.71.24\")."
"Row 17341 is invalid: Ip address has already been taken (Value: \"85.68.71.24\")."
"Row 17348 is invalid: Ip address can't be blank (Value: nil)."
"Row 17350 is invalid: Latitude is invalid (Value: nil).. Longitude is invalid (Value: nil)."
"Row 17362 is invalid: Ip address has already been taken (Value: \"85.68.71.24\")."
"Row 17367 is invalid: Country code can't be blank (Value: nil).. Country can't be blank (Value: nil)."
"Row 17373 is invalid: Latitude is invalid (Value: nil).. Longitude is invalid (Value: nil)."
"Row 17389 is invalid: Country code can't be blank (Value: nil).. Country can't be blank (Value: nil)."
"Row 17396 is invalid: Ip address is not a valid IPv4 address (Value: \"not your IP address\")."
"Row 17405 is invalid: Country code can't be blank (Value: nil).. Country can't be blank (Value: nil)."
"Row 17404 is invalid: Ip address has already been taken (Value: \"85.68.71.24\")."
"Row 17415 is invalid: Ip address can't be blank (Value: nil)."
"Row 17424 is invalid: Latitude is invalid (Value: nil).. Longitude is invalid (Value: nil)."
"Row 17429 is invalid: Ip address can't be blank (Value: nil)."
"Row 17441 is invalid: Ip address has already been taken (Value: \"85.68.71.24\")."
"Row 17455 is invalid: Ip address can't be blank (Value: nil)."
"Row 17454 is invalid: Ip address has already been taken (Value: \"85.68.71.24\")."
"Row 17480 is invalid: Country code can't be blank (Value: nil).. Country can't be blank (Value: nil)."
"Row 17484 is invalid: Ip address is not a valid IPv4 address (Value: \"not your IP address\")."
"Row 17490 is invalid: Latitude is invalid (Value: nil).. Longitude is invalid (Value: nil)."
"Row 17513 is invalid: Ip address has already been taken (Value: \"85.68.71.24\")."
"Row 17521 is invalid: Ip address has already been taken (Value: \"85.68.71.24\")."
"Row 17530 is invalid: Latitude is invalid (Value: nil).. Longitude is invalid (Value: nil)."
"Row 17532 is invalid: Country code can't be blank (Value: nil).. Country can't be blank (Value: nil)."
"Row 17543 is invalid: Ip address can't be blank (Value: nil)."
"Row 17544 is invalid: Ip address can't be blank (Value: nil)."
"Row 17549 is invalid: Ip address has already been taken (Value: \"85.68.71.24\")."
"Row 17551 is invalid: Country code can't be blank (Value: nil).. Country can't be blank (Value: nil)."
"Row 17571 is invalid: Latitude can't be blank (Value: nil).. Longitude can't be blank (Value: nil)."
"Row 17575 is invalid: Ip address is not a valid IPv4 address (Value: \"not your IP address\")."
"Row 17601 is invalid: Latitude is invalid (Value: nil).. Longitude is invalid (Value: nil)."
"Row 17603 is invalid: Ip address can't be blank (Value: nil)."
"Row 17597 is invalid: Ip address has already been taken (Value: \"85.68.71.24\")."
"Row 17611 is invalid: Ip address can't be blank (Value: nil)."
"Row 17620 is invalid: Ip address can't be blank (Value: nil)."
"Row 17629 is invalid: Latitude can't be blank (Value: nil).. Longitude can't be blank (Value: nil)."
"Row 17631 is invalid: Latitude can't be blank (Value: nil).. Longitude can't be blank (Value: nil)."
"Row 17632 is invalid: Latitude is invalid (Value: nil).. Longitude is invalid (Value: nil)."
"Row 17634 is invalid: Ip address is not a valid IPv4 address (Value: \"not your IP address\")."
"Row 17628 is invalid: Ip address has already been taken (Value: \"85.68.71.24\")."
"Row 17653 is invalid: Ip address has already been taken (Value: \"85.68.71.24\")."
"Row 17661 is invalid: Ip address can't be blank (Value: nil)."
"Row 17664 is invalid: Country code can't be blank (Value: nil).. Country can't be blank (Value: nil)."
"Row 17686 is invalid: Ip address has already been taken (Value: \"85.68.71.24\")."
"Row 17696 is invalid: Country code can't be blank (Value: nil).. Country can't be blank (Value: nil)."
"Row 17697 is invalid: Latitude is invalid (Value: nil).. Longitude is invalid (Value: nil)."
"Row 17701 is invalid: Country code can't be blank (Value: nil).. Country can't be blank (Value: nil)."
"Row 17713 is invalid: Ip address is not a valid IPv4 address (Value: \"not your IP address\")."
"Row 17726 is invalid: Ip address can't be blank (Value: nil)."
"Row 17727 is invalid: Ip address can't be blank (Value: nil)."
"Row 17732 is invalid: Country code can't be blank (Value: nil).. Country can't be blank (Value: nil)."
"Row 17747 is invalid: Ip address has already been taken (Value: \"85.68.71.24\")."
"Row 17754 is invalid: Country code can't be blank (Value: nil).. Country can't be blank (Value: nil)."
"Row 17755 is invalid: Ip address is not a valid IPv4 address (Value: \"not your IP address\")."
"Row 17802 is invalid: Latitude is invalid (Value: nil).. Longitude is invalid (Value: nil)."
"Row 17808 is invalid: Ip address has already been taken (Value: \"85.68.71.24\")."
"Row 17816 is invalid: Country code can't be blank (Value: nil).. Country can't be blank (Value: nil)."
"Row 17817 is invalid: Ip address can't be blank (Value: nil)."
"Row 17819 is invalid: Ip address has already been taken (Value: \"85.68.71.24\")."
"Row 17854 is invalid: Latitude is invalid (Value: nil).. Longitude is invalid (Value: nil)."
"Row 17856 is invalid: Ip address is not a valid IPv4 address (Value: \"not your IP address\")."
"Row 17855 is invalid: Ip address has already been taken (Value: \"85.68.71.24\")."
"Row 17861 is invalid: Latitude can't be blank (Value: nil).. Longitude can't be blank (Value: nil)."
"Row 17870 is invalid: Ip address can't be blank (Value: nil)."
"Row 17869 is invalid: Ip address has already been taken (Value: \"85.68.71.24\")."
"Row 17891 is invalid: Latitude is invalid (Value: nil).. Longitude is invalid (Value: nil)."
"Row 17896 is invalid: Ip address has already been taken (Value: \"85.68.71.24\")."
"Row 17904 is invalid: Ip address has already been taken (Value: \"85.68.71.24\")."
"Row 17905 is invalid: Country code can't be blank (Value: nil).. Country can't be blank (Value: nil)."
"Row 17912 is invalid: Ip address can't be blank (Value: nil)."
"Row 17917 is invalid: Ip address is not a valid IPv4 address (Value: \"not your IP address\")."
"Row 17922 is invalid: Latitude can't be blank (Value: nil).. Longitude can't be blank (Value: nil)."
"Row 17923 is invalid: Latitude is invalid (Value: nil).. Longitude is invalid (Value: nil)."
"Row 17937 is invalid: Latitude can't be blank (Value: nil).. Longitude can't be blank (Value: nil)."
"Row 17945 is invalid: Ip address is not a valid IPv4 address (Value: \"not your IP address\")."
"Row 17949 is invalid: Latitude is invalid (Value: nil).. Longitude is invalid (Value: nil)."
"Row 17953 is invalid: Latitude can't be blank (Value: nil).. Longitude can't be blank (Value: nil)."
"Row 17955 is invalid: Ip address can't be blank (Value: nil)."
"Row 17960 is invalid: Ip address has already been taken (Value: \"85.68.71.24\")."
"Row 17971 is invalid: Ip address can't be blank (Value: nil)."
"Row 17981 is invalid: Ip address is not a valid IPv4 address (Value: \"not your IP address\")."
"Row 17989 is invalid: Latitude is invalid (Value: nil).. Longitude is invalid (Value: nil)."
"Row 17996 is invalid: Ip address is not a valid IPv4 address (Value: \"not your IP address\")."
"Row 18014 is invalid: Ip address has already been taken (Value: \"85.68.71.24\")."
"Row 18018 is invalid: Ip address has already been taken (Value: \"85.68.71.24\")."
"Row 18026 is invalid: Latitude can't be blank (Value: nil).. Longitude can't be blank (Value: nil)."
"Row 18030 is invalid: Ip address can't be blank (Value: nil)."
"Row 18057 is invalid: Country code can't be blank (Value: nil).. Country can't be blank (Value: nil)."
"Row 18058 is invalid: Latitude is invalid (Value: nil).. Longitude is invalid (Value: nil)."
"Row 18061 is invalid: Ip address can't be blank (Value: nil)."
"Row 18067 is invalid: Latitude is invalid (Value: nil).. Longitude is invalid (Value: nil)."
"Row 18076 is invalid: Latitude is invalid (Value: nil).. Longitude is invalid (Value: nil)."
"Row 18075 is invalid: Ip address can't be blank (Value: nil)."
"Row 18083 is invalid: Country code can't be blank (Value: nil).. Country can't be blank (Value: nil)."
"Row 18082 is invalid: Ip address has already been taken (Value: \"85.68.71.24\")."
"Row 18127 is invalid: Ip address has already been taken (Value: \"85.68.71.24\")."
"Row 18131 is invalid: Ip address has already been taken (Value: \"85.68.71.24\")."
"Row 18136 is invalid: Ip address has already been taken (Value: \"85.68.71.24\")."
"Row 18141 is invalid: Ip address can't be blank (Value: nil)."
"Row 18147 is invalid: Ip address has already been taken (Value: \"85.68.71.24\")."
"Row 18152 is invalid: Ip address has already been taken (Value: \"85.68.71.24\")."
"Row 18158 is invalid: Ip address is not a valid IPv4 address (Value: \"not your IP address\")."
"Row 18160 is invalid: Ip address has already been taken (Value: \"85.68.71.24\")."
"Row 18179 is invalid: Ip address is not a valid IPv4 address (Value: \"not your IP address\")."
"Row 18180 is invalid: Country code can't be blank (Value: nil).. Country can't be blank (Value: nil)."
"Row 18185 is invalid: Latitude is invalid (Value: nil).. Longitude is invalid (Value: nil)."
"Row 18186 is invalid: Country code can't be blank (Value: nil).. Country can't be blank (Value: nil)."
"Row 18188 is invalid: Latitude is invalid (Value: nil).. Longitude is invalid (Value: nil)."
"Row 18192 is invalid: Latitude can't be blank (Value: nil).. Longitude can't be blank (Value: nil)."
"Row 18193 is invalid: Latitude is invalid (Value: nil).. Longitude is invalid (Value: nil)."
"Row 18199 is invalid: Country code can't be blank (Value: nil).. Country can't be blank (Value: nil)."
"Row 18202 is invalid: Ip address is not a valid IPv4 address (Value: \"not your IP address\")."
"Row 18207 is invalid: Ip address is not a valid IPv4 address (Value: \"not your IP address\")."
"Row 18206 is invalid: Ip address has already been taken (Value: \"85.68.71.24\")."
"Row 18220 is invalid: Country code can't be blank (Value: nil).. Country can't be blank (Value: nil)."
"Row 18227 is invalid: Ip address has already been taken (Value: \"85.68.71.24\")."
"Row 18233 is invalid: Latitude is invalid (Value: nil).. Longitude is invalid (Value: nil)."
"Row 18235 is invalid: Ip address is not a valid IPv4 address (Value: \"not your IP address\")."
"Row 18244 is invalid: Latitude can't be blank (Value: nil).. Longitude can't be blank (Value: nil)."
"Row 18249 is invalid: Latitude can't be blank (Value: nil).. Longitude can't be blank (Value: nil)."
"Row 18256 is invalid: Ip address has already been taken (Value: \"85.68.71.24\")."
"Row 18265 is invalid: Country code can't be blank (Value: nil).. Country can't be blank (Value: nil)."
"Row 18267 is invalid: Ip address can't be blank (Value: nil)."
"Row 18271 is invalid: Latitude is invalid (Value: nil).. Longitude is invalid (Value: nil)."
"Row 18291 is invalid: Latitude can't be blank (Value: nil).. Longitude can't be blank (Value: nil)."
"Row 18292 is invalid: Ip address can't be blank (Value: nil)."
"Row 18296 is invalid: Ip address is not a valid IPv4 address (Value: \"not your IP address\")."
"Row 18298 is invalid: Ip address can't be blank (Value: nil)."
"Row 18307 is invalid: Latitude is invalid (Value: nil).. Longitude is invalid (Value: nil)."
"Row 18310 is invalid: Ip address can't be blank (Value: nil)."
"Row 18313 is invalid: Country code can't be blank (Value: nil).. Country can't be blank (Value: nil)."
"Row 18318 is invalid: Latitude is invalid (Value: nil).. Longitude is invalid (Value: nil)."
"Row 18315 is invalid: Ip address has already been taken (Value: \"85.68.71.24\")."
"Row 18323 is invalid: Ip address has already been taken (Value: \"85.68.71.24\")."
"Row 18340 is invalid: Ip address has already been taken (Value: \"85.68.71.24\")."
"Row 18362 is invalid: Ip address has already been taken (Value: \"85.68.71.24\")."
"Row 18386 is invalid: Ip address is not a valid IPv4 address (Value: \"not your IP address\")."
"Row 18393 is invalid: Ip address has already been taken (Value: \"85.68.71.24\")."
"Row 18400 is invalid: Country code can't be blank (Value: nil).. Country can't be blank (Value: nil)."
"Row 18397 is invalid: Ip address has already been taken (Value: \"85.68.71.24\")."
"Row 18420 is invalid: Country code can't be blank (Value: nil).. Country can't be blank (Value: nil)."
"Row 18424 is invalid: Ip address is not a valid IPv4 address (Value: \"not your IP address\")."
"Row 18421 is invalid: Ip address has already been taken (Value: \"85.68.71.24\")."
"Row 18429 is invalid: Country code can't be blank (Value: nil).. Country can't be blank (Value: nil)."
"Row 18442 is invalid: Ip address is not a valid IPv4 address (Value: \"not your IP address\")."
"Row 18439 is invalid: Ip address has already been taken (Value: \"85.68.71.24\")."
"Row 18444 is invalid: Country code can't be blank (Value: nil).. Country can't be blank (Value: nil)."
"Row 18447 is invalid: Latitude is invalid (Value: nil).. Longitude is invalid (Value: nil)."
"Row 18445 is invalid: Ip address has already been taken (Value: \"85.68.71.24\")."
"Row 18454 is invalid: Ip address can't be blank (Value: nil)."
"Row 18459 is invalid: Ip address can't be blank (Value: nil)."
"Row 18464 is invalid: Ip address can't be blank (Value: nil)."
"Row 18461 is invalid: Ip address has already been taken (Value: \"85.68.71.24\")."
"Row 18463 is invalid: Ip address has already been taken (Value: \"85.68.71.24\")."
"Row 18469 is invalid: Country code can't be blank (Value: nil).. Country can't be blank (Value: nil)."
"Row 18486 is invalid: Latitude can't be blank (Value: nil).. Longitude can't be blank (Value: nil)."
"Row 18493 is invalid: Ip address can't be blank (Value: nil)."
"Row 18499 is invalid: Country code can't be blank (Value: nil).. Country can't be blank (Value: nil)."
"Row 18502 is invalid: Ip address can't be blank (Value: nil)."
"Row 18506 is invalid: Ip address has already been taken (Value: \"85.68.71.24\")."
"Row 18510 is invalid: Latitude is invalid (Value: nil).. Longitude is invalid (Value: nil)."
"Row 18516 is invalid: Latitude can't be blank (Value: nil).. Longitude can't be blank (Value: nil)."
"Row 18530 is invalid: Ip address is not a valid IPv4 address (Value: \"not your IP address\")."
"Row 18536 is invalid: Country code can't be blank (Value: nil).. Country can't be blank (Value: nil)."
"Row 18547 is invalid: Ip address can't be blank (Value: nil)."
"Row 18551 is invalid: Ip address is not a valid IPv4 address (Value: \"not your IP address\")."
"Row 18552 is invalid: Ip address is not a valid IPv4 address (Value: \"not your IP address\")."
"Row 18549 is invalid: Ip address has already been taken (Value: \"85.68.71.24\")."
"Row 18556 is invalid: Ip address has already been taken (Value: \"85.68.71.24\")."
"Row 18561 is invalid: Latitude is invalid (Value: nil).. Longitude is invalid (Value: nil)."
"Row 18566 is invalid: Ip address can't be blank (Value: nil)."
"Row 18567 is invalid: Ip address can't be blank (Value: nil)."
"Row 18568 is invalid: Ip address is not a valid IPv4 address (Value: \"not your IP address\")."
"Row 18576 is invalid: Ip address can't be blank (Value: nil)."
"Row 18603 is invalid: Ip address can't be blank (Value: nil)."
"Row 18610 is invalid: Latitude is invalid (Value: nil).. Longitude is invalid (Value: nil)."
"Row 18612 is invalid: Ip address has already been taken (Value: \"85.68.71.24\")."
"Row 18622 is invalid: Latitude can't be blank (Value: nil).. Longitude can't be blank (Value: nil)."
"Row 18667 is invalid: Ip address has already been taken (Value: \"85.68.71.24\")."
"Row 18710 is invalid: Latitude is invalid (Value: nil).. Longitude is invalid (Value: nil)."
"Row 18715 is invalid: Ip address has already been taken (Value: \"85.68.71.24\")."
"Row 18724 is invalid: Ip address has already been taken (Value: \"85.68.71.24\")."
"Row 18727 is invalid: Latitude is invalid (Value: nil).. Longitude is invalid (Value: nil)."
"Row 18725 is invalid: Ip address has already been taken (Value: \"85.68.71.24\")."
"Row 18730 is invalid: Ip address has already been taken (Value: \"85.68.71.24\")."
"Row 18744 is invalid: Ip address is not a valid IPv4 address (Value: \"not your IP address\")."
"Row 18745 is invalid: Ip address has already been taken (Value: \"85.68.71.24\")."
"Row 18758 is invalid: Ip address can't be blank (Value: nil)."
"Row 18757 is invalid: Country code can't be blank (Value: nil).. Country can't be blank (Value: nil)."
"Row 18761 is invalid: Latitude is invalid (Value: nil).. Longitude is invalid (Value: nil)."
"Row 18782 is invalid: Ip address is not a valid IPv4 address (Value: \"not your IP address\")."
"Row 18793 is invalid: Latitude is invalid (Value: nil).. Longitude is invalid (Value: nil)."
"Row 18798 is invalid: Ip address is not a valid IPv4 address (Value: \"not your IP address\")."
"Row 18804 is invalid: Ip address has already been taken (Value: \"85.68.71.24\")."
"Row 18806 is invalid: Ip address has already been taken (Value: \"85.68.71.24\")."
"Row 18814 is invalid: Latitude can't be blank (Value: nil).. Longitude can't be blank (Value: nil)."
"Row 18816 is invalid: Ip address has already been taken (Value: \"85.68.71.24\")."
"Row 18831 is invalid: Ip address can't be blank (Value: nil)."
"Row 18830 is invalid: Ip address has already been taken (Value: \"85.68.71.24\")."
"Row 18839 is invalid: Ip address has already been taken (Value: \"85.68.71.24\")."
"Row 18848 is invalid: Ip address has already been taken (Value: \"85.68.71.24\")."
"Row 18851 is invalid: Ip address has already been taken (Value: \"85.68.71.24\")."
"Row 18863 is invalid: Ip address has already been taken (Value: \"85.68.71.24\")."
"Row 18889 is invalid: Ip address has already been taken (Value: \"85.68.71.24\")."
"Row 18906 is invalid: Ip address is not a valid IPv4 address (Value: \"not your IP address\")."
"Row 18907 is invalid: Ip address can't be blank (Value: nil)."
"Row 18908 is invalid: Latitude can't be blank (Value: nil).. Longitude can't be blank (Value: nil)."
"Row 18911 is invalid: Latitude can't be blank (Value: nil).. Longitude can't be blank (Value: nil)."
"Row 18918 is invalid: Ip address is not a valid IPv4 address (Value: \"not your IP address\")."
"Row 18920 is invalid: Country code can't be blank (Value: nil).. Country can't be blank (Value: nil)."
"Row 18922 is invalid: Latitude can't be blank (Value: nil).. Longitude can't be blank (Value: nil)."
"Row 18928 is invalid: Ip address has already been taken (Value: \"85.68.71.24\")."
"Row 18934 is invalid: Country code can't be blank (Value: nil).. Country can't be blank (Value: nil)."
"Row 18937 is invalid: Ip address has already been taken (Value: \"85.68.71.24\")."
"Row 18955 is invalid: Ip address has already been taken (Value: \"85.68.71.24\")."
"Row 18961 is invalid: Ip address can't be blank (Value: nil)."
"Row 18965 is invalid: Latitude is invalid (Value: nil).. Longitude is invalid (Value: nil)."
"Row 18979 is invalid: Ip address has already been taken (Value: \"85.68.71.24\")."
"Row 18983 is invalid: Ip address is not a valid IPv4 address (Value: \"not your IP address\")."
"Row 18993 is invalid: Country code can't be blank (Value: nil).. Country can't be blank (Value: nil)."
"Row 19015 is invalid: Latitude is invalid (Value: nil).. Longitude is invalid (Value: nil)."
"Row 19010 is invalid: Ip address has already been taken (Value: \"85.68.71.24\")."
"Row 19018 is invalid: Ip address has already been taken (Value: \"85.68.71.24\")."
"Row 19026 is invalid: Ip address has already been taken (Value: \"85.68.71.24\")."
"Row 19040 is invalid: Latitude can't be blank (Value: nil).. Longitude can't be blank (Value: nil)."
"Row 19045 is invalid: Latitude is invalid (Value: nil).. Longitude is invalid (Value: nil)."
"Row 19054 is invalid: Latitude is invalid (Value: nil).. Longitude is invalid (Value: nil)."
"Row 19060 is invalid: Ip address is not a valid IPv4 address (Value: \"not your IP address\")."
"Row 19080 is invalid: Latitude can't be blank (Value: nil).. Longitude can't be blank (Value: nil)."
"Row 19082 is invalid: Latitude can't be blank (Value: nil).. Longitude can't be blank (Value: nil)."
"Row 19084 is invalid: Country code can't be blank (Value: nil).. Country can't be blank (Value: nil)."
"Row 19087 is invalid: Ip address has already been taken (Value: \"85.68.71.24\")."
"Row 19097 is invalid: Ip address has already been taken (Value: \"85.68.71.24\")."
"Row 19102 is invalid: Latitude can't be blank (Value: nil).. Longitude can't be blank (Value: nil)."
"Row 19118 is invalid: Latitude can't be blank (Value: nil).. Longitude can't be blank (Value: nil)."
"Row 19113 is invalid: Ip address has already been taken (Value: \"85.68.71.24\")."
"Row 19122 is invalid: Country code can't be blank (Value: nil).. Country can't be blank (Value: nil)."
"Row 19129 is invalid: Ip address is not a valid IPv4 address (Value: \"not your IP address\")."
"Row 19131 is invalid: Country code can't be blank (Value: nil).. Country can't be blank (Value: nil)."
"Row 19136 is invalid: Latitude can't be blank (Value: nil).. Longitude can't be blank (Value: nil)."
"Row 19139 is invalid: Ip address is not a valid IPv4 address (Value: \"not your IP address\")."
"Row 19140 is invalid: Ip address has already been taken (Value: \"85.68.71.24\")."
"Row 19147 is invalid: Latitude can't be blank (Value: nil).. Longitude can't be blank (Value: nil)."
"Row 19156 is invalid: Latitude can't be blank (Value: nil).. Longitude can't be blank (Value: nil)."
"Row 19165 is invalid: Ip address has already been taken (Value: \"85.68.71.24\")."
"Row 19175 is invalid: Ip address has already been taken (Value: \"85.68.71.24\")."
"Row 19180 is invalid: Ip address can't be blank (Value: nil)."
"Row 19192 is invalid: Ip address can't be blank (Value: nil)."
"Row 19193 is invalid: Latitude is invalid (Value: nil).. Longitude is invalid (Value: nil)."
"Row 19220 is invalid: Latitude is invalid (Value: nil).. Longitude is invalid (Value: nil)."
"Row 19217 is invalid: Ip address has already been taken (Value: \"85.68.71.24\")."
"Row 19238 is invalid: Ip address can't be blank (Value: nil)."
"Row 19240 is invalid: Ip address has already been taken (Value: \"85.68.71.24\")."
"Row 19246 is invalid: Ip address can't be blank (Value: nil)."
"Row 19247 is invalid: Latitude can't be blank (Value: nil).. Longitude can't be blank (Value: nil)."
"Row 19243 is invalid: Ip address has already been taken (Value: \"85.68.71.24\")."
"Row 19251 is invalid: Ip address is not a valid IPv4 address (Value: \"not your IP address\")."
"Row 19244 is invalid: Ip address has already been taken (Value: \"85.68.71.24\")."
"Row 19267 is invalid: Ip address has already been taken (Value: \"85.68.71.24\")."
"Row 19275 is invalid: Ip address is not a valid IPv4 address (Value: \"not your IP address\")."
"Row 19297 is invalid: Latitude can't be blank (Value: nil).. Longitude can't be blank (Value: nil)."
"Row 19292 is invalid: Ip address has already been taken (Value: \"85.68.71.24\")."
"Row 19314 is invalid: Ip address has already been taken (Value: \"85.68.71.24\")."
"Row 19319 is invalid: Ip address can't be blank (Value: nil)."
"Row 19320 is invalid: Ip address has already been taken (Value: \"85.68.71.24\")."
"Row 19328 is invalid: Country code can't be blank (Value: nil).. Country can't be blank (Value: nil)."
"Row 19334 is invalid: Latitude is invalid (Value: nil).. Longitude is invalid (Value: nil)."
"Row 19335 is invalid: Ip address is not a valid IPv4 address (Value: \"not your IP address\")."
"Row 19340 is invalid: Ip address has already been taken (Value: \"85.68.71.24\")."
"Row 19359 is invalid: Ip address has already been taken (Value: \"85.68.71.24\")."
"Row 19364 is invalid: Ip address has already been taken (Value: \"85.68.71.24\")."
"Row 19385 is invalid: Ip address has already been taken (Value: \"85.68.71.24\")."
"Row 19389 is invalid: Ip address has already been taken (Value: \"85.68.71.24\")."
"Row 19409 is invalid: Latitude can't be blank (Value: nil).. Longitude can't be blank (Value: nil)."
"Row 19407 is invalid: Ip address has already been taken (Value: \"85.68.71.24\")."
"Row 19412 is invalid: Ip address has already been taken (Value: \"85.68.71.24\")."
"Row 19423 is invalid: Latitude can't be blank (Value: nil).. Longitude can't be blank (Value: nil)."
"Row 19428 is invalid: Country code can't be blank (Value: nil).. Country can't be blank (Value: nil)."
"Row 19439 is invalid: Country code can't be blank (Value: nil).. Country can't be blank (Value: nil)."
"Row 19466 is invalid: Country code can't be blank (Value: nil).. Country can't be blank (Value: nil)."
"Row 19470 is invalid: Latitude can't be blank (Value: nil).. Longitude can't be blank (Value: nil)."
"Row 19471 is invalid: Ip address has already been taken (Value: \"85.68.71.24\")."
"Row 19484 is invalid: Ip address can't be blank (Value: nil)."
"Row 19489 is invalid: Ip address has already been taken (Value: \"85.68.71.24\")."
"Row 19486 is invalid: Ip address has already been taken (Value: \"85.68.71.24\")."
"Row 19493 is invalid: Ip address is not a valid IPv4 address (Value: \"not your IP address\")."
"Row 19491 is invalid: Ip address has already been taken (Value: \"85.68.71.24\")."
"Row 19497 is invalid: Ip address is not a valid IPv4 address (Value: \"not your IP address\")."
"Row 19500 is invalid: Ip address can't be blank (Value: nil)."
"Row 19499 is invalid: Ip address has already been taken (Value: \"85.68.71.24\")."
"Row 19511 is invalid: Latitude is invalid (Value: nil).. Longitude is invalid (Value: nil)."
"Row 19519 is invalid: Ip address is not a valid IPv4 address (Value: \"not your IP address\")."
"Row 19521 is invalid: Latitude is invalid (Value: nil).. Longitude is invalid (Value: nil)."
"Row 19525 is invalid: Ip address has already been taken (Value: \"85.68.71.24\")."
"Row 19531 is invalid: Ip address can't be blank (Value: nil)."
"Row 19528 is invalid: Ip address has already been taken (Value: \"85.68.71.24\")."
"Row 19533 is invalid: Country code can't be blank (Value: nil).. Country can't be blank (Value: nil)."
"Row 19543 is invalid: Country code can't be blank (Value: nil).. Country can't be blank (Value: nil)."
"Row 19545 is invalid: Ip address can't be blank (Value: nil)."
"Row 19552 is invalid: Country code can't be blank (Value: nil).. Country can't be blank (Value: nil)."
"Row 19561 is invalid: Ip address has already been taken (Value: \"85.68.71.24\")."
"Row 19575 is invalid: Latitude can't be blank (Value: nil).. Longitude can't be blank (Value: nil)."
"Row 19571 is invalid: Ip address has already been taken (Value: \"85.68.71.24\")."
"Row 19585 is invalid: Ip address has already been taken (Value: \"85.68.71.24\")."
"Row 19595 is invalid: Latitude is invalid (Value: nil).. Longitude is invalid (Value: nil)."
"Row 19602 is invalid: Ip address can't be blank (Value: nil)."
"Row 19609 is invalid: Latitude can't be blank (Value: nil).. Longitude can't be blank (Value: nil)."
"Row 19615 is invalid: Country code can't be blank (Value: nil).. Country can't be blank (Value: nil)."
"Row 19629 is invalid: Ip address is not a valid IPv4 address (Value: \"not your IP address\")."
"Row 19631 is invalid: Latitude can't be blank (Value: nil).. Longitude can't be blank (Value: nil)."
"Row 19633 is invalid: Ip address has already been taken (Value: \"85.68.71.24\")."
"Row 19649 is invalid: Ip address can't be blank (Value: nil)."
"Row 19656 is invalid: Latitude can't be blank (Value: nil).. Longitude can't be blank (Value: nil)."
"Row 19659 is invalid: Ip address has already been taken (Value: \"85.68.71.24\")."
"Row 19664 is invalid: Country code can't be blank (Value: nil).. Country can't be blank (Value: nil)."
"Row 19665 is invalid: Ip address has already been taken (Value: \"85.68.71.24\")."
"Row 19670 is invalid: Latitude is invalid (Value: nil).. Longitude is invalid (Value: nil)."
"Row 19668 is invalid: Ip address has already been taken (Value: \"85.68.71.24\")."
"Row 19672 is invalid: Ip address has already been taken (Value: \"85.68.71.24\")."
"Row 19674 is invalid: Ip address has already been taken (Value: \"85.68.71.24\")."
"Row 19690 is invalid: Ip address has already been taken (Value: \"85.68.71.24\")."
"Row 19700 is invalid: Ip address has already been taken (Value: \"85.68.71.24\")."
"Row 19717 is invalid: Country code can't be blank (Value: nil).. Country can't be blank (Value: nil)."
"Row 19744 is invalid: Ip address is not a valid IPv4 address (Value: \"not your IP address\")."
"Row 19745 is invalid: Latitude is invalid (Value: nil).. Longitude is invalid (Value: nil)."
"Row 19753 is invalid: Country code can't be blank (Value: nil).. Country can't be blank (Value: nil)."
"Row 19757 is invalid: Ip address is not a valid IPv4 address (Value: \"not your IP address\")."
"Row 19758 is invalid: Ip address has already been taken (Value: \"85.68.71.24\")."
"Row 19769 is invalid: Ip address has already been taken (Value: \"85.68.71.24\")."
"Row 19767 is invalid: Ip address has already been taken (Value: \"85.68.71.24\")."
"Row 19774 is invalid: Ip address is not a valid IPv4 address (Value: \"not your IP address\")."
"Row 19809 is invalid: Ip address has already been taken (Value: \"85.68.71.24\")."
"Row 19815 is invalid: Ip address has already been taken (Value: \"85.68.71.24\")."
"Row 19822 is invalid: Ip address is not a valid IPv4 address (Value: \"not your IP address\")."
"Row 19830 is invalid: Latitude can't be blank (Value: nil).. Longitude can't be blank (Value: nil)."
"Row 19833 is invalid: Latitude is invalid (Value: nil).. Longitude is invalid (Value: nil)."
"Row 19845 is invalid: Ip address has already been taken (Value: \"85.68.71.24\")."
"Row 19856 is invalid: Country code can't be blank (Value: nil).. Country can't be blank (Value: nil)."
"Row 19866 is invalid: Ip address has already been taken (Value: \"85.68.71.24\")."
"Row 19873 is invalid: Ip address is not a valid IPv4 address (Value: \"not your IP address\")."
"Row 19885 is invalid: Ip address has already been taken (Value: \"85.68.71.24\")."
"Row 19907 is invalid: Ip address can't be blank (Value: nil)."
"Row 19906 is invalid: Ip address has already been taken (Value: \"85.68.71.24\")."
"Row 19940 is invalid: Ip address can't be blank (Value: nil)."
"Row 19953 is invalid: Country code can't be blank (Value: nil).. Country can't be blank (Value: nil)."
"Row 19955 is invalid: Ip address has already been taken (Value: \"85.68.71.24\")."
"Row 19964 is invalid: Ip address has already been taken (Value: \"85.68.71.24\")."
"Row 19972 is invalid: Ip address is not a valid IPv4 address (Value: \"not your IP address\")."
"Row 19977 is invalid: Latitude can't be blank (Value: nil).. Longitude can't be blank (Value: nil)."
"Row 19980 is invalid: Latitude can't be blank (Value: nil).. Longitude can't be blank (Value: nil)."
"Row 19992 is invalid: Latitude is invalid (Value: nil).. Longitude is invalid (Value: nil)."
"Row 19993 is invalid: Ip address has already been taken (Value: \"85.68.71.24\")."
